<html>
<body>
<pre>
<h1>µVision Build Log</h1>
<h2>Tool Versions:</h2>
IDE-Version: ¦ÌVision V5.35.0.0
Copyright (C) 2021 ARM Ltd and ARM Germany GmbH. All rights reserved.
License Information: 255211082@qq.com,  , LIC=ZB4EI-TDP4P-GK0BG-VNG2K-3TT5H-XC387
 
Tool Versions:
Toolchain:       MDK-ARM Plus  Version: 5.35.0.2
Toolchain Path:  D:\Keil_v5\ARM\ARMCC\Bin
C Compiler:      Armcc.exe V5.06 update 7 (build 960)
Assembler:       Armasm.exe V5.06 update 7 (build 960)
Linker/Locator:  ArmLink.exe V5.06 update 7 (build 960)
Library Manager: ArmAr.exe V5.06 update 7 (build 960)
Hex Converter:   FromElf.exe V5.06 update 7 (build 960)
CPU DLL:         SARMCM3.DLL V5.35.0.2
Dialog DLL:      DCM.DLL V1.17.3.0
Target DLL:      CMSIS_AGDI.dll V1.33.0.0
Dialog DLL:      TCM.DLL V1.53.0.0
 
<h2>Project:</h2>
G:\0pathfinder\00pathfinder_code\GD32F450\MDK_ARM\pathfinder.uvprojx
Project File Date:  09/25/2022

<h2>Output:</h2>
*** Using Compiler 'V5.06 update 7 (build 960)', folder: 'D:\Keil_v5\ARM\ARMCC\Bin'
Build target 'GD32F450VGT6'
compiling main.cpp...
compiling TASK_MOTOR.cpp...
compiling TASK_MPU.cpp...
compiling TASK_HCI.cpp...
compiling TASK_GYZ.cpp...
compiling OS_TIMER.cpp...
compiling BSP_F450.cpp...
compiling IO_F450.cpp...
compiling ADC_F450.cpp...
compiling gd32f4xx_it.c...
compiling TIM_F450.cpp...
compiling UART_F450.cpp...
assembling startup_gd32f450.s...
compiling systick.c...
compiling OS.cpp...
compiling system_gd32f4xx.c...
compiling gd32f4xx_adc.c...
compiling gd32f4xx_crc.c...
compiling gd32f4xx_can.c...
compiling gd32f4xx_ctc.c...
compiling gd32f4xx_dac.c...
compiling gd32f4xx_dbg.c...
compiling gd32f4xx_dci.c...
compiling gd32f4xx_dma.c...
compiling gd32f4xx_exti.c...
compiling gd32f4xx_enet.c...
compiling gd32f4xx_fmc.c...
compiling gd32f4xx_exmc.c...
compiling gd32f4xx_gpio.c...
compiling gd32f4xx_fwdgt.c...
compiling gd32f4xx_i2c.c...
compiling gd32f4xx_ipa.c...
compiling gd32f4xx_misc.c...
compiling gd32f4xx_iref.c...
compiling gd32f4xx_pmu.c...
compiling gd32f4xx_rcu.c...
compiling gd32f4xx_syscfg.c...
compiling gd32f4xx_sdio.c...
compiling gd32f4xx_spi.c...
compiling gd32f4xx_rtc.c...
compiling gd32f4xx_trng.c...
compiling gd32f4xx_tli.c...
compiling gd32f4xx_usart.c...
compiling gd32f4xx_timer.c...
compiling DataScope_DP.C...
assembling context_rvds.S...
compiling board.c...
compiling cpuport.c...
compiling clock.c...
compiling components.c...
compiling idle.c...
compiling irq.c...
compiling ipc.c...
compiling gd32f4xx_wwdgt.c...
compiling mem.c...
compiling mempool.c...
compiling kservice.c...
compiling object.c...
compiling scheduler.c...
compiling thread.c...
compiling timer.c...
linking...
Program Size: Code=28878 RO-data=3154 RW-data=4184 ZI-data=24472  
FromELF: creating hex file...
".\Objects\pathfinder.axf" - 0 Error(s), 0 Warning(s).

<h2>Software Packages used:</h2>

Package Vendor: ARM
                http://www.keil.com/pack/ARM.CMSIS.5.8.0.pack
                ARM.CMSIS.5.8.0
                CMSIS (Common Microcontroller Software Interface Standard)
   * Component: CORE Version: 5.5.0

Package Vendor: GigaDevice
                https://gd32mcu.com/data/documents/pack/GigaDevice.GD32F4xx_DFP.3.0.3.pack
                GigaDevice.GD32F4xx_DFP.3.0.3
                GigaDevice GD32F4xx Series Device Support and Examples

Package Vendor: RealThread
                https://www.rt-thread.org/download/mdk/RealThread.RT-Thread.3.1.5.pack
                RealThread.RT-Thread.3.1.5
                RT-Thread Software Components
   * Component: kernel Version: 3.1.5

<h2>Collection of Component include folders:</h2>
  .\RTE\RTOS
  .\RTE\_GD32F450VGT6
  D:\Keilv5_Packs\ARM\CMSIS\5.8.0\CMSIS\Core\Include
  D:\Keilv5_Packs\GigaDevice\GD32F4xx_DFP\3.0.3\Device\F4XX\Include
  D:\Keilv5_Packs\RealThread\RT-Thread\3.1.5\include

<h2>Collection of Component Files used:</h2>

   * Component: ARM::CMSIS:CORE:5.5.0

   * Component: RealThread.RT-Thread::RTOS:kernel:3.1.5
      Source file:   src\kservice.c
      Source file:   src\scheduler.c
      Source file:   bsp\_template\board.c
      Include file:  bsp\_template\rtconfig.h
      Source file:   src\components.c
      Source file:   src\clock.c
      Source file:   src\idle.c
      Source file:   src\ipc.c
      Source file:   src\irq.c
      Source file:   src\mem.c
      Source file:   src\mempool.c
      Source file:   src\thread.c
      Source file:   src\object.c
      Source file:   src\timer.c
      Source file:   libcpu\arm\cortex-m4\context_rvds.S
      Source file:   libcpu\arm\cortex-m4\cpuport.c
Build Time Elapsed:  00:00:11
</pre>
</body>
</html>
