<!doctype html public "-//w3c//dtd html 4.0 transitional//en">
<html><head>
<title>Static Call Graph - [.\Objects\pathfinder.axf]</title></head>
<body><HR>
<H1>Static Call Graph for image .\Objects\pathfinder.axf</H1><HR>
<BR><P>#&#060CALLGRAPH&#062# ARM Linker, 5060960: Last Updated: Sun Sep 25 14:17:42 2022
<BR><P>
<H3>Maximum Stack Usage =        280 bytes + Unknown(Cycles, Untraceable Function Pointers)</H3><H3>
Call chain for Maximum Stack Depth:</H3>
TASK_HCI::HCI_FUN(void*) &rArr; show_const() &rArr; OLED_ShowString(unsigned char, unsigned char, unsigned char*, unsigned char) &rArr; OLED_ShowChar(unsigned char, unsigned char, unsigned char, unsigned char) &rArr; OLED_Set_Pos(unsigned char, unsigned char) &rArr; OLED_WR_Byte(unsigned, unsigned) &rArr; Write_IIC_Command(unsigned char) &rArr; Write_IIC_Byte(unsigned char)
<P>
<H3>
Mutually Recursive functions
</H3> <LI><a href="#[2b]">ADC_IRQHandler</a>&nbsp;&nbsp;&nbsp;&rArr;&nbsp;&nbsp;&nbsp;<a href="#[2b]">ADC_IRQHandler</a><BR>
</UL>
<P>
<H3>
Function Pointers
</H3><UL>
 <LI><a href="#[2b]">ADC_IRQHandler</a> from startup_gd32f450.o(.text) referenced from startup_gd32f450.o(RESET)
 <LI><a href="#[13]">BusFault_Handler</a> from gd32f4xx_it.o(i.BusFault_Handler) referenced from startup_gd32f450.o(RESET)
 <LI><a href="#[2f]">CAN0_EWMC_IRQHandler</a> from startup_gd32f450.o(.text) referenced from startup_gd32f450.o(RESET)
 <LI><a href="#[2d]">CAN0_RX0_IRQHandler</a> from startup_gd32f450.o(.text) referenced from startup_gd32f450.o(RESET)
 <LI><a href="#[2e]">CAN0_RX1_IRQHandler</a> from startup_gd32f450.o(.text) referenced from startup_gd32f450.o(RESET)
 <LI><a href="#[2c]">CAN0_TX_IRQHandler</a> from startup_gd32f450.o(.text) referenced from startup_gd32f450.o(RESET)
 <LI><a href="#[5b]">CAN1_EWMC_IRQHandler</a> from startup_gd32f450.o(.text) referenced from startup_gd32f450.o(RESET)
 <LI><a href="#[59]">CAN1_RX0_IRQHandler</a> from startup_gd32f450.o(.text) referenced from startup_gd32f450.o(RESET)
 <LI><a href="#[5a]">CAN1_RX1_IRQHandler</a> from startup_gd32f450.o(.text) referenced from startup_gd32f450.o(RESET)
 <LI><a href="#[58]">CAN1_TX_IRQHandler</a> from startup_gd32f450.o(.text) referenced from startup_gd32f450.o(RESET)
 <LI><a href="#[67]">DCI_IRQHandler</a> from startup_gd32f450.o(.text) referenced from startup_gd32f450.o(RESET)
 <LI><a href="#[24]">DMA0_Channel0_IRQHandler</a> from startup_gd32f450.o(.text) referenced from startup_gd32f450.o(RESET)
 <LI><a href="#[25]">DMA0_Channel1_IRQHandler</a> from gd32f4xx_it.o(i.DMA0_Channel1_IRQHandler) referenced from startup_gd32f450.o(RESET)
 <LI><a href="#[26]">DMA0_Channel2_IRQHandler</a> from startup_gd32f450.o(.text) referenced from startup_gd32f450.o(RESET)
 <LI><a href="#[27]">DMA0_Channel3_IRQHandler</a> from gd32f4xx_it.o(i.DMA0_Channel3_IRQHandler) referenced from startup_gd32f450.o(RESET)
 <LI><a href="#[28]">DMA0_Channel4_IRQHandler</a> from startup_gd32f450.o(.text) referenced from startup_gd32f450.o(RESET)
 <LI><a href="#[29]">DMA0_Channel5_IRQHandler</a> from gd32f4xx_it.o(i.DMA0_Channel5_IRQHandler) referenced from startup_gd32f450.o(RESET)
 <LI><a href="#[2a]">DMA0_Channel6_IRQHandler</a> from gd32f4xx_it.o(i.DMA0_Channel6_IRQHandler) referenced from startup_gd32f450.o(RESET)
 <LI><a href="#[48]">DMA0_Channel7_IRQHandler</a> from startup_gd32f450.o(.text) referenced from startup_gd32f450.o(RESET)
 <LI><a href="#[51]">DMA1_Channel0_IRQHandler</a> from startup_gd32f450.o(.text) referenced from startup_gd32f450.o(RESET)
 <LI><a href="#[52]">DMA1_Channel1_IRQHandler</a> from startup_gd32f450.o(.text) referenced from startup_gd32f450.o(RESET)
 <LI><a href="#[53]">DMA1_Channel2_IRQHandler</a> from gd32f4xx_it.o(i.DMA1_Channel2_IRQHandler) referenced from startup_gd32f450.o(RESET)
 <LI><a href="#[54]">DMA1_Channel3_IRQHandler</a> from startup_gd32f450.o(.text) referenced from startup_gd32f450.o(RESET)
 <LI><a href="#[55]">DMA1_Channel4_IRQHandler</a> from startup_gd32f450.o(.text) referenced from startup_gd32f450.o(RESET)
 <LI><a href="#[5d]">DMA1_Channel5_IRQHandler</a> from startup_gd32f450.o(.text) referenced from startup_gd32f450.o(RESET)
 <LI><a href="#[5e]">DMA1_Channel6_IRQHandler</a> from startup_gd32f450.o(.text) referenced from startup_gd32f450.o(RESET)
 <LI><a href="#[5f]">DMA1_Channel7_IRQHandler</a> from gd32f4xx_it.o(i.DMA1_Channel7_IRQHandler) referenced from startup_gd32f450.o(RESET)
 <LI><a href="#[16]">DebugMon_Handler</a> from gd32f4xx_it.o(i.DebugMon_Handler) referenced from startup_gd32f450.o(RESET)
 <LI><a href="#[56]">ENET_IRQHandler</a> from startup_gd32f450.o(.text) referenced from startup_gd32f450.o(RESET)
 <LI><a href="#[57]">ENET_WKUP_IRQHandler</a> from startup_gd32f450.o(.text) referenced from startup_gd32f450.o(RESET)
 <LI><a href="#[49]">EXMC_IRQHandler</a> from startup_gd32f450.o(.text) referenced from startup_gd32f450.o(RESET)
 <LI><a href="#[1f]">EXTI0_IRQHandler</a> from startup_gd32f450.o(.text) referenced from startup_gd32f450.o(RESET)
 <LI><a href="#[41]">EXTI10_15_IRQHandler</a> from startup_gd32f450.o(.text) referenced from startup_gd32f450.o(RESET)
 <LI><a href="#[20]">EXTI1_IRQHandler</a> from startup_gd32f450.o(.text) referenced from startup_gd32f450.o(RESET)
 <LI><a href="#[21]">EXTI2_IRQHandler</a> from startup_gd32f450.o(.text) referenced from startup_gd32f450.o(RESET)
 <LI><a href="#[22]">EXTI3_IRQHandler</a> from startup_gd32f450.o(.text) referenced from startup_gd32f450.o(RESET)
 <LI><a href="#[23]">EXTI4_IRQHandler</a> from startup_gd32f450.o(.text) referenced from startup_gd32f450.o(RESET)
 <LI><a href="#[30]">EXTI5_9_IRQHandler</a> from startup_gd32f450.o(.text) referenced from startup_gd32f450.o(RESET)
 <LI><a href="#[1d]">FMC_IRQHandler</a> from startup_gd32f450.o(.text) referenced from startup_gd32f450.o(RESET)
 <LI><a href="#[69]">FPU_IRQHandler</a> from startup_gd32f450.o(.text) referenced from startup_gd32f450.o(RESET)
 <LI><a href="#[11]">HardFault_Handler</a> from context_rvds.o(.text) referenced from startup_gd32f450.o(RESET)
 <LI><a href="#[39]">I2C0_ER_IRQHandler</a> from startup_gd32f450.o(.text) referenced from startup_gd32f450.o(RESET)
 <LI><a href="#[38]">I2C0_EV_IRQHandler</a> from startup_gd32f450.o(.text) referenced from startup_gd32f450.o(RESET)
 <LI><a href="#[3b]">I2C1_ER_IRQHandler</a> from startup_gd32f450.o(.text) referenced from startup_gd32f450.o(RESET)
 <LI><a href="#[3a]">I2C1_EV_IRQHandler</a> from startup_gd32f450.o(.text) referenced from startup_gd32f450.o(RESET)
 <LI><a href="#[62]">I2C2_ER_IRQHandler</a> from startup_gd32f450.o(.text) referenced from startup_gd32f450.o(RESET)
 <LI><a href="#[61]">I2C2_EV_IRQHandler</a> from startup_gd32f450.o(.text) referenced from startup_gd32f450.o(RESET)
 <LI><a href="#[71]">IPA_IRQHandler</a> from startup_gd32f450.o(.text) referenced from startup_gd32f450.o(RESET)
 <LI><a href="#[1a]">LVD_IRQHandler</a> from startup_gd32f450.o(.text) referenced from startup_gd32f450.o(RESET)
 <LI><a href="#[12]">MemManage_Handler</a> from gd32f4xx_it.o(i.MemManage_Handler) referenced from startup_gd32f450.o(RESET)
 <LI><a href="#[10]">NMI_Handler</a> from gd32f4xx_it.o(i.NMI_Handler) referenced from startup_gd32f450.o(RESET)
 <LI><a href="#[17]">PendSV_Handler</a> from context_rvds.o(.text) referenced from startup_gd32f450.o(RESET)
 <LI><a href="#[1e]">RCU_CTC_IRQHandler</a> from startup_gd32f450.o(.text) referenced from startup_gd32f450.o(RESET)
 <LI><a href="#[42]">RTC_Alarm_IRQHandler</a> from startup_gd32f450.o(.text) referenced from startup_gd32f450.o(RESET)
 <LI><a href="#[1c]">RTC_WKUP_IRQHandler</a> from startup_gd32f450.o(.text) referenced from startup_gd32f450.o(RESET)
 <LI><a href="#[f]">Reset_Handler</a> from startup_gd32f450.o(.text) referenced from startup_gd32f450.o(RESET)
 <LI><a href="#[4a]">SDIO_IRQHandler</a> from startup_gd32f450.o(.text) referenced from startup_gd32f450.o(RESET)
 <LI><a href="#[3c]">SPI0_IRQHandler</a> from startup_gd32f450.o(.text) referenced from startup_gd32f450.o(RESET)
 <LI><a href="#[3d]">SPI1_IRQHandler</a> from startup_gd32f450.o(.text) referenced from startup_gd32f450.o(RESET)
 <LI><a href="#[4c]">SPI2_IRQHandler</a> from startup_gd32f450.o(.text) referenced from startup_gd32f450.o(RESET)
 <LI><a href="#[6c]">SPI3_IRQHandler</a> from startup_gd32f450.o(.text) referenced from startup_gd32f450.o(RESET)
 <LI><a href="#[6d]">SPI4_IRQHandler</a> from startup_gd32f450.o(.text) referenced from startup_gd32f450.o(RESET)
 <LI><a href="#[6e]">SPI5_IRQHandler</a> from startup_gd32f450.o(.text) referenced from startup_gd32f450.o(RESET)
 <LI><a href="#[15]">SVC_Handler</a> from gd32f4xx_it.o(i.SVC_Handler) referenced from startup_gd32f450.o(RESET)
 <LI><a href="#[18]">SysTick_Handler</a> from board.o(i.SysTick_Handler) referenced from startup_gd32f450.o(RESET)
 <LI><a href="#[72]">SystemInit</a> from system_gd32f4xx.o(i.SystemInit) referenced from startup_gd32f450.o(.text)
 <LI><a href="#[1b]">TAMPER_STAMP_IRQHandler</a> from startup_gd32f450.o(.text) referenced from startup_gd32f450.o(RESET)
 <LI><a href="#[31]">TIMER0_BRK_TIMER8_IRQHandler</a> from startup_gd32f450.o(.text) referenced from startup_gd32f450.o(RESET)
 <LI><a href="#[34]">TIMER0_Channel_IRQHandler</a> from startup_gd32f450.o(.text) referenced from startup_gd32f450.o(RESET)
 <LI><a href="#[33]">TIMER0_TRG_CMT_TIMER10_IRQHandler</a> from startup_gd32f450.o(.text) referenced from startup_gd32f450.o(RESET)
 <LI><a href="#[32]">TIMER0_UP_TIMER9_IRQHandler</a> from startup_gd32f450.o(.text) referenced from startup_gd32f450.o(RESET)
 <LI><a href="#[35]">TIMER1_IRQHandler</a> from startup_gd32f450.o(.text) referenced from startup_gd32f450.o(RESET)
 <LI><a href="#[36]">TIMER2_IRQHandler</a> from gd32f4xx_it.o(i.TIMER2_IRQHandler) referenced from startup_gd32f450.o(RESET)
 <LI><a href="#[37]">TIMER3_IRQHandler</a> from gd32f4xx_it.o(i.TIMER3_IRQHandler) referenced from startup_gd32f450.o(RESET)
 <LI><a href="#[4b]">TIMER4_IRQHandler</a> from startup_gd32f450.o(.text) referenced from startup_gd32f450.o(RESET)
 <LI><a href="#[4f]">TIMER5_DAC_IRQHandler</a> from startup_gd32f450.o(.text) referenced from startup_gd32f450.o(RESET)
 <LI><a href="#[50]">TIMER6_IRQHandler</a> from startup_gd32f450.o(.text) referenced from startup_gd32f450.o(RESET)
 <LI><a href="#[44]">TIMER7_BRK_TIMER11_IRQHandler</a> from startup_gd32f450.o(.text) referenced from startup_gd32f450.o(RESET)
 <LI><a href="#[47]">TIMER7_Channel_IRQHandler</a> from startup_gd32f450.o(.text) referenced from startup_gd32f450.o(RESET)
 <LI><a href="#[46]">TIMER7_TRG_CMT_TIMER13_IRQHandler</a> from startup_gd32f450.o(.text) referenced from startup_gd32f450.o(RESET)
 <LI><a href="#[45]">TIMER7_UP_TIMER12_IRQHandler</a> from startup_gd32f450.o(.text) referenced from startup_gd32f450.o(RESET)
 <LI><a href="#[70]">TLI_ER_IRQHandler</a> from startup_gd32f450.o(.text) referenced from startup_gd32f450.o(RESET)
 <LI><a href="#[6f]">TLI_IRQHandler</a> from startup_gd32f450.o(.text) referenced from startup_gd32f450.o(RESET)
 <LI><a href="#[68]">TRNG_IRQHandler</a> from startup_gd32f450.o(.text) referenced from startup_gd32f450.o(RESET)
 <LI><a href="#[4d]">UART3_IRQHandler</a> from startup_gd32f450.o(.text) referenced from startup_gd32f450.o(RESET)
 <LI><a href="#[4e]">UART4_IRQHandler</a> from startup_gd32f450.o(.text) referenced from startup_gd32f450.o(RESET)
 <LI><a href="#[6a]">UART6_IRQHandler</a> from startup_gd32f450.o(.text) referenced from startup_gd32f450.o(RESET)
 <LI><a href="#[6b]">UART7_IRQHandler</a> from startup_gd32f450.o(.text) referenced from startup_gd32f450.o(RESET)
 <LI><a href="#[3e]">USART0_IRQHandler</a> from startup_gd32f450.o(.text) referenced from startup_gd32f450.o(RESET)
 <LI><a href="#[3f]">USART1_IRQHandler</a> from startup_gd32f450.o(.text) referenced from startup_gd32f450.o(RESET)
 <LI><a href="#[40]">USART2_IRQHandler</a> from startup_gd32f450.o(.text) referenced from startup_gd32f450.o(RESET)
 <LI><a href="#[60]">USART5_IRQHandler</a> from startup_gd32f450.o(.text) referenced from startup_gd32f450.o(RESET)
 <LI><a href="#[5c]">USBFS_IRQHandler</a> from startup_gd32f450.o(.text) referenced from startup_gd32f450.o(RESET)
 <LI><a href="#[43]">USBFS_WKUP_IRQHandler</a> from startup_gd32f450.o(.text) referenced from startup_gd32f450.o(RESET)
 <LI><a href="#[64]">USBHS_EP1_In_IRQHandler</a> from startup_gd32f450.o(.text) referenced from startup_gd32f450.o(RESET)
 <LI><a href="#[63]">USBHS_EP1_Out_IRQHandler</a> from startup_gd32f450.o(.text) referenced from startup_gd32f450.o(RESET)
 <LI><a href="#[66]">USBHS_IRQHandler</a> from startup_gd32f450.o(.text) referenced from startup_gd32f450.o(RESET)
 <LI><a href="#[65]">USBHS_WKUP_IRQHandler</a> from startup_gd32f450.o(.text) referenced from startup_gd32f450.o(RESET)
 <LI><a href="#[14]">UsageFault_Handler</a> from gd32f4xx_it.o(i.UsageFault_Handler) referenced from startup_gd32f450.o(RESET)
 <LI><a href="#[19]">WWDGT_IRQHandler</a> from startup_gd32f450.o(.text) referenced from startup_gd32f450.o(RESET)
 <LI><a href="#[7a]">__default_new_handler()</a> from arm_newhandler_noexceptions.o(.text) referenced from new.o(i._Znwj)
 <LI><a href="#[75]">TASK_MOTOR::MOTOR_FUN(void*)</a> from task_motor.o(i._ZN10TASK_MOTOR9MOTOR_FUNEPv) referenced from task_motor.o(i._ZN10TASK_MOTORC1Ev)
 <LI><a href="#[82]">UART0_F450::GetRxLenth()</a> from uart_f450.o(i._ZN10UART0_F45010GetRxLenthEv) referenced from uart_f450.o(.constdata__ZTV10UART0_F450)
 <LI><a href="#[7f]">UART0_F450::Init(unsigned)</a> from uart_f450.o(i._ZN10UART0_F4504InitEj) referenced from uart_f450.o(.constdata__ZTV10UART0_F450)
 <LI><a href="#[81]">UART0_F450::Read(unsigned char*)</a> from uart_f450.o(i._ZN10UART0_F4504ReadEPh) referenced from uart_f450.o(.constdata__ZTV10UART0_F450)
 <LI><a href="#[80]">UART0_F450::Write(unsigned char*, unsigned short)</a> from uart_f450.o(i._ZN10UART0_F4505WriteEPht) referenced from uart_f450.o(.constdata__ZTV10UART0_F450)
 <LI><a href="#[86]">UART1_F450::GetRxLenth()</a> from uart_f450.o(i._ZN10UART1_F45010GetRxLenthEv) referenced from uart_f450.o(.constdata__ZTV10UART1_F450)
 <LI><a href="#[83]">UART1_F450::Init(unsigned)</a> from uart_f450.o(i._ZN10UART1_F4504InitEj) referenced from uart_f450.o(.constdata__ZTV10UART1_F450)
 <LI><a href="#[85]">UART1_F450::Read(unsigned char*)</a> from uart_f450.o(i._ZN10UART1_F4504ReadEPh) referenced from uart_f450.o(.constdata__ZTV10UART1_F450)
 <LI><a href="#[84]">UART1_F450::Write(unsigned char*, unsigned short)</a> from uart_f450.o(i._ZN10UART1_F4505WriteEPht) referenced from uart_f450.o(.constdata__ZTV10UART1_F450)
 <LI><a href="#[8a]">UART2_F450::GetRxLenth()</a> from uart_f450.o(i._ZN10UART2_F45010GetRxLenthEv) referenced from uart_f450.o(.constdata__ZTV10UART2_F450)
 <LI><a href="#[87]">UART2_F450::Init(unsigned)</a> from uart_f450.o(i._ZN10UART2_F4504InitEj) referenced from uart_f450.o(.constdata__ZTV10UART2_F450)
 <LI><a href="#[89]">UART2_F450::Read(unsigned char*)</a> from uart_f450.o(i._ZN10UART2_F4504ReadEPh) referenced from uart_f450.o(.constdata__ZTV10UART2_F450)
 <LI><a href="#[88]">UART2_F450::Write(unsigned char*, unsigned short)</a> from uart_f450.o(i._ZN10UART2_F4505WriteEPht) referenced from uart_f450.o(.constdata__ZTV10UART2_F450)
 <LI><a href="#[8b]">IO::Set()</a> from io_f450.o(i._ZN2IO3SetEv) referenced from io_f450.o(.constdata__ZTV2IO)
 <LI><a href="#[8e]">IO::Gets()</a> from io_f450.o(i._ZN2IO4GetsEv) referenced from io_f450.o(.constdata__ZTV2IO)
 <LI><a href="#[8f]">IO::Init()</a> from io_f450.o(i._ZN2IO4InitEv) referenced from io_f450.o(.constdata__ZTV2IO)
 <LI><a href="#[8c]">IO::Reset()</a> from io_f450.o(i._ZN2IO5ResetEv) referenced from io_f450.o(.constdata__ZTV2IO)
 <LI><a href="#[8d]">IO::Toggle()</a> from io_f450.o(i._ZN2IO6ToggleEv) referenced from io_f450.o(.constdata__ZTV2IO)
 <LI><a href="#[74]">[local to arm_exceptions_c]::__default_terminate_handler()</a> from arm_exceptions_globs.o(.text) referenced from arm_exceptions_globs.o(.text)
 <LI><a href="#[90]">ADC::Init()</a> from bsp_f450.o(i._ZN3ADC4InitEv) referenced from bsp_f450.o(.constdata__ZTV3ADC)
 <LI><a href="#[91]">ADC::PeriodRun()</a> from bsp_f450.o(i._ZN3ADC9PeriodRunEv) referenced from bsp_f450.o(.constdata__ZTV3ADC)
 <LI><a href="#[92]">TIM::Init()</a> from bsp_f450.o(i._ZN3TIM4InitEv) referenced from bsp_f450.o(.constdata__ZTV3TIM)
 <LI><a href="#[95]">TIM::ReadCnt()</a> from bsp_f450.o(i._ZN3TIM7ReadCntEv) referenced from bsp_f450.o(.constdata__ZTV3TIM)
 <LI><a href="#[95]">TIM::ReadCnt()</a> from bsp_f450.o(i._ZN3TIM7ReadCntEv) referenced from tim_f450.o(.constdata__ZTV9TIM0_F450)
 <LI><a href="#[95]">TIM::ReadCnt()</a> from bsp_f450.o(i._ZN3TIM7ReadCntEv) referenced from tim_f450.o(.constdata__ZTV9TIM8_F450)
 <LI><a href="#[93]">TIM::SetDUTY(short)</a> from bsp_f450.o(i._ZN3TIM7SetDUTYEs) referenced from bsp_f450.o(.constdata__ZTV3TIM)
 <LI><a href="#[93]">TIM::SetDUTY(short)</a> from bsp_f450.o(i._ZN3TIM7SetDUTYEs) referenced from tim_f450.o(.constdata__ZTV9TIM2_F450)
 <LI><a href="#[93]">TIM::SetDUTY(short)</a> from bsp_f450.o(i._ZN3TIM7SetDUTYEs) referenced from tim_f450.o(.constdata__ZTV9TIM3_F450)
 <LI><a href="#[94]">TIM::SetFREQ(float)</a> from bsp_f450.o(i._ZN3TIM7SetFREQEf) referenced from bsp_f450.o(.constdata__ZTV3TIM)
 <LI><a href="#[94]">TIM::SetFREQ(float)</a> from bsp_f450.o(i._ZN3TIM7SetFREQEf) referenced from tim_f450.o(.constdata__ZTV9TIM0_F450)
 <LI><a href="#[94]">TIM::SetFREQ(float)</a> from bsp_f450.o(i._ZN3TIM7SetFREQEf) referenced from tim_f450.o(.constdata__ZTV9TIM2_F450)
 <LI><a href="#[94]">TIM::SetFREQ(float)</a> from bsp_f450.o(i._ZN3TIM7SetFREQEf) referenced from tim_f450.o(.constdata__ZTV9TIM3_F450)
 <LI><a href="#[99]">UART::GetRxLenth()</a> from bsp_f450.o(i._ZN4UART10GetRxLenthEv) referenced from bsp_f450.o(.constdata__ZTV4UART)
 <LI><a href="#[96]">UART::Init(unsigned)</a> from bsp_f450.o(i._ZN4UART4InitEj) referenced from bsp_f450.o(.constdata__ZTV4UART)
 <LI><a href="#[98]">UART::Read(unsigned char*)</a> from bsp_f450.o(i._ZN4UART4ReadEPh) referenced from bsp_f450.o(.constdata__ZTV4UART)
 <LI><a href="#[97]">UART::Write(unsigned char*, unsigned short)</a> from bsp_f450.o(i._ZN4UART5WriteEPht) referenced from bsp_f450.o(.constdata__ZTV4UART)
 <LI><a href="#[9a]">IO_F450::Set()</a> from io_f450.o(i._ZN7IO_F4503SetEv) referenced from io_f450.o(.constdata__ZTV7IO_F450)
 <LI><a href="#[9d]">IO_F450::Gets()</a> from io_f450.o(i._ZN7IO_F4504GetsEv) referenced from io_f450.o(.constdata__ZTV7IO_F450)
 <LI><a href="#[9e]">IO_F450::Init()</a> from io_f450.o(i._ZN7IO_F4504InitEv) referenced from io_f450.o(.constdata__ZTV7IO_F450)
 <LI><a href="#[9b]">IO_F450::Reset()</a> from io_f450.o(i._ZN7IO_F4505ResetEv) referenced from io_f450.o(.constdata__ZTV7IO_F450)
 <LI><a href="#[9c]">IO_F450::Toggle()</a> from io_f450.o(i._ZN7IO_F4506ToggleEv) referenced from io_f450.o(.constdata__ZTV7IO_F450)
 <LI><a href="#[76]">TASK_GYZ::GYZ_FUN(void*)</a> from task_gyz.o(i._ZN8TASK_GYZ7GYZ_FUNEPv) referenced from task_gyz.o(i._ZN8TASK_GYZC1Ev)
 <LI><a href="#[77]">TASK_HCI::HCI_FUN(void*)</a> from task_hci.o(i._ZN8TASK_HCI7HCI_FUNEPv) referenced from task_hci.o(i._ZN8TASK_HCIC1Ev)
 <LI><a href="#[78]">TASK_MPU::MPU_FUN(void*)</a> from task_mpu.o(i._ZN8TASK_MPU7MPU_FUNEPv) referenced from task_mpu.o(i._ZN8TASK_MPUC1Ev)
 <LI><a href="#[9f]">ADC0_F450::Init()</a> from adc_f450.o(i._ZN9ADC0_F4504InitEv) referenced from adc_f450.o(.constdata__ZTV9ADC0_F450)
 <LI><a href="#[a0]">ADC0_F450::PeriodRun()</a> from adc_f450.o(i._ZN9ADC0_F4509PeriodRunEv) referenced from adc_f450.o(.constdata__ZTV9ADC0_F450)
 <LI><a href="#[79]">OS_Timer1::OS_Timer1_FUN(void*)</a> from os_timer.o(i._ZN9OS_Timer113OS_Timer1_FUNEPv) referenced from os_timer.o(i._ZN9OS_Timer1C1Ev)
 <LI><a href="#[a1]">TIM0_F450::Init()</a> from tim_f450.o(i._ZN9TIM0_F4504InitEv) referenced from tim_f450.o(.constdata__ZTV9TIM0_F450)
 <LI><a href="#[a2]">TIM0_F450::SetDUTY(short)</a> from tim_f450.o(i._ZN9TIM0_F4507SetDUTYEs) referenced from tim_f450.o(.constdata__ZTV9TIM0_F450)
 <LI><a href="#[a3]">TIM2_F450::Init()</a> from tim_f450.o(i._ZN9TIM2_F4504InitEv) referenced from tim_f450.o(.constdata__ZTV9TIM2_F450)
 <LI><a href="#[a4]">TIM2_F450::ReadCnt()</a> from tim_f450.o(i._ZN9TIM2_F4507ReadCntEv) referenced from tim_f450.o(.constdata__ZTV9TIM2_F450)
 <LI><a href="#[a5]">TIM3_F450::Init()</a> from tim_f450.o(i._ZN9TIM3_F4504InitEv) referenced from tim_f450.o(.constdata__ZTV9TIM3_F450)
 <LI><a href="#[a6]">TIM3_F450::ReadCnt()</a> from tim_f450.o(i._ZN9TIM3_F4507ReadCntEv) referenced from tim_f450.o(.constdata__ZTV9TIM3_F450)
 <LI><a href="#[a7]">TIM8_F450::Init()</a> from tim_f450.o(i._ZN9TIM8_F4504InitEv) referenced from tim_f450.o(.constdata__ZTV9TIM8_F450)
 <LI><a href="#[a8]">TIM8_F450::SetDUTY(short)</a> from tim_f450.o(i._ZN9TIM8_F4507SetDUTYEs) referenced from tim_f450.o(.constdata__ZTV9TIM8_F450)
 <LI><a href="#[a9]">TIM8_F450::SetFREQ(float)</a> from tim_f450.o(i._ZN9TIM8_F4507SetFREQEf) referenced from tim_f450.o(.constdata__ZTV9TIM8_F450)
 <LI><a href="#[af]">__main</a> from __main.o(!!!main) referenced from startup_gd32f450.o(.text)
 <LI><a href="#[ae]">__sti___8_main_cpp_BSP</a> from main.o(i.__sti___8_main_cpp_BSP) referenced from main.o(.init_array)
 <LI><a href="#[7d]">main_thread_entry</a> from components.o(i.main_thread_entry) referenced from components.o(i.rt_application_init)
 <LI><a href="#[7b]">rt_thread_exit</a> from thread.o(i.rt_thread_exit) referenced from thread.o(i._rt_thread_init)
 <LI><a href="#[7e]">rt_thread_idle_entry</a> from idle.o(i.rt_thread_idle_entry) referenced from idle.o(i.rt_thread_idle_init)
 <LI><a href="#[7c]">rt_thread_timeout</a> from thread.o(i.rt_thread_timeout) referenced from thread.o(i._rt_thread_init)
 <LI><a href="#[ac]">rti_board_end</a> from components.o(i.rti_board_end) referenced from components.o(.rti_fn.1.end)
 <LI><a href="#[ab]">rti_board_start</a> from components.o(i.rti_board_start) referenced from components.o(.rti_fn.0.end)
 <LI><a href="#[ad]">rti_end</a> from components.o(i.rti_end) referenced from components.o(.rti_fn.6.end)
 <LI><a href="#[aa]">rti_start</a> from components.o(i.rti_start) referenced from components.o(.rti_fn.0)
</UL>
<P>
<H3>
Global Symbols
</H3>
<P><STRONG><a name="[af]"></a>__main</STRONG> (Thumb, 8 bytes, Stack size 0 bytes, __main.o(!!!main))
<BR><BR>[Calls]<UL><LI><a href="#[b2]">&gt;&gt;</a>&nbsp;&nbsp;&nbsp;__rt_entry
<LI><a href="#[b1]">&gt;&gt;</a>&nbsp;&nbsp;&nbsp;__scatterload
</UL>

<P><STRONG><a name="[b1]"></a>__scatterload</STRONG> (Thumb, 0 bytes, Stack size unknown bytes, __scatter.o(!!!scatter))
<BR><BR>[Called By]<UL><LI><a href="#[af]">&gt;&gt;</a>&nbsp;&nbsp;&nbsp;__main
</UL>

<P><STRONG><a name="[b3]"></a>__scatterload_rt2</STRONG> (Thumb, 44 bytes, Stack size unknown bytes, __scatter.o(!!!scatter), UNUSED)
<BR><BR>[Calls]<UL><LI><a href="#[b2]">&gt;&gt;</a>&nbsp;&nbsp;&nbsp;__rt_entry
</UL>

<P><STRONG><a name="[1c8]"></a>__scatterload_rt2_thumb_only</STRONG> (Thumb, 0 bytes, Stack size unknown bytes, __scatter.o(!!!scatter), UNUSED)

<P><STRONG><a name="[1c9]"></a>__scatterload_null</STRONG> (Thumb, 0 bytes, Stack size unknown bytes, __scatter.o(!!!scatter), UNUSED)

<P><STRONG><a name="[1ca]"></a>__decompress</STRONG> (Thumb, 100 bytes, Stack size unknown bytes, __dclz77c.o(!!dclz77c), UNUSED)

<P><STRONG><a name="[1cb]"></a>__decompress2</STRONG> (Thumb, 0 bytes, Stack size unknown bytes, __dclz77c.o(!!dclz77c), UNUSED)

<P><STRONG><a name="[1cc]"></a>__scatterload_zeroinit</STRONG> (Thumb, 28 bytes, Stack size unknown bytes, __scatter_zi.o(!!handler_zi), UNUSED)

<P><STRONG><a name="[bc]"></a>__rt_lib_init</STRONG> (Thumb, 0 bytes, Stack size unknown bytes, libinit.o(.ARM.Collect$$libinit$$00000000))
<BR><BR>[Called By]<UL><LI><a href="#[bb]">&gt;&gt;</a>&nbsp;&nbsp;&nbsp;__rt_entry_li
</UL>

<P><STRONG><a name="[b4]"></a>__rt_lib_init_fp_1</STRONG> (Thumb, 0 bytes, Stack size unknown bytes, libinit2.o(.ARM.Collect$$libinit$$00000001))
<BR><BR>[Calls]<UL><LI><a href="#[b5]">&gt;&gt;</a>&nbsp;&nbsp;&nbsp;_fp_init
</UL>

<P><STRONG><a name="[b6]"></a>__rt_lib_init_heap_2</STRONG> (Thumb, 0 bytes, Stack size unknown bytes, libinit2.o(.ARM.Collect$$libinit$$00000005))
<BR><BR>[Stack]<UL><LI>Max Depth = 64 + Unknown Stack Size
<LI>Call Chain = __rt_lib_init_heap_2 &rArr; _init_alloc &rArr; __rt_SIGRTMEM &rArr; __rt_SIGRTMEM_inner &rArr; __default_signal_display &rArr; _ttywrch
</UL>
<BR>[Calls]<UL><LI><a href="#[b7]">&gt;&gt;</a>&nbsp;&nbsp;&nbsp;_init_alloc
</UL>

<P><STRONG><a name="[1cd]"></a>__rt_lib_init_preinit_1</STRONG> (Thumb, 0 bytes, Stack size unknown bytes, libinit2.o(.ARM.Collect$$libinit$$00000004))

<P><STRONG><a name="[1ce]"></a>__rt_lib_init_alloca_1</STRONG> (Thumb, 0 bytes, Stack size unknown bytes, libinit2.o(.ARM.Collect$$libinit$$0000002E))

<P><STRONG><a name="[1cf]"></a>__rt_lib_init_argv_1</STRONG> (Thumb, 0 bytes, Stack size unknown bytes, libinit2.o(.ARM.Collect$$libinit$$0000002C))

<P><STRONG><a name="[1d0]"></a>__rt_lib_init_atexit_1</STRONG> (Thumb, 0 bytes, Stack size unknown bytes, libinit2.o(.ARM.Collect$$libinit$$0000001B))

<P><STRONG><a name="[1d1]"></a>__rt_lib_init_clock_1</STRONG> (Thumb, 0 bytes, Stack size unknown bytes, libinit2.o(.ARM.Collect$$libinit$$00000021))

<P><STRONG><a name="[b8]"></a>__rt_lib_init_cpp_2</STRONG> (Thumb, 0 bytes, Stack size unknown bytes, libinit2.o(.ARM.Collect$$libinit$$00000031))
<BR><BR>[Stack]<UL><LI>Max Depth = 16 + Unknown Stack Size
<LI>Call Chain = __rt_lib_init_cpp_2 &rArr; __cpp_initialize__aeabi_
</UL>
<BR>[Calls]<UL><LI><a href="#[b0]">&gt;&gt;</a>&nbsp;&nbsp;&nbsp;__cpp_initialize__aeabi_
</UL>

<P><STRONG><a name="[1d2]"></a>__rt_lib_init_exceptions_1</STRONG> (Thumb, 0 bytes, Stack size unknown bytes, libinit2.o(.ARM.Collect$$libinit$$00000030))

<P><STRONG><a name="[1d3]"></a>__rt_lib_init_fp_trap_1</STRONG> (Thumb, 0 bytes, Stack size unknown bytes, libinit2.o(.ARM.Collect$$libinit$$0000001F))

<P><STRONG><a name="[1d4]"></a>__rt_lib_init_getenv_1</STRONG> (Thumb, 0 bytes, Stack size unknown bytes, libinit2.o(.ARM.Collect$$libinit$$00000023))

<P><STRONG><a name="[1d5]"></a>__rt_lib_init_heap_1</STRONG> (Thumb, 0 bytes, Stack size unknown bytes, libinit2.o(.ARM.Collect$$libinit$$0000000A))

<P><STRONG><a name="[1d6]"></a>__rt_lib_init_lc_collate_1</STRONG> (Thumb, 0 bytes, Stack size unknown bytes, libinit2.o(.ARM.Collect$$libinit$$00000011))

<P><STRONG><a name="[1d7]"></a>__rt_lib_init_lc_ctype_1</STRONG> (Thumb, 0 bytes, Stack size unknown bytes, libinit2.o(.ARM.Collect$$libinit$$00000013))

<P><STRONG><a name="[1d8]"></a>__rt_lib_init_lc_monetary_1</STRONG> (Thumb, 0 bytes, Stack size unknown bytes, libinit2.o(.ARM.Collect$$libinit$$00000015))

<P><STRONG><a name="[1d9]"></a>__rt_lib_init_lc_numeric_1</STRONG> (Thumb, 0 bytes, Stack size unknown bytes, libinit2.o(.ARM.Collect$$libinit$$00000017))

<P><STRONG><a name="[1da]"></a>__rt_lib_init_lc_time_1</STRONG> (Thumb, 0 bytes, Stack size unknown bytes, libinit2.o(.ARM.Collect$$libinit$$00000019))

<P><STRONG><a name="[1db]"></a>__rt_lib_init_rand_1</STRONG> (Thumb, 0 bytes, Stack size unknown bytes, libinit2.o(.ARM.Collect$$libinit$$0000000E))

<P><STRONG><a name="[1dc]"></a>__rt_lib_init_signal_1</STRONG> (Thumb, 0 bytes, Stack size unknown bytes, libinit2.o(.ARM.Collect$$libinit$$0000001D))

<P><STRONG><a name="[1dd]"></a>__rt_lib_init_stdio_1</STRONG> (Thumb, 0 bytes, Stack size unknown bytes, libinit2.o(.ARM.Collect$$libinit$$00000025))

<P><STRONG><a name="[1de]"></a>__rt_lib_init_user_alloc_1</STRONG> (Thumb, 0 bytes, Stack size unknown bytes, libinit2.o(.ARM.Collect$$libinit$$0000000C))

<P><STRONG><a name="[1df]"></a>__rt_lib_init_cpp_1</STRONG> (Thumb, 0 bytes, Stack size unknown bytes, libinit2.o(.ARM.Collect$$libinit$$00000032))

<P><STRONG><a name="[1e0]"></a>__rt_lib_init_return</STRONG> (Thumb, 0 bytes, Stack size unknown bytes, libinit2.o(.ARM.Collect$$libinit$$00000033))

<P><STRONG><a name="[c1]"></a>__rt_lib_shutdown</STRONG> (Thumb, 0 bytes, Stack size unknown bytes, libshutdown.o(.ARM.Collect$$libshutdown$$00000000))
<BR><BR>[Called By]<UL><LI><a href="#[c0]">&gt;&gt;</a>&nbsp;&nbsp;&nbsp;__rt_exit_ls
<LI><a href="#[d2]">&gt;&gt;</a>&nbsp;&nbsp;&nbsp;abort
</UL>

<P><STRONG><a name="[1e1]"></a>__rt_lib_shutdown_cpp_1</STRONG> (Thumb, 0 bytes, Stack size unknown bytes, libshutdown2.o(.ARM.Collect$$libshutdown$$00000004))

<P><STRONG><a name="[1e2]"></a>__rt_lib_shutdown_fini_1</STRONG> (Thumb, 0 bytes, Stack size unknown bytes, libshutdown2.o(.ARM.Collect$$libshutdown$$00000002))

<P><STRONG><a name="[1e3]"></a>__rt_lib_shutdown_fp_trap_1</STRONG> (Thumb, 0 bytes, Stack size unknown bytes, libshutdown2.o(.ARM.Collect$$libshutdown$$00000009))

<P><STRONG><a name="[1e4]"></a>__rt_lib_shutdown_heap_1</STRONG> (Thumb, 0 bytes, Stack size unknown bytes, libshutdown2.o(.ARM.Collect$$libshutdown$$00000011))

<P><STRONG><a name="[1e5]"></a>__rt_lib_shutdown_return</STRONG> (Thumb, 0 bytes, Stack size unknown bytes, libshutdown2.o(.ARM.Collect$$libshutdown$$00000012))

<P><STRONG><a name="[1e6]"></a>__rt_lib_shutdown_signal_1</STRONG> (Thumb, 0 bytes, Stack size unknown bytes, libshutdown2.o(.ARM.Collect$$libshutdown$$0000000C))

<P><STRONG><a name="[1e7]"></a>__rt_lib_shutdown_stdio_1</STRONG> (Thumb, 0 bytes, Stack size unknown bytes, libshutdown2.o(.ARM.Collect$$libshutdown$$00000006))

<P><STRONG><a name="[1e8]"></a>__rt_lib_shutdown_user_alloc_1</STRONG> (Thumb, 0 bytes, Stack size unknown bytes, libshutdown2.o(.ARM.Collect$$libshutdown$$0000000E))

<P><STRONG><a name="[b2]"></a>__rt_entry</STRONG> (Thumb, 0 bytes, Stack size unknown bytes, __rtentry.o(.ARM.Collect$$rtentry$$00000000))
<BR><BR>[Called By]<UL><LI><a href="#[af]">&gt;&gt;</a>&nbsp;&nbsp;&nbsp;__main
<LI><a href="#[b3]">&gt;&gt;</a>&nbsp;&nbsp;&nbsp;__scatterload_rt2
</UL>

<P><STRONG><a name="[1e9]"></a>__rt_entry_presh_1</STRONG> (Thumb, 0 bytes, Stack size unknown bytes, __rtentry2.o(.ARM.Collect$$rtentry$$00000002))

<P><STRONG><a name="[b9]"></a>__rt_entry_sh</STRONG> (Thumb, 0 bytes, Stack size unknown bytes, __rtentry4.o(.ARM.Collect$$rtentry$$00000004))
<BR><BR>[Stack]<UL><LI>Max Depth = 8 + Unknown Stack Size
<LI>Call Chain = __rt_entry_sh &rArr; __user_setup_stackheap
</UL>
<BR>[Calls]<UL><LI><a href="#[ba]">&gt;&gt;</a>&nbsp;&nbsp;&nbsp;__user_setup_stackheap
</UL>

<P><STRONG><a name="[bb]"></a>__rt_entry_li</STRONG> (Thumb, 0 bytes, Stack size unknown bytes, __rtentry2.o(.ARM.Collect$$rtentry$$0000000A))
<BR><BR>[Calls]<UL><LI><a href="#[bc]">&gt;&gt;</a>&nbsp;&nbsp;&nbsp;__rt_lib_init
</UL>

<P><STRONG><a name="[1ea]"></a>__rt_entry_postsh_1</STRONG> (Thumb, 0 bytes, Stack size unknown bytes, __rtentry2.o(.ARM.Collect$$rtentry$$00000009))

<P><STRONG><a name="[bd]"></a>__rt_entry_main</STRONG> (Thumb, 0 bytes, Stack size unknown bytes, __rtentry2.o(.ARM.Collect$$rtentry$$0000000D))
<BR><BR>[Stack]<UL><LI>Max Depth = 240 + Unknown Stack Size
<LI>Call Chain = __rt_entry_main &rArr; main &rArr; rtthread_startup &rArr; rt_thread_idle_init &rArr; rt_thread_init &rArr; _rt_thread_init &rArr; rt_timer_init &rArr; rt_object_init &rArr; rt_exit_critical &rArr; rt_schedule
</UL>
<BR>[Calls]<UL><LI><a href="#[be]">&gt;&gt;</a>&nbsp;&nbsp;&nbsp;main
<LI><a href="#[bf]">&gt;&gt;</a>&nbsp;&nbsp;&nbsp;exit
</UL>

<P><STRONG><a name="[1eb]"></a>__rt_entry_postli_1</STRONG> (Thumb, 0 bytes, Stack size unknown bytes, __rtentry2.o(.ARM.Collect$$rtentry$$0000000C))

<P><STRONG><a name="[d7]"></a>__rt_exit</STRONG> (Thumb, 0 bytes, Stack size unknown bytes, rtexit.o(.ARM.Collect$$rtexit$$00000000))
<BR><BR>[Called By]<UL><LI><a href="#[bf]">&gt;&gt;</a>&nbsp;&nbsp;&nbsp;exit
</UL>

<P><STRONG><a name="[c0]"></a>__rt_exit_ls</STRONG> (Thumb, 0 bytes, Stack size unknown bytes, rtexit2.o(.ARM.Collect$$rtexit$$00000003))
<BR><BR>[Calls]<UL><LI><a href="#[c1]">&gt;&gt;</a>&nbsp;&nbsp;&nbsp;__rt_lib_shutdown
</UL>

<P><STRONG><a name="[1ec]"></a>__rt_exit_prels_1</STRONG> (Thumb, 0 bytes, Stack size unknown bytes, rtexit2.o(.ARM.Collect$$rtexit$$00000002))

<P><STRONG><a name="[c2]"></a>__rt_exit_exit</STRONG> (Thumb, 0 bytes, Stack size unknown bytes, rtexit2.o(.ARM.Collect$$rtexit$$00000004))
<BR><BR>[Calls]<UL><LI><a href="#[c3]">&gt;&gt;</a>&nbsp;&nbsp;&nbsp;_sys_exit
</UL>

<P><STRONG><a name="[f]"></a>Reset_Handler</STRONG> (Thumb, 8 bytes, Stack size 0 bytes, startup_gd32f450.o(.text))
<BR>[Address Reference Count : 1]<UL><LI> startup_gd32f450.o(RESET)
</UL>
<P><STRONG><a name="[1ed]"></a>_maybe_terminate_alloc</STRONG> (Thumb, 0 bytes, Stack size 0 bytes, maybetermalloc1.o(.emb_text), UNUSED)

<P><STRONG><a name="[2b]"></a>ADC_IRQHandler</STRONG> (Thumb, 0 bytes, Stack size 0 bytes, startup_gd32f450.o(.text))
<BR><BR>[Calls]<UL><LI><a href="#[2b]">&gt;&gt;</a>&nbsp;&nbsp;&nbsp;ADC_IRQHandler
</UL>
<BR>[Called By]<UL><LI><a href="#[2b]">&gt;&gt;</a>&nbsp;&nbsp;&nbsp;ADC_IRQHandler
</UL>
<BR>[Address Reference Count : 1]<UL><LI> startup_gd32f450.o(RESET)
</UL>
<P><STRONG><a name="[2f]"></a>CAN0_EWMC_IRQHandler</STRONG> (Thumb, 0 bytes, Stack size 0 bytes, startup_gd32f450.o(.text))
<BR>[Address Reference Count : 1]<UL><LI> startup_gd32f450.o(RESET)
</UL>
<P><STRONG><a name="[2d]"></a>CAN0_RX0_IRQHandler</STRONG> (Thumb, 0 bytes, Stack size 0 bytes, startup_gd32f450.o(.text))
<BR>[Address Reference Count : 1]<UL><LI> startup_gd32f450.o(RESET)
</UL>
<P><STRONG><a name="[2e]"></a>CAN0_RX1_IRQHandler</STRONG> (Thumb, 0 bytes, Stack size 0 bytes, startup_gd32f450.o(.text))
<BR>[Address Reference Count : 1]<UL><LI> startup_gd32f450.o(RESET)
</UL>
<P><STRONG><a name="[2c]"></a>CAN0_TX_IRQHandler</STRONG> (Thumb, 0 bytes, Stack size 0 bytes, startup_gd32f450.o(.text))
<BR>[Address Reference Count : 1]<UL><LI> startup_gd32f450.o(RESET)
</UL>
<P><STRONG><a name="[5b]"></a>CAN1_EWMC_IRQHandler</STRONG> (Thumb, 0 bytes, Stack size 0 bytes, startup_gd32f450.o(.text))
<BR>[Address Reference Count : 1]<UL><LI> startup_gd32f450.o(RESET)
</UL>
<P><STRONG><a name="[59]"></a>CAN1_RX0_IRQHandler</STRONG> (Thumb, 0 bytes, Stack size 0 bytes, startup_gd32f450.o(.text))
<BR>[Address Reference Count : 1]<UL><LI> startup_gd32f450.o(RESET)
</UL>
<P><STRONG><a name="[5a]"></a>CAN1_RX1_IRQHandler</STRONG> (Thumb, 0 bytes, Stack size 0 bytes, startup_gd32f450.o(.text))
<BR>[Address Reference Count : 1]<UL><LI> startup_gd32f450.o(RESET)
</UL>
<P><STRONG><a name="[58]"></a>CAN1_TX_IRQHandler</STRONG> (Thumb, 0 bytes, Stack size 0 bytes, startup_gd32f450.o(.text))
<BR>[Address Reference Count : 1]<UL><LI> startup_gd32f450.o(RESET)
</UL>
<P><STRONG><a name="[67]"></a>DCI_IRQHandler</STRONG> (Thumb, 0 bytes, Stack size 0 bytes, startup_gd32f450.o(.text))
<BR>[Address Reference Count : 1]<UL><LI> startup_gd32f450.o(RESET)
</UL>
<P><STRONG><a name="[24]"></a>DMA0_Channel0_IRQHandler</STRONG> (Thumb, 0 bytes, Stack size 0 bytes, startup_gd32f450.o(.text))
<BR>[Address Reference Count : 1]<UL><LI> startup_gd32f450.o(RESET)
</UL>
<P><STRONG><a name="[26]"></a>DMA0_Channel2_IRQHandler</STRONG> (Thumb, 0 bytes, Stack size 0 bytes, startup_gd32f450.o(.text))
<BR>[Address Reference Count : 1]<UL><LI> startup_gd32f450.o(RESET)
</UL>
<P><STRONG><a name="[28]"></a>DMA0_Channel4_IRQHandler</STRONG> (Thumb, 0 bytes, Stack size 0 bytes, startup_gd32f450.o(.text))
<BR>[Address Reference Count : 1]<UL><LI> startup_gd32f450.o(RESET)
</UL>
<P><STRONG><a name="[48]"></a>DMA0_Channel7_IRQHandler</STRONG> (Thumb, 0 bytes, Stack size 0 bytes, startup_gd32f450.o(.text))
<BR>[Address Reference Count : 1]<UL><LI> startup_gd32f450.o(RESET)
</UL>
<P><STRONG><a name="[51]"></a>DMA1_Channel0_IRQHandler</STRONG> (Thumb, 0 bytes, Stack size 0 bytes, startup_gd32f450.o(.text))
<BR>[Address Reference Count : 1]<UL><LI> startup_gd32f450.o(RESET)
</UL>
<P><STRONG><a name="[52]"></a>DMA1_Channel1_IRQHandler</STRONG> (Thumb, 0 bytes, Stack size 0 bytes, startup_gd32f450.o(.text))
<BR>[Address Reference Count : 1]<UL><LI> startup_gd32f450.o(RESET)
</UL>
<P><STRONG><a name="[54]"></a>DMA1_Channel3_IRQHandler</STRONG> (Thumb, 0 bytes, Stack size 0 bytes, startup_gd32f450.o(.text))
<BR>[Address Reference Count : 1]<UL><LI> startup_gd32f450.o(RESET)
</UL>
<P><STRONG><a name="[55]"></a>DMA1_Channel4_IRQHandler</STRONG> (Thumb, 0 bytes, Stack size 0 bytes, startup_gd32f450.o(.text))
<BR>[Address Reference Count : 1]<UL><LI> startup_gd32f450.o(RESET)
</UL>
<P><STRONG><a name="[5d]"></a>DMA1_Channel5_IRQHandler</STRONG> (Thumb, 0 bytes, Stack size 0 bytes, startup_gd32f450.o(.text))
<BR>[Address Reference Count : 1]<UL><LI> startup_gd32f450.o(RESET)
</UL>
<P><STRONG><a name="[5e]"></a>DMA1_Channel6_IRQHandler</STRONG> (Thumb, 0 bytes, Stack size 0 bytes, startup_gd32f450.o(.text))
<BR>[Address Reference Count : 1]<UL><LI> startup_gd32f450.o(RESET)
</UL>
<P><STRONG><a name="[56]"></a>ENET_IRQHandler</STRONG> (Thumb, 0 bytes, Stack size 0 bytes, startup_gd32f450.o(.text))
<BR>[Address Reference Count : 1]<UL><LI> startup_gd32f450.o(RESET)
</UL>
<P><STRONG><a name="[57]"></a>ENET_WKUP_IRQHandler</STRONG> (Thumb, 0 bytes, Stack size 0 bytes, startup_gd32f450.o(.text))
<BR>[Address Reference Count : 1]<UL><LI> startup_gd32f450.o(RESET)
</UL>
<P><STRONG><a name="[49]"></a>EXMC_IRQHandler</STRONG> (Thumb, 0 bytes, Stack size 0 bytes, startup_gd32f450.o(.text))
<BR>[Address Reference Count : 1]<UL><LI> startup_gd32f450.o(RESET)
</UL>
<P><STRONG><a name="[1f]"></a>EXTI0_IRQHandler</STRONG> (Thumb, 0 bytes, Stack size 0 bytes, startup_gd32f450.o(.text))
<BR>[Address Reference Count : 1]<UL><LI> startup_gd32f450.o(RESET)
</UL>
<P><STRONG><a name="[41]"></a>EXTI10_15_IRQHandler</STRONG> (Thumb, 0 bytes, Stack size 0 bytes, startup_gd32f450.o(.text))
<BR>[Address Reference Count : 1]<UL><LI> startup_gd32f450.o(RESET)
</UL>
<P><STRONG><a name="[20]"></a>EXTI1_IRQHandler</STRONG> (Thumb, 0 bytes, Stack size 0 bytes, startup_gd32f450.o(.text))
<BR>[Address Reference Count : 1]<UL><LI> startup_gd32f450.o(RESET)
</UL>
<P><STRONG><a name="[21]"></a>EXTI2_IRQHandler</STRONG> (Thumb, 0 bytes, Stack size 0 bytes, startup_gd32f450.o(.text))
<BR>[Address Reference Count : 1]<UL><LI> startup_gd32f450.o(RESET)
</UL>
<P><STRONG><a name="[22]"></a>EXTI3_IRQHandler</STRONG> (Thumb, 0 bytes, Stack size 0 bytes, startup_gd32f450.o(.text))
<BR>[Address Reference Count : 1]<UL><LI> startup_gd32f450.o(RESET)
</UL>
<P><STRONG><a name="[23]"></a>EXTI4_IRQHandler</STRONG> (Thumb, 0 bytes, Stack size 0 bytes, startup_gd32f450.o(.text))
<BR>[Address Reference Count : 1]<UL><LI> startup_gd32f450.o(RESET)
</UL>
<P><STRONG><a name="[30]"></a>EXTI5_9_IRQHandler</STRONG> (Thumb, 0 bytes, Stack size 0 bytes, startup_gd32f450.o(.text))
<BR>[Address Reference Count : 1]<UL><LI> startup_gd32f450.o(RESET)
</UL>
<P><STRONG><a name="[1d]"></a>FMC_IRQHandler</STRONG> (Thumb, 0 bytes, Stack size 0 bytes, startup_gd32f450.o(.text))
<BR>[Address Reference Count : 1]<UL><LI> startup_gd32f450.o(RESET)
</UL>
<P><STRONG><a name="[69]"></a>FPU_IRQHandler</STRONG> (Thumb, 0 bytes, Stack size 0 bytes, startup_gd32f450.o(.text))
<BR>[Address Reference Count : 1]<UL><LI> startup_gd32f450.o(RESET)
</UL>
<P><STRONG><a name="[39]"></a>I2C0_ER_IRQHandler</STRONG> (Thumb, 0 bytes, Stack size 0 bytes, startup_gd32f450.o(.text))
<BR>[Address Reference Count : 1]<UL><LI> startup_gd32f450.o(RESET)
</UL>
<P><STRONG><a name="[38]"></a>I2C0_EV_IRQHandler</STRONG> (Thumb, 0 bytes, Stack size 0 bytes, startup_gd32f450.o(.text))
<BR>[Address Reference Count : 1]<UL><LI> startup_gd32f450.o(RESET)
</UL>
<P><STRONG><a name="[3b]"></a>I2C1_ER_IRQHandler</STRONG> (Thumb, 0 bytes, Stack size 0 bytes, startup_gd32f450.o(.text))
<BR>[Address Reference Count : 1]<UL><LI> startup_gd32f450.o(RESET)
</UL>
<P><STRONG><a name="[3a]"></a>I2C1_EV_IRQHandler</STRONG> (Thumb, 0 bytes, Stack size 0 bytes, startup_gd32f450.o(.text))
<BR>[Address Reference Count : 1]<UL><LI> startup_gd32f450.o(RESET)
</UL>
<P><STRONG><a name="[62]"></a>I2C2_ER_IRQHandler</STRONG> (Thumb, 0 bytes, Stack size 0 bytes, startup_gd32f450.o(.text))
<BR>[Address Reference Count : 1]<UL><LI> startup_gd32f450.o(RESET)
</UL>
<P><STRONG><a name="[61]"></a>I2C2_EV_IRQHandler</STRONG> (Thumb, 0 bytes, Stack size 0 bytes, startup_gd32f450.o(.text))
<BR>[Address Reference Count : 1]<UL><LI> startup_gd32f450.o(RESET)
</UL>
<P><STRONG><a name="[71]"></a>IPA_IRQHandler</STRONG> (Thumb, 0 bytes, Stack size 0 bytes, startup_gd32f450.o(.text))
<BR>[Address Reference Count : 1]<UL><LI> startup_gd32f450.o(RESET)
</UL>
<P><STRONG><a name="[1a]"></a>LVD_IRQHandler</STRONG> (Thumb, 0 bytes, Stack size 0 bytes, startup_gd32f450.o(.text))
<BR>[Address Reference Count : 1]<UL><LI> startup_gd32f450.o(RESET)
</UL>
<P><STRONG><a name="[1e]"></a>RCU_CTC_IRQHandler</STRONG> (Thumb, 0 bytes, Stack size 0 bytes, startup_gd32f450.o(.text))
<BR>[Address Reference Count : 1]<UL><LI> startup_gd32f450.o(RESET)
</UL>
<P><STRONG><a name="[42]"></a>RTC_Alarm_IRQHandler</STRONG> (Thumb, 0 bytes, Stack size 0 bytes, startup_gd32f450.o(.text))
<BR>[Address Reference Count : 1]<UL><LI> startup_gd32f450.o(RESET)
</UL>
<P><STRONG><a name="[1c]"></a>RTC_WKUP_IRQHandler</STRONG> (Thumb, 0 bytes, Stack size 0 bytes, startup_gd32f450.o(.text))
<BR>[Address Reference Count : 1]<UL><LI> startup_gd32f450.o(RESET)
</UL>
<P><STRONG><a name="[4a]"></a>SDIO_IRQHandler</STRONG> (Thumb, 0 bytes, Stack size 0 bytes, startup_gd32f450.o(.text))
<BR>[Address Reference Count : 1]<UL><LI> startup_gd32f450.o(RESET)
</UL>
<P><STRONG><a name="[3c]"></a>SPI0_IRQHandler</STRONG> (Thumb, 0 bytes, Stack size 0 bytes, startup_gd32f450.o(.text))
<BR>[Address Reference Count : 1]<UL><LI> startup_gd32f450.o(RESET)
</UL>
<P><STRONG><a name="[3d]"></a>SPI1_IRQHandler</STRONG> (Thumb, 0 bytes, Stack size 0 bytes, startup_gd32f450.o(.text))
<BR>[Address Reference Count : 1]<UL><LI> startup_gd32f450.o(RESET)
</UL>
<P><STRONG><a name="[4c]"></a>SPI2_IRQHandler</STRONG> (Thumb, 0 bytes, Stack size 0 bytes, startup_gd32f450.o(.text))
<BR>[Address Reference Count : 1]<UL><LI> startup_gd32f450.o(RESET)
</UL>
<P><STRONG><a name="[6c]"></a>SPI3_IRQHandler</STRONG> (Thumb, 0 bytes, Stack size 0 bytes, startup_gd32f450.o(.text))
<BR>[Address Reference Count : 1]<UL><LI> startup_gd32f450.o(RESET)
</UL>
<P><STRONG><a name="[6d]"></a>SPI4_IRQHandler</STRONG> (Thumb, 0 bytes, Stack size 0 bytes, startup_gd32f450.o(.text))
<BR>[Address Reference Count : 1]<UL><LI> startup_gd32f450.o(RESET)
</UL>
<P><STRONG><a name="[6e]"></a>SPI5_IRQHandler</STRONG> (Thumb, 0 bytes, Stack size 0 bytes, startup_gd32f450.o(.text))
<BR>[Address Reference Count : 1]<UL><LI> startup_gd32f450.o(RESET)
</UL>
<P><STRONG><a name="[1b]"></a>TAMPER_STAMP_IRQHandler</STRONG> (Thumb, 0 bytes, Stack size 0 bytes, startup_gd32f450.o(.text))
<BR>[Address Reference Count : 1]<UL><LI> startup_gd32f450.o(RESET)
</UL>
<P><STRONG><a name="[31]"></a>TIMER0_BRK_TIMER8_IRQHandler</STRONG> (Thumb, 0 bytes, Stack size 0 bytes, startup_gd32f450.o(.text))
<BR>[Address Reference Count : 1]<UL><LI> startup_gd32f450.o(RESET)
</UL>
<P><STRONG><a name="[34]"></a>TIMER0_Channel_IRQHandler</STRONG> (Thumb, 0 bytes, Stack size 0 bytes, startup_gd32f450.o(.text))
<BR>[Address Reference Count : 1]<UL><LI> startup_gd32f450.o(RESET)
</UL>
<P><STRONG><a name="[33]"></a>TIMER0_TRG_CMT_TIMER10_IRQHandler</STRONG> (Thumb, 0 bytes, Stack size 0 bytes, startup_gd32f450.o(.text))
<BR>[Address Reference Count : 1]<UL><LI> startup_gd32f450.o(RESET)
</UL>
<P><STRONG><a name="[32]"></a>TIMER0_UP_TIMER9_IRQHandler</STRONG> (Thumb, 0 bytes, Stack size 0 bytes, startup_gd32f450.o(.text))
<BR>[Address Reference Count : 1]<UL><LI> startup_gd32f450.o(RESET)
</UL>
<P><STRONG><a name="[35]"></a>TIMER1_IRQHandler</STRONG> (Thumb, 0 bytes, Stack size 0 bytes, startup_gd32f450.o(.text))
<BR>[Address Reference Count : 1]<UL><LI> startup_gd32f450.o(RESET)
</UL>
<P><STRONG><a name="[4b]"></a>TIMER4_IRQHandler</STRONG> (Thumb, 0 bytes, Stack size 0 bytes, startup_gd32f450.o(.text))
<BR>[Address Reference Count : 1]<UL><LI> startup_gd32f450.o(RESET)
</UL>
<P><STRONG><a name="[4f]"></a>TIMER5_DAC_IRQHandler</STRONG> (Thumb, 0 bytes, Stack size 0 bytes, startup_gd32f450.o(.text))
<BR>[Address Reference Count : 1]<UL><LI> startup_gd32f450.o(RESET)
</UL>
<P><STRONG><a name="[50]"></a>TIMER6_IRQHandler</STRONG> (Thumb, 0 bytes, Stack size 0 bytes, startup_gd32f450.o(.text))
<BR>[Address Reference Count : 1]<UL><LI> startup_gd32f450.o(RESET)
</UL>
<P><STRONG><a name="[44]"></a>TIMER7_BRK_TIMER11_IRQHandler</STRONG> (Thumb, 0 bytes, Stack size 0 bytes, startup_gd32f450.o(.text))
<BR>[Address Reference Count : 1]<UL><LI> startup_gd32f450.o(RESET)
</UL>
<P><STRONG><a name="[47]"></a>TIMER7_Channel_IRQHandler</STRONG> (Thumb, 0 bytes, Stack size 0 bytes, startup_gd32f450.o(.text))
<BR>[Address Reference Count : 1]<UL><LI> startup_gd32f450.o(RESET)
</UL>
<P><STRONG><a name="[46]"></a>TIMER7_TRG_CMT_TIMER13_IRQHandler</STRONG> (Thumb, 0 bytes, Stack size 0 bytes, startup_gd32f450.o(.text))
<BR>[Address Reference Count : 1]<UL><LI> startup_gd32f450.o(RESET)
</UL>
<P><STRONG><a name="[45]"></a>TIMER7_UP_TIMER12_IRQHandler</STRONG> (Thumb, 0 bytes, Stack size 0 bytes, startup_gd32f450.o(.text))
<BR>[Address Reference Count : 1]<UL><LI> startup_gd32f450.o(RESET)
</UL>
<P><STRONG><a name="[70]"></a>TLI_ER_IRQHandler</STRONG> (Thumb, 0 bytes, Stack size 0 bytes, startup_gd32f450.o(.text))
<BR>[Address Reference Count : 1]<UL><LI> startup_gd32f450.o(RESET)
</UL>
<P><STRONG><a name="[6f]"></a>TLI_IRQHandler</STRONG> (Thumb, 0 bytes, Stack size 0 bytes, startup_gd32f450.o(.text))
<BR>[Address Reference Count : 1]<UL><LI> startup_gd32f450.o(RESET)
</UL>
<P><STRONG><a name="[68]"></a>TRNG_IRQHandler</STRONG> (Thumb, 0 bytes, Stack size 0 bytes, startup_gd32f450.o(.text))
<BR>[Address Reference Count : 1]<UL><LI> startup_gd32f450.o(RESET)
</UL>
<P><STRONG><a name="[4d]"></a>UART3_IRQHandler</STRONG> (Thumb, 0 bytes, Stack size 0 bytes, startup_gd32f450.o(.text))
<BR>[Address Reference Count : 1]<UL><LI> startup_gd32f450.o(RESET)
</UL>
<P><STRONG><a name="[4e]"></a>UART4_IRQHandler</STRONG> (Thumb, 0 bytes, Stack size 0 bytes, startup_gd32f450.o(.text))
<BR>[Address Reference Count : 1]<UL><LI> startup_gd32f450.o(RESET)
</UL>
<P><STRONG><a name="[6a]"></a>UART6_IRQHandler</STRONG> (Thumb, 0 bytes, Stack size 0 bytes, startup_gd32f450.o(.text))
<BR>[Address Reference Count : 1]<UL><LI> startup_gd32f450.o(RESET)
</UL>
<P><STRONG><a name="[6b]"></a>UART7_IRQHandler</STRONG> (Thumb, 0 bytes, Stack size 0 bytes, startup_gd32f450.o(.text))
<BR>[Address Reference Count : 1]<UL><LI> startup_gd32f450.o(RESET)
</UL>
<P><STRONG><a name="[3e]"></a>USART0_IRQHandler</STRONG> (Thumb, 0 bytes, Stack size 0 bytes, startup_gd32f450.o(.text))
<BR>[Address Reference Count : 1]<UL><LI> startup_gd32f450.o(RESET)
</UL>
<P><STRONG><a name="[3f]"></a>USART1_IRQHandler</STRONG> (Thumb, 0 bytes, Stack size 0 bytes, startup_gd32f450.o(.text))
<BR>[Address Reference Count : 1]<UL><LI> startup_gd32f450.o(RESET)
</UL>
<P><STRONG><a name="[40]"></a>USART2_IRQHandler</STRONG> (Thumb, 0 bytes, Stack size 0 bytes, startup_gd32f450.o(.text))
<BR>[Address Reference Count : 1]<UL><LI> startup_gd32f450.o(RESET)
</UL>
<P><STRONG><a name="[60]"></a>USART5_IRQHandler</STRONG> (Thumb, 0 bytes, Stack size 0 bytes, startup_gd32f450.o(.text))
<BR>[Address Reference Count : 1]<UL><LI> startup_gd32f450.o(RESET)
</UL>
<P><STRONG><a name="[5c]"></a>USBFS_IRQHandler</STRONG> (Thumb, 0 bytes, Stack size 0 bytes, startup_gd32f450.o(.text))
<BR>[Address Reference Count : 1]<UL><LI> startup_gd32f450.o(RESET)
</UL>
<P><STRONG><a name="[43]"></a>USBFS_WKUP_IRQHandler</STRONG> (Thumb, 0 bytes, Stack size 0 bytes, startup_gd32f450.o(.text))
<BR>[Address Reference Count : 1]<UL><LI> startup_gd32f450.o(RESET)
</UL>
<P><STRONG><a name="[64]"></a>USBHS_EP1_In_IRQHandler</STRONG> (Thumb, 0 bytes, Stack size 0 bytes, startup_gd32f450.o(.text))
<BR>[Address Reference Count : 1]<UL><LI> startup_gd32f450.o(RESET)
</UL>
<P><STRONG><a name="[63]"></a>USBHS_EP1_Out_IRQHandler</STRONG> (Thumb, 0 bytes, Stack size 0 bytes, startup_gd32f450.o(.text))
<BR>[Address Reference Count : 1]<UL><LI> startup_gd32f450.o(RESET)
</UL>
<P><STRONG><a name="[66]"></a>USBHS_IRQHandler</STRONG> (Thumb, 0 bytes, Stack size 0 bytes, startup_gd32f450.o(.text))
<BR>[Address Reference Count : 1]<UL><LI> startup_gd32f450.o(RESET)
</UL>
<P><STRONG><a name="[65]"></a>USBHS_WKUP_IRQHandler</STRONG> (Thumb, 0 bytes, Stack size 0 bytes, startup_gd32f450.o(.text))
<BR>[Address Reference Count : 1]<UL><LI> startup_gd32f450.o(RESET)
</UL>
<P><STRONG><a name="[19]"></a>WWDGT_IRQHandler</STRONG> (Thumb, 0 bytes, Stack size 0 bytes, startup_gd32f450.o(.text))
<BR>[Address Reference Count : 1]<UL><LI> startup_gd32f450.o(RESET)
</UL>
<P><STRONG><a name="[d6]"></a>__user_initial_stackheap</STRONG> (Thumb, 10 bytes, Stack size 0 bytes, startup_gd32f450.o(.text))
<BR><BR>[Called By]<UL><LI><a href="#[ba]">&gt;&gt;</a>&nbsp;&nbsp;&nbsp;__user_setup_stackheap
</UL>

<P><STRONG><a name="[16b]"></a>rt_hw_interrupt_disable</STRONG> (Thumb, 8 bytes, Stack size 0 bytes, context_rvds.o(.text))
<BR><BR>[Called By]<UL><LI><a href="#[122]">&gt;&gt;</a>&nbsp;&nbsp;&nbsp;rt_timer_stop
<LI><a href="#[124]">&gt;&gt;</a>&nbsp;&nbsp;&nbsp;rt_timer_start
<LI><a href="#[12a]">&gt;&gt;</a>&nbsp;&nbsp;&nbsp;rt_thread_delete
<LI><a href="#[174]">&gt;&gt;</a>&nbsp;&nbsp;&nbsp;rt_exit_critical
<LI><a href="#[173]">&gt;&gt;</a>&nbsp;&nbsp;&nbsp;rt_enter_critical
<LI><a href="#[19b]">&gt;&gt;</a>&nbsp;&nbsp;&nbsp;rt_timer_control
<LI><a href="#[185]">&gt;&gt;</a>&nbsp;&nbsp;&nbsp;rt_thread_suspend
<LI><a href="#[183]">&gt;&gt;</a>&nbsp;&nbsp;&nbsp;rt_thread_resume
<LI><a href="#[175]">&gt;&gt;</a>&nbsp;&nbsp;&nbsp;rt_schedule
<LI><a href="#[191]">&gt;&gt;</a>&nbsp;&nbsp;&nbsp;rt_object_init
<LI><a href="#[190]">&gt;&gt;</a>&nbsp;&nbsp;&nbsp;rt_object_detach
<LI><a href="#[18a]">&gt;&gt;</a>&nbsp;&nbsp;&nbsp;rt_object_allocate
<LI><a href="#[177]">&gt;&gt;</a>&nbsp;&nbsp;&nbsp;rt_sem_take
<LI><a href="#[179]">&gt;&gt;</a>&nbsp;&nbsp;&nbsp;rt_sem_release
<LI><a href="#[18e]">&gt;&gt;</a>&nbsp;&nbsp;&nbsp;rt_object_delete
<LI><a href="#[1a4]">&gt;&gt;</a>&nbsp;&nbsp;&nbsp;rt_thread_idle_excute
<LI><a href="#[de]">&gt;&gt;</a>&nbsp;&nbsp;&nbsp;rtthread_startup
<LI><a href="#[1ab]">&gt;&gt;</a>&nbsp;&nbsp;&nbsp;rt_timer_check
<LI><a href="#[1aa]">&gt;&gt;</a>&nbsp;&nbsp;&nbsp;rt_thread_yield
<LI><a href="#[181]">&gt;&gt;</a>&nbsp;&nbsp;&nbsp;rt_interrupt_leave
<LI><a href="#[180]">&gt;&gt;</a>&nbsp;&nbsp;&nbsp;rt_interrupt_enter
<LI><a href="#[1a1]">&gt;&gt;</a>&nbsp;&nbsp;&nbsp;rt_timer_detach
<LI><a href="#[1a8]">&gt;&gt;</a>&nbsp;&nbsp;&nbsp;rt_thread_sleep
<LI><a href="#[7b]">&gt;&gt;</a>&nbsp;&nbsp;&nbsp;rt_thread_exit
<LI><a href="#[16a]">&gt;&gt;</a>&nbsp;&nbsp;&nbsp;_thread_cleanup_execute
<LI><a href="#[197]">&gt;&gt;</a>&nbsp;&nbsp;&nbsp;rt_schedule_remove_thread
<LI><a href="#[196]">&gt;&gt;</a>&nbsp;&nbsp;&nbsp;rt_schedule_insert_thread
</UL>

<P><STRONG><a name="[16c]"></a>rt_hw_interrupt_enable</STRONG> (Thumb, 6 bytes, Stack size 0 bytes, context_rvds.o(.text))
<BR><BR>[Called By]<UL><LI><a href="#[122]">&gt;&gt;</a>&nbsp;&nbsp;&nbsp;rt_timer_stop
<LI><a href="#[124]">&gt;&gt;</a>&nbsp;&nbsp;&nbsp;rt_timer_start
<LI><a href="#[12a]">&gt;&gt;</a>&nbsp;&nbsp;&nbsp;rt_thread_delete
<LI><a href="#[174]">&gt;&gt;</a>&nbsp;&nbsp;&nbsp;rt_exit_critical
<LI><a href="#[173]">&gt;&gt;</a>&nbsp;&nbsp;&nbsp;rt_enter_critical
<LI><a href="#[19b]">&gt;&gt;</a>&nbsp;&nbsp;&nbsp;rt_timer_control
<LI><a href="#[185]">&gt;&gt;</a>&nbsp;&nbsp;&nbsp;rt_thread_suspend
<LI><a href="#[183]">&gt;&gt;</a>&nbsp;&nbsp;&nbsp;rt_thread_resume
<LI><a href="#[175]">&gt;&gt;</a>&nbsp;&nbsp;&nbsp;rt_schedule
<LI><a href="#[191]">&gt;&gt;</a>&nbsp;&nbsp;&nbsp;rt_object_init
<LI><a href="#[190]">&gt;&gt;</a>&nbsp;&nbsp;&nbsp;rt_object_detach
<LI><a href="#[18a]">&gt;&gt;</a>&nbsp;&nbsp;&nbsp;rt_object_allocate
<LI><a href="#[177]">&gt;&gt;</a>&nbsp;&nbsp;&nbsp;rt_sem_take
<LI><a href="#[179]">&gt;&gt;</a>&nbsp;&nbsp;&nbsp;rt_sem_release
<LI><a href="#[18e]">&gt;&gt;</a>&nbsp;&nbsp;&nbsp;rt_object_delete
<LI><a href="#[1a4]">&gt;&gt;</a>&nbsp;&nbsp;&nbsp;rt_thread_idle_excute
<LI><a href="#[1ab]">&gt;&gt;</a>&nbsp;&nbsp;&nbsp;rt_timer_check
<LI><a href="#[1aa]">&gt;&gt;</a>&nbsp;&nbsp;&nbsp;rt_thread_yield
<LI><a href="#[181]">&gt;&gt;</a>&nbsp;&nbsp;&nbsp;rt_interrupt_leave
<LI><a href="#[180]">&gt;&gt;</a>&nbsp;&nbsp;&nbsp;rt_interrupt_enter
<LI><a href="#[1a1]">&gt;&gt;</a>&nbsp;&nbsp;&nbsp;rt_timer_detach
<LI><a href="#[1a8]">&gt;&gt;</a>&nbsp;&nbsp;&nbsp;rt_thread_sleep
<LI><a href="#[7b]">&gt;&gt;</a>&nbsp;&nbsp;&nbsp;rt_thread_exit
<LI><a href="#[16a]">&gt;&gt;</a>&nbsp;&nbsp;&nbsp;_thread_cleanup_execute
<LI><a href="#[197]">&gt;&gt;</a>&nbsp;&nbsp;&nbsp;rt_schedule_remove_thread
<LI><a href="#[196]">&gt;&gt;</a>&nbsp;&nbsp;&nbsp;rt_schedule_insert_thread
</UL>

<P><STRONG><a name="[194]"></a>rt_hw_context_switch</STRONG> (Thumb, 32 bytes, Stack size 0 bytes, context_rvds.o(.text))
<BR><BR>[Called By]<UL><LI><a href="#[175]">&gt;&gt;</a>&nbsp;&nbsp;&nbsp;rt_schedule
</UL>

<P><STRONG><a name="[195]"></a>rt_hw_context_switch_interrupt</STRONG> (Thumb, 0 bytes, Stack size 0 bytes, context_rvds.o(.text))
<BR><BR>[Called By]<UL><LI><a href="#[175]">&gt;&gt;</a>&nbsp;&nbsp;&nbsp;rt_schedule
</UL>

<P><STRONG><a name="[17]"></a>PendSV_Handler</STRONG> (Thumb, 108 bytes, Stack size 0 bytes, context_rvds.o(.text))
<BR>[Address Reference Count : 1]<UL><LI> startup_gd32f450.o(RESET)
</UL>
<P><STRONG><a name="[19f]"></a>rt_hw_context_switch_to</STRONG> (Thumb, 68 bytes, Stack size 0 bytes, context_rvds.o(.text))
<BR><BR>[Called By]<UL><LI><a href="#[19e]">&gt;&gt;</a>&nbsp;&nbsp;&nbsp;rt_system_scheduler_start
</UL>

<P><STRONG><a name="[1ee]"></a>rt_hw_interrupt_thread_switch</STRONG> (Thumb, 2 bytes, Stack size 0 bytes, context_rvds.o(.text), UNUSED)

<P><STRONG><a name="[11]"></a>HardFault_Handler</STRONG> (Thumb, 56 bytes, Stack size 0 bytes, context_rvds.o(.text))
<BR><BR>[Stack]<UL><LI>Max Depth = 24<LI>Call Chain = HardFault_Handler &rArr; rt_hw_hard_fault_exception
</UL>
<BR>[Calls]<UL><LI><a href="#[c4]">&gt;&gt;</a>&nbsp;&nbsp;&nbsp;rt_hw_hard_fault_exception
</UL>
<BR>[Address Reference Count : 1]<UL><LI> startup_gd32f450.o(RESET)
</UL>
<P><STRONG><a name="[e8]"></a>__aeabi_memcpy4</STRONG> (Thumb, 0 bytes, Stack size 8 bytes, rt_memcpy_w.o(.text))
<BR><BR>[Stack]<UL><LI>Max Depth = 8<LI>Call Chain = __aeabi_memcpy4
</UL>
<BR>[Called By]<UL><LI><a href="#[e7]">&gt;&gt;</a>&nbsp;&nbsp;&nbsp;show_const()
</UL>

<P><STRONG><a name="[1ef]"></a>__aeabi_memcpy8</STRONG> (Thumb, 0 bytes, Stack size 8 bytes, rt_memcpy_w.o(.text), UNUSED)

<P><STRONG><a name="[1f0]"></a>__rt_memcpy_w</STRONG> (Thumb, 100 bytes, Stack size 8 bytes, rt_memcpy_w.o(.text), UNUSED)

<P><STRONG><a name="[1f1]"></a>_memcpy_lastbytes_aligned</STRONG> (Thumb, 0 bytes, Stack size unknown bytes, rt_memcpy_w.o(.text), UNUSED)

<P><STRONG><a name="[13a]"></a>__aeabi_memclr4</STRONG> (Thumb, 0 bytes, Stack size 4 bytes, rt_memclr_w.o(.text))
<BR><BR>[Stack]<UL><LI>Max Depth = 4<LI>Call Chain = __aeabi_memclr4
</UL>
<BR>[Called By]<UL><LI><a href="#[78]">&gt;&gt;</a>&nbsp;&nbsp;&nbsp;TASK_MPU::MPU_FUN(void*)
</UL>

<P><STRONG><a name="[1f2]"></a>__aeabi_memclr8</STRONG> (Thumb, 0 bytes, Stack size 4 bytes, rt_memclr_w.o(.text), UNUSED)

<P><STRONG><a name="[1f3]"></a>__rt_memclr_w</STRONG> (Thumb, 78 bytes, Stack size 4 bytes, rt_memclr_w.o(.text), UNUSED)

<P><STRONG><a name="[1f4]"></a>_memset_w</STRONG> (Thumb, 0 bytes, Stack size unknown bytes, rt_memclr_w.o(.text), UNUSED)

<P><STRONG><a name="[1f5]"></a>__use_two_region_memory</STRONG> (Thumb, 2 bytes, Stack size 0 bytes, heapauxi.o(.text), UNUSED)

<P><STRONG><a name="[7]"></a>__rt_heap_escrow</STRONG> (Thumb, 2 bytes, Stack size 0 bytes, heapauxi.o(.text), UNUSED)

<P><STRONG><a name="[6]"></a>__rt_heap_expand</STRONG> (Thumb, 2 bytes, Stack size 0 bytes, heapauxi.o(.text), UNUSED)

<P><STRONG><a name="[b0]"></a>__cpp_initialize__aeabi_</STRONG> (Thumb, 26 bytes, Stack size 16 bytes, init_aeabi.o(.text))
<BR><BR>[Stack]<UL><LI>Max Depth = 16<LI>Call Chain = __cpp_initialize__aeabi_
</UL>
<BR>[Called By]<UL><LI><a href="#[b8]">&gt;&gt;</a>&nbsp;&nbsp;&nbsp;__rt_lib_init_cpp_2
</UL>

<P><STRONG><a name="[15c]"></a>__rt_new_handler_addr</STRONG> (Thumb, 8 bytes, Stack size 0 bytes, rt_new_handler_addr_intlibspace.o(.text))
<BR><BR>[Called By]<UL><LI><a href="#[132]">&gt;&gt;</a>&nbsp;&nbsp;&nbsp;operator new(unsigned)
</UL>

<P><STRONG><a name="[c5]"></a>malloc</STRONG> (Thumb, 94 bytes, Stack size 16 bytes, h1_alloc.o(.text))
<BR><BR>[Stack]<UL><LI>Max Depth = 48<LI>Call Chain = malloc &rArr; __Heap_Full &rArr; __Heap_ProvideMemory &rArr; free
</UL>
<BR>[Calls]<UL><LI><a href="#[c6]">&gt;&gt;</a>&nbsp;&nbsp;&nbsp;__rt_heap_descriptor
<LI><a href="#[c7]">&gt;&gt;</a>&nbsp;&nbsp;&nbsp;__Heap_Full
</UL>
<BR>[Called By]<UL><LI><a href="#[132]">&gt;&gt;</a>&nbsp;&nbsp;&nbsp;operator new(unsigned)
<LI><a href="#[d4]">&gt;&gt;</a>&nbsp;&nbsp;&nbsp;__ARM_exceptions_buffer_init
<LI><a href="#[d1]">&gt;&gt;</a>&nbsp;&nbsp;&nbsp;__cxa_get_globals
</UL>

<P><STRONG><a name="[c8]"></a>__read_errno</STRONG> (Thumb, 10 bytes, Stack size 8 bytes, _rserrno.o(.text), UNUSED)
<BR><BR>[Calls]<UL><LI><a href="#[c9]">&gt;&gt;</a>&nbsp;&nbsp;&nbsp;__aeabi_errno_addr
</UL>

<P><STRONG><a name="[ca]"></a>__set_errno</STRONG> (Thumb, 12 bytes, Stack size 8 bytes, _rserrno.o(.text))
<BR><BR>[Stack]<UL><LI>Max Depth = 8<LI>Call Chain = __set_errno
</UL>
<BR>[Calls]<UL><LI><a href="#[c9]">&gt;&gt;</a>&nbsp;&nbsp;&nbsp;__aeabi_errno_addr
</UL>
<BR>[Called By]<UL><LI><a href="#[15b]">&gt;&gt;</a>&nbsp;&nbsp;&nbsp;__hardfp_sqrtf
</UL>

<P><STRONG><a name="[7a]"></a>__default_new_handler()</STRONG> (Thumb, 4 bytes, Stack size 0 bytes, arm_newhandler_noexceptions.o(.text))
<BR><BR>[Stack]<UL><LI>Max Depth = 80 + Unknown Stack Size
<LI>Call Chain = __default_new_handler() &rArr; std::terminate() &rArr; __cxa_get_globals &rArr; __ARM_exceptions_buffer_init &rArr; malloc &rArr; __Heap_Full &rArr; __Heap_ProvideMemory &rArr; free
</UL>
<BR>[Calls]<UL><LI><a href="#[cb]">&gt;&gt;</a>&nbsp;&nbsp;&nbsp;std::terminate()
</UL>
<BR>[Address Reference Count : 1]<UL><LI> new.o(i._Znwj)
</UL>
<P><STRONG><a name="[1f6]"></a>__user_libspace</STRONG> (Thumb, 8 bytes, Stack size 0 bytes, libspace.o(.text), UNUSED)

<P><STRONG><a name="[d5]"></a>__user_perproc_libspace</STRONG> (Thumb, 0 bytes, Stack size 0 bytes, libspace.o(.text))
<BR><BR>[Called By]<UL><LI><a href="#[ba]">&gt;&gt;</a>&nbsp;&nbsp;&nbsp;__user_setup_stackheap
</UL>

<P><STRONG><a name="[1f7]"></a>__user_perthread_libspace</STRONG> (Thumb, 0 bytes, Stack size 0 bytes, libspace.o(.text), UNUSED)

<P><STRONG><a name="[c6]"></a>__rt_heap_descriptor</STRONG> (Thumb, 8 bytes, Stack size 0 bytes, rt_heap_descriptor_intlibspace.o(.text))
<BR><BR>[Called By]<UL><LI><a href="#[c5]">&gt;&gt;</a>&nbsp;&nbsp;&nbsp;malloc
<LI><a href="#[d0]">&gt;&gt;</a>&nbsp;&nbsp;&nbsp;free
<LI><a href="#[b7]">&gt;&gt;</a>&nbsp;&nbsp;&nbsp;_init_alloc
</UL>

<P><STRONG><a name="[c9]"></a>__aeabi_errno_addr</STRONG> (Thumb, 8 bytes, Stack size 0 bytes, rt_errno_addr_intlibspace.o(.text))
<BR><BR>[Called By]<UL><LI><a href="#[ca]">&gt;&gt;</a>&nbsp;&nbsp;&nbsp;__set_errno
<LI><a href="#[c8]">&gt;&gt;</a>&nbsp;&nbsp;&nbsp;__read_errno
</UL>

<P><STRONG><a name="[1f8]"></a>__errno$intlibspace</STRONG> (Thumb, 0 bytes, Stack size 0 bytes, rt_errno_addr_intlibspace.o(.text), UNUSED)

<P><STRONG><a name="[1f9]"></a>__rt_errno_addr$intlibspace</STRONG> (Thumb, 0 bytes, Stack size 0 bytes, rt_errno_addr_intlibspace.o(.text), UNUSED)

<P><STRONG><a name="[1fa]"></a>__use_no_heap</STRONG> (Thumb, 2 bytes, Stack size 0 bytes, hguard.o(.text), UNUSED)

<P><STRONG><a name="[1fb]"></a>__heap$guard</STRONG> (Thumb, 2 bytes, Stack size 0 bytes, hguard.o(.text), UNUSED)

<P><STRONG><a name="[e]"></a>_terminate_user_alloc</STRONG> (Thumb, 2 bytes, Stack size 0 bytes, init_alloc.o(.text), UNUSED)

<P><STRONG><a name="[2]"></a>_init_user_alloc</STRONG> (Thumb, 2 bytes, Stack size 0 bytes, init_alloc.o(.text), UNUSED)

<P><STRONG><a name="[c7]"></a>__Heap_Full</STRONG> (Thumb, 34 bytes, Stack size 16 bytes, init_alloc.o(.text))
<BR><BR>[Stack]<UL><LI>Max Depth = 32<LI>Call Chain = __Heap_Full &rArr; __Heap_ProvideMemory &rArr; free
</UL>
<BR>[Calls]<UL><LI><a href="#[cc]">&gt;&gt;</a>&nbsp;&nbsp;&nbsp;__Heap_ProvideMemory
</UL>
<BR>[Called By]<UL><LI><a href="#[c5]">&gt;&gt;</a>&nbsp;&nbsp;&nbsp;malloc
</UL>

<P><STRONG><a name="[cd]"></a>__Heap_Broken</STRONG> (Thumb, 6 bytes, Stack size 0 bytes, init_alloc.o(.text), UNUSED)
<BR><BR>[Calls]<UL><LI><a href="#[ce]">&gt;&gt;</a>&nbsp;&nbsp;&nbsp;__rt_SIGRTMEM
</UL>

<P><STRONG><a name="[b7]"></a>_init_alloc</STRONG> (Thumb, 94 bytes, Stack size 24 bytes, init_alloc.o(.text))
<BR><BR>[Stack]<UL><LI>Max Depth = 64<LI>Call Chain = _init_alloc &rArr; __rt_SIGRTMEM &rArr; __rt_SIGRTMEM_inner &rArr; __default_signal_display &rArr; _ttywrch
</UL>
<BR>[Calls]<UL><LI><a href="#[c6]">&gt;&gt;</a>&nbsp;&nbsp;&nbsp;__rt_heap_descriptor
<LI><a href="#[ce]">&gt;&gt;</a>&nbsp;&nbsp;&nbsp;__rt_SIGRTMEM
<LI><a href="#[cc]">&gt;&gt;</a>&nbsp;&nbsp;&nbsp;__Heap_ProvideMemory
<LI><a href="#[cf]">&gt;&gt;</a>&nbsp;&nbsp;&nbsp;__Heap_Initialize
</UL>
<BR>[Called By]<UL><LI><a href="#[b6]">&gt;&gt;</a>&nbsp;&nbsp;&nbsp;__rt_lib_init_heap_2
</UL>

<P><STRONG><a name="[cf]"></a>__Heap_Initialize</STRONG> (Thumb, 10 bytes, Stack size 0 bytes, h1_init.o(.text))
<BR><BR>[Called By]<UL><LI><a href="#[b7]">&gt;&gt;</a>&nbsp;&nbsp;&nbsp;_init_alloc
</UL>

<P><STRONG><a name="[8]"></a>__Heap_DescSize</STRONG> (Thumb, 4 bytes, Stack size 0 bytes, h1_init.o(.text), UNUSED)

<P><STRONG><a name="[d0]"></a>free</STRONG> (Thumb, 78 bytes, Stack size 16 bytes, h1_free.o(.text))
<BR><BR>[Stack]<UL><LI>Max Depth = 16<LI>Call Chain = free
</UL>
<BR>[Calls]<UL><LI><a href="#[c6]">&gt;&gt;</a>&nbsp;&nbsp;&nbsp;__rt_heap_descriptor
</UL>
<BR>[Called By]<UL><LI><a href="#[cc]">&gt;&gt;</a>&nbsp;&nbsp;&nbsp;__Heap_ProvideMemory
</UL>

<P><STRONG><a name="[cb]"></a>std::terminate()</STRONG> (Thumb, 26 bytes, Stack size 8 bytes, arm_exceptions_terminate.o(.text))
<BR><BR>[Stack]<UL><LI>Max Depth = 80 + Unknown Stack Size
<LI>Call Chain = std::terminate() &rArr; __cxa_get_globals &rArr; __ARM_exceptions_buffer_init &rArr; malloc &rArr; __Heap_Full &rArr; __Heap_ProvideMemory &rArr; free
</UL>
<BR>[Calls]<UL><LI><a href="#[d2]">&gt;&gt;</a>&nbsp;&nbsp;&nbsp;abort
<LI><a href="#[d1]">&gt;&gt;</a>&nbsp;&nbsp;&nbsp;__cxa_get_globals
</UL>
<BR>[Called By]<UL><LI><a href="#[7a]">&gt;&gt;</a>&nbsp;&nbsp;&nbsp;__default_new_handler()
</UL>

<P><STRONG><a name="[d1]"></a>__cxa_get_globals</STRONG> (Thumb, 62 bytes, Stack size 16 bytes, arm_exceptions_globs.o(.text))
<BR><BR>[Stack]<UL><LI>Max Depth = 72 + Unknown Stack Size
<LI>Call Chain = __cxa_get_globals &rArr; __ARM_exceptions_buffer_init &rArr; malloc &rArr; __Heap_Full &rArr; __Heap_ProvideMemory &rArr; free
</UL>
<BR>[Calls]<UL><LI><a href="#[c5]">&gt;&gt;</a>&nbsp;&nbsp;&nbsp;malloc
<LI><a href="#[d4]">&gt;&gt;</a>&nbsp;&nbsp;&nbsp;__ARM_exceptions_buffer_init
<LI><a href="#[d2]">&gt;&gt;</a>&nbsp;&nbsp;&nbsp;abort
<LI><a href="#[d3]">&gt;&gt;</a>&nbsp;&nbsp;&nbsp;__rt_eh_globals_addr
</UL>
<BR>[Called By]<UL><LI><a href="#[cb]">&gt;&gt;</a>&nbsp;&nbsp;&nbsp;std::terminate()
</UL>

<P><STRONG><a name="[ba]"></a>__user_setup_stackheap</STRONG> (Thumb, 74 bytes, Stack size 8 bytes, sys_stackheap_outer.o(.text))
<BR><BR>[Stack]<UL><LI>Max Depth = 8<LI>Call Chain = __user_setup_stackheap
</UL>
<BR>[Calls]<UL><LI><a href="#[d6]">&gt;&gt;</a>&nbsp;&nbsp;&nbsp;__user_initial_stackheap
<LI><a href="#[d5]">&gt;&gt;</a>&nbsp;&nbsp;&nbsp;__user_perproc_libspace
</UL>
<BR>[Called By]<UL><LI><a href="#[b9]">&gt;&gt;</a>&nbsp;&nbsp;&nbsp;__rt_entry_sh
</UL>

<P><STRONG><a name="[d3]"></a>__rt_eh_globals_addr</STRONG> (Thumb, 8 bytes, Stack size 0 bytes, rt_eh_globals_addr_intlibspace.o(.text))
<BR><BR>[Called By]<UL><LI><a href="#[d1]">&gt;&gt;</a>&nbsp;&nbsp;&nbsp;__cxa_get_globals
</UL>

<P><STRONG><a name="[cc]"></a>__Heap_ProvideMemory</STRONG> (Thumb, 52 bytes, Stack size 0 bytes, h1_extend.o(.text))
<BR><BR>[Stack]<UL><LI>Max Depth = 16<LI>Call Chain = __Heap_ProvideMemory &rArr; free
</UL>
<BR>[Calls]<UL><LI><a href="#[d0]">&gt;&gt;</a>&nbsp;&nbsp;&nbsp;free
</UL>
<BR>[Called By]<UL><LI><a href="#[b7]">&gt;&gt;</a>&nbsp;&nbsp;&nbsp;_init_alloc
<LI><a href="#[c7]">&gt;&gt;</a>&nbsp;&nbsp;&nbsp;__Heap_Full
</UL>

<P><STRONG><a name="[bf]"></a>exit</STRONG> (Thumb, 18 bytes, Stack size 8 bytes, exit.o(.text))
<BR><BR>[Stack]<UL><LI>Max Depth = 8 + Unknown Stack Size
<LI>Call Chain = exit
</UL>
<BR>[Calls]<UL><LI><a href="#[d7]">&gt;&gt;</a>&nbsp;&nbsp;&nbsp;__rt_exit
</UL>
<BR>[Called By]<UL><LI><a href="#[bd]">&gt;&gt;</a>&nbsp;&nbsp;&nbsp;__rt_entry_main
</UL>

<P><STRONG><a name="[d2]"></a>abort</STRONG> (Thumb, 22 bytes, Stack size 8 bytes, abort.o(.text))
<BR><BR>[Stack]<UL><LI>Max Depth = 48 + Unknown Stack Size
<LI>Call Chain = abort &rArr; __rt_SIGABRT &rArr; __rt_SIGABRT_inner &rArr; __default_signal_display &rArr; _ttywrch
</UL>
<BR>[Calls]<UL><LI><a href="#[c1]">&gt;&gt;</a>&nbsp;&nbsp;&nbsp;__rt_lib_shutdown
<LI><a href="#[d8]">&gt;&gt;</a>&nbsp;&nbsp;&nbsp;__rt_SIGABRT
<LI><a href="#[c3]">&gt;&gt;</a>&nbsp;&nbsp;&nbsp;_sys_exit
</UL>
<BR>[Called By]<UL><LI><a href="#[d1]">&gt;&gt;</a>&nbsp;&nbsp;&nbsp;__cxa_get_globals
<LI><a href="#[74]">&gt;&gt;</a>&nbsp;&nbsp;&nbsp;[local to arm_exceptions_c]::__default_terminate_handler()
<LI><a href="#[cb]">&gt;&gt;</a>&nbsp;&nbsp;&nbsp;std::terminate()
</UL>

<P><STRONG><a name="[ce]"></a>__rt_SIGRTMEM</STRONG> (Thumb, 14 bytes, Stack size 8 bytes, defsig_rtmem_outer.o(.text))
<BR><BR>[Stack]<UL><LI>Max Depth = 40<LI>Call Chain = __rt_SIGRTMEM &rArr; __rt_SIGRTMEM_inner &rArr; __default_signal_display &rArr; _ttywrch
</UL>
<BR>[Calls]<UL><LI><a href="#[d9]">&gt;&gt;</a>&nbsp;&nbsp;&nbsp;__rt_SIGRTMEM_inner
<LI><a href="#[da]">&gt;&gt;</a>&nbsp;&nbsp;&nbsp;__sig_exit
</UL>
<BR>[Called By]<UL><LI><a href="#[b7]">&gt;&gt;</a>&nbsp;&nbsp;&nbsp;_init_alloc
<LI><a href="#[cd]">&gt;&gt;</a>&nbsp;&nbsp;&nbsp;__Heap_Broken
</UL>

<P><STRONG><a name="[d4]"></a>__ARM_exceptions_buffer_init</STRONG> (Thumb, 18 bytes, Stack size 8 bytes, arm_exceptions_mem.o(.text))
<BR><BR>[Stack]<UL><LI>Max Depth = 56<LI>Call Chain = __ARM_exceptions_buffer_init &rArr; malloc &rArr; __Heap_Full &rArr; __Heap_ProvideMemory &rArr; free
</UL>
<BR>[Calls]<UL><LI><a href="#[c5]">&gt;&gt;</a>&nbsp;&nbsp;&nbsp;malloc
</UL>
<BR>[Called By]<UL><LI><a href="#[d1]">&gt;&gt;</a>&nbsp;&nbsp;&nbsp;__cxa_get_globals
</UL>

<P><STRONG><a name="[1fc]"></a>__ARM_exceptions_buffer_allocate</STRONG> (Thumb, 22 bytes, Stack size 0 bytes, arm_exceptions_mem.o(.text), UNUSED)

<P><STRONG><a name="[1fd]"></a>__ARM_exceptions_buffer_free</STRONG> (Thumb, 20 bytes, Stack size 0 bytes, arm_exceptions_mem.o(.text), UNUSED)

<P><STRONG><a name="[c3]"></a>_sys_exit</STRONG> (Thumb, 8 bytes, Stack size 0 bytes, sys_exit.o(.text))
<BR><BR>[Called By]<UL><LI><a href="#[c2]">&gt;&gt;</a>&nbsp;&nbsp;&nbsp;__rt_exit_exit
<LI><a href="#[da]">&gt;&gt;</a>&nbsp;&nbsp;&nbsp;__sig_exit
<LI><a href="#[d2]">&gt;&gt;</a>&nbsp;&nbsp;&nbsp;abort
</UL>

<P><STRONG><a name="[1fe]"></a>__I$use$semihosting</STRONG> (Thumb, 0 bytes, Stack size 0 bytes, use_no_semi.o(.text), UNUSED)

<P><STRONG><a name="[1ff]"></a>__use_no_semihosting_swi</STRONG> (Thumb, 2 bytes, Stack size 0 bytes, use_no_semi.o(.text), UNUSED)

<P><STRONG><a name="[200]"></a>__semihosting_library_function</STRONG> (Thumb, 0 bytes, Stack size 0 bytes, indicate_semi.o(.text), UNUSED)

<P><STRONG><a name="[da]"></a>__sig_exit</STRONG> (Thumb, 10 bytes, Stack size 0 bytes, defsig_exit.o(.text))
<BR><BR>[Calls]<UL><LI><a href="#[c3]">&gt;&gt;</a>&nbsp;&nbsp;&nbsp;_sys_exit
</UL>
<BR>[Called By]<UL><LI><a href="#[d8]">&gt;&gt;</a>&nbsp;&nbsp;&nbsp;__rt_SIGABRT
<LI><a href="#[ce]">&gt;&gt;</a>&nbsp;&nbsp;&nbsp;__rt_SIGRTMEM
</UL>

<P><STRONG><a name="[d8]"></a>__rt_SIGABRT</STRONG> (Thumb, 14 bytes, Stack size 8 bytes, defsig_abrt_outer.o(.text))
<BR><BR>[Stack]<UL><LI>Max Depth = 40<LI>Call Chain = __rt_SIGABRT &rArr; __rt_SIGABRT_inner &rArr; __default_signal_display &rArr; _ttywrch
</UL>
<BR>[Calls]<UL><LI><a href="#[db]">&gt;&gt;</a>&nbsp;&nbsp;&nbsp;__rt_SIGABRT_inner
<LI><a href="#[da]">&gt;&gt;</a>&nbsp;&nbsp;&nbsp;__sig_exit
</UL>
<BR>[Called By]<UL><LI><a href="#[d2]">&gt;&gt;</a>&nbsp;&nbsp;&nbsp;abort
</UL>

<P><STRONG><a name="[d9]"></a>__rt_SIGRTMEM_inner</STRONG> (Thumb, 22 bytes, Stack size 8 bytes, defsig_rtmem_inner.o(.text))
<BR><BR>[Stack]<UL><LI>Max Depth = 32<LI>Call Chain = __rt_SIGRTMEM_inner &rArr; __default_signal_display &rArr; _ttywrch
</UL>
<BR>[Calls]<UL><LI><a href="#[dc]">&gt;&gt;</a>&nbsp;&nbsp;&nbsp;__default_signal_display
</UL>
<BR>[Called By]<UL><LI><a href="#[ce]">&gt;&gt;</a>&nbsp;&nbsp;&nbsp;__rt_SIGRTMEM
</UL>

<P><STRONG><a name="[dc]"></a>__default_signal_display</STRONG> (Thumb, 50 bytes, Stack size 16 bytes, defsig_general.o(.text))
<BR><BR>[Stack]<UL><LI>Max Depth = 24<LI>Call Chain = __default_signal_display &rArr; _ttywrch
</UL>
<BR>[Calls]<UL><LI><a href="#[dd]">&gt;&gt;</a>&nbsp;&nbsp;&nbsp;_ttywrch
</UL>
<BR>[Called By]<UL><LI><a href="#[db]">&gt;&gt;</a>&nbsp;&nbsp;&nbsp;__rt_SIGABRT_inner
<LI><a href="#[d9]">&gt;&gt;</a>&nbsp;&nbsp;&nbsp;__rt_SIGRTMEM_inner
</UL>

<P><STRONG><a name="[db]"></a>__rt_SIGABRT_inner</STRONG> (Thumb, 14 bytes, Stack size 8 bytes, defsig_abrt_inner.o(.text))
<BR><BR>[Stack]<UL><LI>Max Depth = 32<LI>Call Chain = __rt_SIGABRT_inner &rArr; __default_signal_display &rArr; _ttywrch
</UL>
<BR>[Calls]<UL><LI><a href="#[dc]">&gt;&gt;</a>&nbsp;&nbsp;&nbsp;__default_signal_display
</UL>
<BR>[Called By]<UL><LI><a href="#[d8]">&gt;&gt;</a>&nbsp;&nbsp;&nbsp;__rt_SIGABRT
</UL>

<P><STRONG><a name="[dd]"></a>_ttywrch</STRONG> (Thumb, 14 bytes, Stack size 8 bytes, sys_wrch.o(.text))
<BR><BR>[Stack]<UL><LI>Max Depth = 8<LI>Call Chain = _ttywrch
</UL>
<BR>[Called By]<UL><LI><a href="#[dc]">&gt;&gt;</a>&nbsp;&nbsp;&nbsp;__default_signal_display
</UL>

<P><STRONG><a name="[be]"></a>main</STRONG> (Thumb, 10 bytes, Stack size 8 bytes, components.o(i.$Sub$$main))
<BR><BR>[Stack]<UL><LI>Max Depth = 240<LI>Call Chain = main &rArr; rtthread_startup &rArr; rt_thread_idle_init &rArr; rt_thread_init &rArr; _rt_thread_init &rArr; rt_timer_init &rArr; rt_object_init &rArr; rt_exit_critical &rArr; rt_schedule
</UL>
<BR>[Calls]<UL><LI><a href="#[de]">&gt;&gt;</a>&nbsp;&nbsp;&nbsp;rtthread_startup
</UL>
<BR>[Called By]<UL><LI><a href="#[bd]">&gt;&gt;</a>&nbsp;&nbsp;&nbsp;__rt_entry_main
</UL>

<P><STRONG><a name="[13]"></a>BusFault_Handler</STRONG> (Thumb, 4 bytes, Stack size 0 bytes, gd32f4xx_it.o(i.BusFault_Handler))
<BR>[Address Reference Count : 1]<UL><LI> startup_gd32f450.o(RESET)
</UL>
<P><STRONG><a name="[25]"></a>DMA0_Channel1_IRQHandler</STRONG> (Thumb, 26 bytes, Stack size 8 bytes, gd32f4xx_it.o(i.DMA0_Channel1_IRQHandler))
<BR><BR>[Stack]<UL><LI>Max Depth = 28<LI>Call Chain = DMA0_Channel1_IRQHandler &rArr; dma_interrupt_flag_get
</UL>
<BR>[Calls]<UL><LI><a href="#[df]">&gt;&gt;</a>&nbsp;&nbsp;&nbsp;dma_interrupt_flag_get
<LI><a href="#[e0]">&gt;&gt;</a>&nbsp;&nbsp;&nbsp;dma_interrupt_flag_clear
</UL>
<BR>[Address Reference Count : 1]<UL><LI> startup_gd32f450.o(RESET)
</UL>
<P><STRONG><a name="[27]"></a>DMA0_Channel3_IRQHandler</STRONG> (Thumb, 26 bytes, Stack size 8 bytes, gd32f4xx_it.o(i.DMA0_Channel3_IRQHandler))
<BR><BR>[Stack]<UL><LI>Max Depth = 28<LI>Call Chain = DMA0_Channel3_IRQHandler &rArr; dma_interrupt_flag_get
</UL>
<BR>[Calls]<UL><LI><a href="#[df]">&gt;&gt;</a>&nbsp;&nbsp;&nbsp;dma_interrupt_flag_get
<LI><a href="#[e0]">&gt;&gt;</a>&nbsp;&nbsp;&nbsp;dma_interrupt_flag_clear
</UL>
<BR>[Address Reference Count : 1]<UL><LI> startup_gd32f450.o(RESET)
</UL>
<P><STRONG><a name="[29]"></a>DMA0_Channel5_IRQHandler</STRONG> (Thumb, 26 bytes, Stack size 8 bytes, gd32f4xx_it.o(i.DMA0_Channel5_IRQHandler))
<BR><BR>[Stack]<UL><LI>Max Depth = 28<LI>Call Chain = DMA0_Channel5_IRQHandler &rArr; dma_interrupt_flag_get
</UL>
<BR>[Calls]<UL><LI><a href="#[df]">&gt;&gt;</a>&nbsp;&nbsp;&nbsp;dma_interrupt_flag_get
<LI><a href="#[e0]">&gt;&gt;</a>&nbsp;&nbsp;&nbsp;dma_interrupt_flag_clear
</UL>
<BR>[Address Reference Count : 1]<UL><LI> startup_gd32f450.o(RESET)
</UL>
<P><STRONG><a name="[2a]"></a>DMA0_Channel6_IRQHandler</STRONG> (Thumb, 26 bytes, Stack size 8 bytes, gd32f4xx_it.o(i.DMA0_Channel6_IRQHandler))
<BR><BR>[Stack]<UL><LI>Max Depth = 28<LI>Call Chain = DMA0_Channel6_IRQHandler &rArr; dma_interrupt_flag_get
</UL>
<BR>[Calls]<UL><LI><a href="#[df]">&gt;&gt;</a>&nbsp;&nbsp;&nbsp;dma_interrupt_flag_get
<LI><a href="#[e0]">&gt;&gt;</a>&nbsp;&nbsp;&nbsp;dma_interrupt_flag_clear
</UL>
<BR>[Address Reference Count : 1]<UL><LI> startup_gd32f450.o(RESET)
</UL>
<P><STRONG><a name="[53]"></a>DMA1_Channel2_IRQHandler</STRONG> (Thumb, 26 bytes, Stack size 8 bytes, gd32f4xx_it.o(i.DMA1_Channel2_IRQHandler))
<BR><BR>[Stack]<UL><LI>Max Depth = 28<LI>Call Chain = DMA1_Channel2_IRQHandler &rArr; dma_interrupt_flag_get
</UL>
<BR>[Calls]<UL><LI><a href="#[df]">&gt;&gt;</a>&nbsp;&nbsp;&nbsp;dma_interrupt_flag_get
<LI><a href="#[e0]">&gt;&gt;</a>&nbsp;&nbsp;&nbsp;dma_interrupt_flag_clear
</UL>
<BR>[Address Reference Count : 1]<UL><LI> startup_gd32f450.o(RESET)
</UL>
<P><STRONG><a name="[5f]"></a>DMA1_Channel7_IRQHandler</STRONG> (Thumb, 26 bytes, Stack size 8 bytes, gd32f4xx_it.o(i.DMA1_Channel7_IRQHandler))
<BR><BR>[Stack]<UL><LI>Max Depth = 28<LI>Call Chain = DMA1_Channel7_IRQHandler &rArr; dma_interrupt_flag_get
</UL>
<BR>[Calls]<UL><LI><a href="#[df]">&gt;&gt;</a>&nbsp;&nbsp;&nbsp;dma_interrupt_flag_get
<LI><a href="#[e0]">&gt;&gt;</a>&nbsp;&nbsp;&nbsp;dma_interrupt_flag_clear
</UL>
<BR>[Address Reference Count : 1]<UL><LI> startup_gd32f450.o(RESET)
</UL>
<P><STRONG><a name="[16]"></a>DebugMon_Handler</STRONG> (Thumb, 2 bytes, Stack size 0 bytes, gd32f4xx_it.o(i.DebugMon_Handler))
<BR>[Address Reference Count : 1]<UL><LI> startup_gd32f450.o(RESET)
</UL>
<P><STRONG><a name="[12]"></a>MemManage_Handler</STRONG> (Thumb, 4 bytes, Stack size 0 bytes, gd32f4xx_it.o(i.MemManage_Handler))
<BR>[Address Reference Count : 1]<UL><LI> startup_gd32f450.o(RESET)
</UL>
<P><STRONG><a name="[10]"></a>NMI_Handler</STRONG> (Thumb, 2 bytes, Stack size 0 bytes, gd32f4xx_it.o(i.NMI_Handler))
<BR>[Address Reference Count : 1]<UL><LI> startup_gd32f450.o(RESET)
</UL>
<P><STRONG><a name="[15]"></a>SVC_Handler</STRONG> (Thumb, 2 bytes, Stack size 0 bytes, gd32f4xx_it.o(i.SVC_Handler))
<BR>[Address Reference Count : 1]<UL><LI> startup_gd32f450.o(RESET)
</UL>
<P><STRONG><a name="[18]"></a>SysTick_Handler</STRONG> (Thumb, 8 bytes, Stack size 8 bytes, board.o(i.SysTick_Handler))
<BR><BR>[Stack]<UL><LI>Max Depth = 96<LI>Call Chain = SysTick_Handler &rArr; rt_os_tick_callback &rArr; rt_tick_increase &rArr; rt_timer_check &rArr; rt_timer_start &rArr; _rt_timer_remove
</UL>
<BR>[Calls]<UL><LI><a href="#[e1]">&gt;&gt;</a>&nbsp;&nbsp;&nbsp;rt_os_tick_callback
</UL>
<BR>[Address Reference Count : 1]<UL><LI> startup_gd32f450.o(RESET)
</UL>
<P><STRONG><a name="[72]"></a>SystemInit</STRONG> (Thumb, 184 bytes, Stack size 8 bytes, system_gd32f4xx.o(i.SystemInit))
<BR><BR>[Stack]<UL><LI>Max Depth = 16<LI>Call Chain = SystemInit &rArr; system_clock_config
</UL>
<BR>[Calls]<UL><LI><a href="#[e2]">&gt;&gt;</a>&nbsp;&nbsp;&nbsp;system_clock_config
</UL>
<BR>[Called By]<UL><LI><a href="#[17a]">&gt;&gt;</a>&nbsp;&nbsp;&nbsp;rt_hw_board_init
</UL>
<BR>[Address Reference Count : 1]<UL><LI> startup_gd32f450.o(.text)
</UL>
<P><STRONG><a name="[36]"></a>TIMER2_IRQHandler</STRONG> (Thumb, 40 bytes, Stack size 8 bytes, gd32f4xx_it.o(i.TIMER2_IRQHandler))
<BR><BR>[Stack]<UL><LI>Max Depth = 8<LI>Call Chain = TIMER2_IRQHandler
</UL>
<BR>[Calls]<UL><LI><a href="#[e4]">&gt;&gt;</a>&nbsp;&nbsp;&nbsp;timer_interrupt_flag_clear
<LI><a href="#[e3]">&gt;&gt;</a>&nbsp;&nbsp;&nbsp;timer_interrupt_flag_get
</UL>
<BR>[Address Reference Count : 1]<UL><LI> startup_gd32f450.o(RESET)
</UL>
<P><STRONG><a name="[37]"></a>TIMER3_IRQHandler</STRONG> (Thumb, 40 bytes, Stack size 8 bytes, gd32f4xx_it.o(i.TIMER3_IRQHandler))
<BR><BR>[Stack]<UL><LI>Max Depth = 8<LI>Call Chain = TIMER3_IRQHandler
</UL>
<BR>[Calls]<UL><LI><a href="#[e4]">&gt;&gt;</a>&nbsp;&nbsp;&nbsp;timer_interrupt_flag_clear
<LI><a href="#[e3]">&gt;&gt;</a>&nbsp;&nbsp;&nbsp;timer_interrupt_flag_get
</UL>
<BR>[Address Reference Count : 1]<UL><LI> startup_gd32f450.o(RESET)
</UL>
<P><STRONG><a name="[14]"></a>UsageFault_Handler</STRONG> (Thumb, 4 bytes, Stack size 0 bytes, gd32f4xx_it.o(i.UsageFault_Handler))
<BR>[Address Reference Count : 1]<UL><LI> startup_gd32f450.o(RESET)
</UL>
<P><STRONG><a name="[e5]"></a>OLED_Clear(unsigned)</STRONG> (Thumb, 64 bytes, Stack size 16 bytes, task_hci.o(i._Z10OLED_Clearj))
<BR><BR>[Stack]<UL><LI>Max Depth = 64<LI>Call Chain = OLED_Clear(unsigned) &rArr; OLED_WR_Byte(unsigned, unsigned) &rArr; Write_IIC_Command(unsigned char) &rArr; Write_IIC_Byte(unsigned char)
</UL>
<BR>[Calls]<UL><LI><a href="#[e6]">&gt;&gt;</a>&nbsp;&nbsp;&nbsp;OLED_WR_Byte(unsigned, unsigned)
</UL>
<BR>[Called By]<UL><LI><a href="#[77]">&gt;&gt;</a>&nbsp;&nbsp;&nbsp;TASK_HCI::HCI_FUN(void*)
</UL>

<P><STRONG><a name="[e7]"></a>show_const()</STRONG> (Thumb, 444 bytes, Stack size 88 bytes, task_hci.o(i._Z10show_constv))
<BR><BR>[Stack]<UL><LI>Max Depth = 208<LI>Call Chain = show_const() &rArr; OLED_ShowString(unsigned char, unsigned char, unsigned char*, unsigned char) &rArr; OLED_ShowChar(unsigned char, unsigned char, unsigned char, unsigned char) &rArr; OLED_Set_Pos(unsigned char, unsigned char) &rArr; OLED_WR_Byte(unsigned, unsigned) &rArr; Write_IIC_Command(unsigned char) &rArr; Write_IIC_Byte(unsigned char)
</UL>
<BR>[Calls]<UL><LI><a href="#[e9]">&gt;&gt;</a>&nbsp;&nbsp;&nbsp;OLED_ShowString(unsigned char, unsigned char, unsigned char*, unsigned char)
<LI><a href="#[e8]">&gt;&gt;</a>&nbsp;&nbsp;&nbsp;__aeabi_memcpy4
</UL>
<BR>[Called By]<UL><LI><a href="#[77]">&gt;&gt;</a>&nbsp;&nbsp;&nbsp;TASK_HCI::HCI_FUN(void*)
</UL>

<P><STRONG><a name="[ea]"></a>I2C_WaitAck()</STRONG> (Thumb, 140 bytes, Stack size 8 bytes, task_mpu.o(i._Z11I2C_WaitAckv))
<BR><BR>[Stack]<UL><LI>Max Depth = 8<LI>Call Chain = I2C_WaitAck()
</UL>
<BR>[Calls]<UL><LI><a href="#[eb]">&gt;&gt;</a>&nbsp;&nbsp;&nbsp;I2C_delay()
</UL>
<BR>[Called By]<UL><LI><a href="#[f3]">&gt;&gt;</a>&nbsp;&nbsp;&nbsp;Single_Write(unsigned char, unsigned char, unsigned char)
<LI><a href="#[ec]">&gt;&gt;</a>&nbsp;&nbsp;&nbsp;Single_Read(unsigned char, unsigned char)
</UL>

<P><STRONG><a name="[ec]"></a>Single_Read(unsigned char, unsigned char)</STRONG> (Thumb, 86 bytes, Stack size 16 bytes, task_mpu.o(i._Z11Single_Readhh))
<BR><BR>[Stack]<UL><LI>Max Depth = 32<LI>Call Chain = Single_Read(unsigned char, unsigned char) &rArr; I2C_SendByte(unsigned char)
</UL>
<BR>[Calls]<UL><LI><a href="#[ed]">&gt;&gt;</a>&nbsp;&nbsp;&nbsp;I2C_Start()
<LI><a href="#[f1]">&gt;&gt;</a>&nbsp;&nbsp;&nbsp;I2C_NoAck()
<LI><a href="#[ef]">&gt;&gt;</a>&nbsp;&nbsp;&nbsp;I2C_Stop()
<LI><a href="#[ee]">&gt;&gt;</a>&nbsp;&nbsp;&nbsp;I2C_SendByte(unsigned char)
<LI><a href="#[f0]">&gt;&gt;</a>&nbsp;&nbsp;&nbsp;I2C_RadeByte()
<LI><a href="#[ea]">&gt;&gt;</a>&nbsp;&nbsp;&nbsp;I2C_WaitAck()
</UL>
<BR>[Called By]<UL><LI><a href="#[102]">&gt;&gt;</a>&nbsp;&nbsp;&nbsp;READ_MPU9250_ACCEL()
<LI><a href="#[101]">&gt;&gt;</a>&nbsp;&nbsp;&nbsp;READ_MPU9250_GYRO()
</UL>

<P><STRONG><a name="[f0]"></a>I2C_RadeByte()</STRONG> (Thumb, 130 bytes, Stack size 16 bytes, task_mpu.o(i._Z12I2C_RadeBytev))
<BR><BR>[Stack]<UL><LI>Max Depth = 16<LI>Call Chain = I2C_RadeByte()
</UL>
<BR>[Calls]<UL><LI><a href="#[eb]">&gt;&gt;</a>&nbsp;&nbsp;&nbsp;I2C_delay()
</UL>
[...]
<BR><BR>[Called By]<UL><LI><a href="#[87]">&gt;&gt;</a>&nbsp;&nbsp;&nbsp;UART2_F450::Init(unsigned)
<LI><a href="#[83]">&gt;&gt;</a>&nbsp;&nbsp;&nbsp;UART1_F450::Init(unsigned)
<LI><a href="#[7f]">&gt;&gt;</a>&nbsp;&nbsp;&nbsp;UART0_F450::Init(unsigned)
</UL>

<P><STRONG><a name="[111]"></a>usart_word_length_set</STRONG> (Thumb, 16 bytes, Stack size 0 bytes, gd32f4xx_usart.o(i.usart_word_length_set))
<BR><BR>[Called By]<UL><LI><a href="#[87]">&gt;&gt;</a>&nbsp;&nbsp;&nbsp;UART2_F450::Init(unsigned)
<LI><a href="#[83]">&gt;&gt;</a>&nbsp;&nbsp;&nbsp;UART1_F450::Init(unsigned)
<LI><a href="#[7f]">&gt;&gt;</a>&nbsp;&nbsp;&nbsp;UART0_F450::Init(unsigned)
</UL>

<P><STRONG><a name="[14b]"></a>__aeabi_d2f</STRONG> (Thumb, 0 bytes, Stack size 32 bytes, d2f.o(x$fpl$d2f))
<BR><BR>[Stack]<UL><LI>Max Depth = 32<LI>Call Chain = __aeabi_d2f
</UL>
<BR>[Called By]<UL><LI><a href="#[a0]">&gt;&gt;</a>&nbsp;&nbsp;&nbsp;ADC0_F450::PeriodRun()
</UL>

<P><STRONG><a name="[1b7]"></a>_d2f</STRONG> (Thumb, 98 bytes, Stack size 32 bytes, d2f.o(x$fpl$d2f), UNUSED)
<BR><BR>[Calls]<UL><LI><a href="#[1b8]">&gt;&gt;</a>&nbsp;&nbsp;&nbsp;__fpl_fretinf
<LI><a href="#[1b9]">&gt;&gt;</a>&nbsp;&nbsp;&nbsp;__fpl_dnaninf
</UL>

<P><STRONG><a name="[106]"></a>__aeabi_dadd</STRONG> (Thumb, 0 bytes, Stack size 16 bytes, daddsub_clz.o(x$fpl$dadd))
<BR><BR>[Stack]<UL><LI>Max Depth = 16<LI>Call Chain = __aeabi_dadd
</UL>
<BR>[Called By]<UL><LI><a href="#[75]">&gt;&gt;</a>&nbsp;&nbsp;&nbsp;TASK_MOTOR::MOTOR_FUN(void*)
</UL>

<P><STRONG><a name="[1ba]"></a>_dadd</STRONG> (Thumb, 332 bytes, Stack size 16 bytes, daddsub_clz.o(x$fpl$dadd), UNUSED)
<BR><BR>[Calls]<UL><LI><a href="#[1bc]">&gt;&gt;</a>&nbsp;&nbsp;&nbsp;__fpl_dretinf
<LI><a href="#[1b9]">&gt;&gt;</a>&nbsp;&nbsp;&nbsp;__fpl_dnaninf
<LI><a href="#[1bb]">&gt;&gt;</a>&nbsp;&nbsp;&nbsp;_dsub1
</UL>

<P><STRONG><a name="[1c0]"></a>__fpl_dcmp_Inf</STRONG> (Thumb, 24 bytes, Stack size 0 bytes, dcmpi.o(x$fpl$dcmpinf), UNUSED)
<BR><BR>[Called By]<UL><LI><a href="#[1bf]">&gt;&gt;</a>&nbsp;&nbsp;&nbsp;_dcmple
</UL>

<P><STRONG><a name="[14a]"></a>__aeabi_ddiv</STRONG> (Thumb, 0 bytes, Stack size 32 bytes, ddiv.o(x$fpl$ddiv))
<BR><BR>[Stack]<UL><LI>Max Depth = 32<LI>Call Chain = __aeabi_ddiv
</UL>
<BR>[Called By]<UL><LI><a href="#[a0]">&gt;&gt;</a>&nbsp;&nbsp;&nbsp;ADC0_F450::PeriodRun()
</UL>

<P><STRONG><a name="[1bd]"></a>_ddiv</STRONG> (Thumb, 552 bytes, Stack size 32 bytes, ddiv.o(x$fpl$ddiv), UNUSED)
<BR><BR>[Calls]<UL><LI><a href="#[1bc]">&gt;&gt;</a>&nbsp;&nbsp;&nbsp;__fpl_dretinf
<LI><a href="#[1b9]">&gt;&gt;</a>&nbsp;&nbsp;&nbsp;__fpl_dnaninf
</UL>

<P><STRONG><a name="[107]"></a>__aeabi_d2iz</STRONG> (Thumb, 0 bytes, Stack size 32 bytes, dfix.o(x$fpl$dfix))
<BR><BR>[Stack]<UL><LI>Max Depth = 32<LI>Call Chain = __aeabi_d2iz
</UL>
<BR>[Called By]<UL><LI><a href="#[75]">&gt;&gt;</a>&nbsp;&nbsp;&nbsp;TASK_MOTOR::MOTOR_FUN(void*)
</UL>

<P><STRONG><a name="[1be]"></a>_dfix</STRONG> (Thumb, 94 bytes, Stack size 32 bytes, dfix.o(x$fpl$dfix), UNUSED)
<BR><BR>[Calls]<UL><LI><a href="#[1b9]">&gt;&gt;</a>&nbsp;&nbsp;&nbsp;__fpl_dnaninf
</UL>

<P><STRONG><a name="[104]"></a>__aeabi_i2d</STRONG> (Thumb, 0 bytes, Stack size 0 bytes, dflt_clz.o(x$fpl$dflt))
<BR><BR>[Called By]<UL><LI><a href="#[75]">&gt;&gt;</a>&nbsp;&nbsp;&nbsp;TASK_MOTOR::MOTOR_FUN(void*)
</UL>

<P><STRONG><a name="[20b]"></a>_dflt</STRONG> (Thumb, 46 bytes, Stack size 0 bytes, dflt_clz.o(x$fpl$dflt), UNUSED)

<P><STRONG><a name="[149]"></a>__aeabi_ui2d</STRONG> (Thumb, 0 bytes, Stack size 0 bytes, dflt_clz.o(x$fpl$dfltu))
<BR><BR>[Called By]<UL><LI><a href="#[a0]">&gt;&gt;</a>&nbsp;&nbsp;&nbsp;ADC0_F450::PeriodRun()
</UL>

<P><STRONG><a name="[20c]"></a>_dfltu</STRONG> (Thumb, 38 bytes, Stack size 0 bytes, dflt_clz.o(x$fpl$dfltu), UNUSED)

<P><STRONG><a name="[138]"></a>__aeabi_cdcmple</STRONG> (Thumb, 0 bytes, Stack size 32 bytes, dleqf.o(x$fpl$dleqf))
<BR><BR>[Stack]<UL><LI>Max Depth = 32<LI>Call Chain = __aeabi_cdcmple
</UL>
<BR>[Called By]<UL><LI><a href="#[77]">&gt;&gt;</a>&nbsp;&nbsp;&nbsp;TASK_HCI::HCI_FUN(void*)
</UL>

<P><STRONG><a name="[1bf]"></a>_dcmple</STRONG> (Thumb, 120 bytes, Stack size 32 bytes, dleqf.o(x$fpl$dleqf), UNUSED)
<BR><BR>[Calls]<UL><LI><a href="#[1b9]">&gt;&gt;</a>&nbsp;&nbsp;&nbsp;__fpl_dnaninf
<LI><a href="#[1c0]">&gt;&gt;</a>&nbsp;&nbsp;&nbsp;__fpl_dcmp_Inf
</UL>

<P><STRONG><a name="[1c3]"></a>__fpl_dcmple_InfNaN</STRONG> (Thumb, 0 bytes, Stack size unknown bytes, dleqf.o(x$fpl$dleqf), UNUSED)
<BR><BR>[Called By]<UL><LI><a href="#[1c2]">&gt;&gt;</a>&nbsp;&nbsp;&nbsp;_drcmple
</UL>

<P><STRONG><a name="[105]"></a>__aeabi_dmul</STRONG> (Thumb, 0 bytes, Stack size 32 bytes, dmul.o(x$fpl$dmul))
<BR><BR>[Stack]<UL><LI>Max Depth = 32<LI>Call Chain = __aeabi_dmul
</UL>
<BR>[Called By]<UL><LI><a href="#[75]">&gt;&gt;</a>&nbsp;&nbsp;&nbsp;TASK_MOTOR::MOTOR_FUN(void*)
<LI><a href="#[a0]">&gt;&gt;</a>&nbsp;&nbsp;&nbsp;ADC0_F450::PeriodRun()
</UL>

<P><STRONG><a name="[1c1]"></a>_dmul</STRONG> (Thumb, 332 bytes, Stack size 32 bytes, dmul.o(x$fpl$dmul), UNUSED)
<BR><BR>[Calls]<UL><LI><a href="#[1bc]">&gt;&gt;</a>&nbsp;&nbsp;&nbsp;__fpl_dretinf
<LI><a href="#[1b9]">&gt;&gt;</a>&nbsp;&nbsp;&nbsp;__fpl_dnaninf
</UL>

<P><STRONG><a name="[1b9]"></a>__fpl_dnaninf</STRONG> (Thumb, 156 bytes, Stack size 16 bytes, dnaninf.o(x$fpl$dnaninf), UNUSED)
<BR><BR>[Called By]<UL><LI><a href="#[1c1]">&gt;&gt;</a>&nbsp;&nbsp;&nbsp;_dmul
<LI><a href="#[1bf]">&gt;&gt;</a>&nbsp;&nbsp;&nbsp;_dcmple
<LI><a href="#[1be]">&gt;&gt;</a>&nbsp;&nbsp;&nbsp;_dfix
<LI><a href="#[1bd]">&gt;&gt;</a>&nbsp;&nbsp;&nbsp;_ddiv
<LI><a href="#[1c4]">&gt;&gt;</a>&nbsp;&nbsp;&nbsp;_dsub
<LI><a href="#[1ba]">&gt;&gt;</a>&nbsp;&nbsp;&nbsp;_dadd
<LI><a href="#[1b7]">&gt;&gt;</a>&nbsp;&nbsp;&nbsp;_d2f
</UL>

<P><STRONG><a name="[1bc]"></a>__fpl_dretinf</STRONG> (Thumb, 12 bytes, Stack size 0 bytes, dretinf.o(x$fpl$dretinf), UNUSED)
<BR><BR>[Called By]<UL><LI><a href="#[1c6]">&gt;&gt;</a>&nbsp;&nbsp;&nbsp;_f2d
<LI><a href="#[1c1]">&gt;&gt;</a>&nbsp;&nbsp;&nbsp;_dmul
<LI><a href="#[1bd]">&gt;&gt;</a>&nbsp;&nbsp;&nbsp;_ddiv
<LI><a href="#[1ba]">&gt;&gt;</a>&nbsp;&nbsp;&nbsp;_dadd
</UL>

<P><STRONG><a name="[139]"></a>__aeabi_cdrcmple</STRONG> (Thumb, 0 bytes, Stack size 16 bytes, drleqf.o(x$fpl$drleqf))
<BR><BR>[Stack]<UL><LI>Max Depth = 16<LI>Call Chain = __aeabi_cdrcmple
</UL>
<BR>[Called By]<UL><LI><a href="#[77]">&gt;&gt;</a>&nbsp;&nbsp;&nbsp;TASK_HCI::HCI_FUN(void*)
</UL>

<P><STRONG><a name="[1c2]"></a>_drcmple</STRONG> (Thumb, 108 bytes, Stack size 16 bytes, drleqf.o(x$fpl$drleqf), UNUSED)
<BR><BR>[Calls]<UL><LI><a href="#[1c3]">&gt;&gt;</a>&nbsp;&nbsp;&nbsp;__fpl_dcmple_InfNaN
</UL>

<P><STRONG><a name="[20d]"></a>__aeabi_dsub</STRONG> (Thumb, 0 bytes, Stack size 32 bytes, daddsub_clz.o(x$fpl$dsub), UNUSED)

<P><STRONG><a name="[1c4]"></a>_dsub</STRONG> (Thumb, 464 bytes, Stack size 32 bytes, daddsub_clz.o(x$fpl$dsub), UNUSED)
<BR><BR>[Calls]<UL><LI><a href="#[1b9]">&gt;&gt;</a>&nbsp;&nbsp;&nbsp;__fpl_dnaninf
<LI><a href="#[1c5]">&gt;&gt;</a>&nbsp;&nbsp;&nbsp;_dadd1
</UL>

<P><STRONG><a name="[137]"></a>__aeabi_f2d</STRONG> (Thumb, 0 bytes, Stack size 16 bytes, f2d.o(x$fpl$f2d))
<BR><BR>[Stack]<UL><LI>Max Depth = 16<LI>Call Chain = __aeabi_f2d
</UL>
<BR>[Called By]<UL><LI><a href="#[77]">&gt;&gt;</a>&nbsp;&nbsp;&nbsp;TASK_HCI::HCI_FUN(void*)
</UL>

<P><STRONG><a name="[1c6]"></a>_f2d</STRONG> (Thumb, 86 bytes, Stack size 16 bytes, f2d.o(x$fpl$f2d), UNUSED)
<BR><BR>[Calls]<UL><LI><a href="#[1c7]">&gt;&gt;</a>&nbsp;&nbsp;&nbsp;__fpl_fnaninf
<LI><a href="#[1bc]">&gt;&gt;</a>&nbsp;&nbsp;&nbsp;__fpl_dretinf
</UL>

<P><STRONG><a name="[1c7]"></a>__fpl_fnaninf</STRONG> (Thumb, 140 bytes, Stack size 8 bytes, fnaninf.o(x$fpl$fnaninf), UNUSED)
<BR><BR>[Called By]<UL><LI><a href="#[1c6]">&gt;&gt;</a>&nbsp;&nbsp;&nbsp;_f2d
</UL>

<P><STRONG><a name="[b5]"></a>_fp_init</STRONG> (Thumb, 10 bytes, Stack size 0 bytes, fpinit.o(x$fpl$fpinit))
<BR><BR>[Called By]<UL><LI><a href="#[b4]">&gt;&gt;</a>&nbsp;&nbsp;&nbsp;__rt_lib_init_fp_1
</UL>

<P><STRONG><a name="[20e]"></a>__fplib_config_fpu_vfp</STRONG> (Thumb, 0 bytes, Stack size unknown bytes, fpinit.o(x$fpl$fpinit), UNUSED)

<P><STRONG><a name="[20f]"></a>__fplib_config_pureend_doubles</STRONG> (Thumb, 0 bytes, Stack size unknown bytes, fpinit.o(x$fpl$fpinit), UNUSED)

<P><STRONG><a name="[1b8]"></a>__fpl_fretinf</STRONG> (Thumb, 10 bytes, Stack size 0 bytes, fretinf.o(x$fpl$fretinf), UNUSED)
<BR><BR>[Called By]<UL><LI><a href="#[1b7]">&gt;&gt;</a>&nbsp;&nbsp;&nbsp;_d2f
</UL>
<P>
<H3>
Local Symbols
</H3>
<P><STRONG><a name="[ae]"></a>__sti___8_main_cpp_BSP</STRONG> (Thumb, 40 bytes, Stack size 8 bytes, main.o(i.__sti___8_main_cpp_BSP))
<BR><BR>[Stack]<UL><LI>Max Depth = 112<LI>Call Chain = __sti___8_main_cpp_BSP &rArr; BSP_F450::BSP_F450() &rArr; operator new(unsigned) &rArr; malloc &rArr; __Heap_Full &rArr; __Heap_ProvideMemory &rArr; free
</UL>
<BR>[Calls]<UL><LI><a href="#[15d]">&gt;&gt;</a>&nbsp;&nbsp;&nbsp;OS_Timer1::OS_Timer1()
<LI><a href="#[161]">&gt;&gt;</a>&nbsp;&nbsp;&nbsp;TASK_MPU::TASK_MPU()
<LI><a href="#[15e]">&gt;&gt;</a>&nbsp;&nbsp;&nbsp;TASK_HCI::TASK_HCI()
<LI><a href="#[160]">&gt;&gt;</a>&nbsp;&nbsp;&nbsp;TASK_GYZ::TASK_GYZ()
<LI><a href="#[131]">&gt;&gt;</a>&nbsp;&nbsp;&nbsp;BSP_F450::BSP_F450()
<LI><a href="#[15f]">&gt;&gt;</a>&nbsp;&nbsp;&nbsp;TASK_MOTOR::TASK_MOTOR()
</UL>
<BR>[Address Reference Count : 1]<UL><LI> main.o(.init_array)
</UL>
<P><STRONG><a name="[1b2]"></a>__NVIC_SetPriority</STRONG> (Thumb, 32 bytes, Stack size 8 bytes, systick.o(i.__NVIC_SetPriority))
<BR><BR>[Stack]<UL><LI>Max Depth = 8<LI>Call Chain = __NVIC_SetPriority
</UL>
<BR>[Called By]<UL><LI><a href="#[17b]">&gt;&gt;</a>&nbsp;&nbsp;&nbsp;systick_config
</UL>

<P><STRONG><a name="[1b1]"></a>system_clock_200m_8m_hxtal</STRONG> (Thumb, 240 bytes, Stack size 0 bytes, system_gd32f4xx.o(i.system_clock_200m_8m_hxtal))
<BR><BR>[Called By]<UL><LI><a href="#[e2]">&gt;&gt;</a>&nbsp;&nbsp;&nbsp;system_clock_config
</UL>

<P><STRONG><a name="[e2]"></a>system_clock_config</STRONG> (Thumb, 8 bytes, Stack size 8 bytes, system_gd32f4xx.o(i.system_clock_config))
<BR><BR>[Stack]<UL><LI>Max Depth = 8<LI>Call Chain = system_clock_config
</UL>
<BR>[Calls]<UL><LI><a href="#[1b1]">&gt;&gt;</a>&nbsp;&nbsp;&nbsp;system_clock_200m_8m_hxtal
</UL>
<BR>[Called By]<UL><LI><a href="#[72]">&gt;&gt;</a>&nbsp;&nbsp;&nbsp;SystemInit
</UL>

<P><STRONG><a name="[ac]"></a>rti_board_end</STRONG> (Thumb, 4 bytes, Stack size 0 bytes, components.o(i.rti_board_end))
<BR>[Address Reference Count : 1]<UL><LI> components.o(.rti_fn.1.end)
</UL>
<P><STRONG><a name="[ab]"></a>rti_board_start</STRONG> (Thumb, 4 bytes, Stack size 0 bytes, components.o(i.rti_board_start))
<BR>[Address Reference Count : 1]<UL><LI> components.o(.rti_fn.0.end)
</UL>
<P><STRONG><a name="[ad]"></a>rti_end</STRONG> (Thumb, 4 bytes, Stack size 0 bytes, components.o(i.rti_end))
<BR>[Address Reference Count : 1]<UL><LI> components.o(.rti_fn.6.end)
</UL>
<P><STRONG><a name="[aa]"></a>rti_start</STRONG> (Thumb, 4 bytes, Stack size 0 bytes, components.o(i.rti_start))
<BR>[Address Reference Count : 1]<UL><LI> components.o(.rti_fn.0)
</UL>
<P><STRONG><a name="[7e]"></a>rt_thread_idle_entry</STRONG> (Thumb, 8 bytes, Stack size 0 bytes, idle.o(i.rt_thread_idle_entry))
<BR><BR>[Stack]<UL><LI>Max Depth = 144<LI>Call Chain = rt_thread_idle_entry &rArr; rt_thread_idle_excute &rArr; rt_object_delete &rArr; rt_free &rArr; rt_sem_take &rArr; rt_ipc_list_suspend &rArr; rt_thread_suspend &rArr; rt_timer_stop &rArr; _rt_timer_remove
</UL>
<BR>[Calls]<UL><LI><a href="#[1a4]">&gt;&gt;</a>&nbsp;&nbsp;&nbsp;rt_thread_idle_excute
</UL>
<BR>[Address Reference Count : 1]<UL><LI> idle.o(i.rt_thread_idle_init)
</UL>
<P><STRONG><a name="[182]"></a>rt_ipc_list_resume</STRONG> (Thumb, 20 bytes, Stack size 16 bytes, ipc.o(i.rt_ipc_list_resume))
<BR><BR>[Stack]<UL><LI>Max Depth = 64<LI>Call Chain = rt_ipc_list_resume &rArr; rt_thread_resume &rArr; rt_timer_stop &rArr; _rt_timer_remove
</UL>
<BR>[Calls]<UL><LI><a href="#[183]">&gt;&gt;</a>&nbsp;&nbsp;&nbsp;rt_thread_resume
</UL>
<BR>[Called By]<UL><LI><a href="#[179]">&gt;&gt;</a>&nbsp;&nbsp;&nbsp;rt_sem_release
</UL>

<P><STRONG><a name="[184]"></a>rt_ipc_list_suspend</STRONG> (Thumb, 110 bytes, Stack size 24 bytes, ipc.o(i.rt_ipc_list_suspend))
<BR><BR>[Stack]<UL><LI>Max Depth = 72<LI>Call Chain = rt_ipc_list_suspend &rArr; rt_thread_suspend &rArr; rt_timer_stop &rArr; _rt_timer_remove
</UL>
<BR>[Calls]<UL><LI><a href="#[185]">&gt;&gt;</a>&nbsp;&nbsp;&nbsp;rt_thread_suspend
<LI><a href="#[186]">&gt;&gt;</a>&nbsp;&nbsp;&nbsp;rt_list_insert_before
</UL>
<BR>[Called By]<UL><LI><a href="#[177]">&gt;&gt;</a>&nbsp;&nbsp;&nbsp;rt_sem_take
</UL>

<P><STRONG><a name="[187]"></a>rt_ipc_object_init</STRONG> (Thumb, 16 bytes, Stack size 8 bytes, ipc.o(i.rt_ipc_object_init))
<BR><BR>[Stack]<UL><LI>Max Depth = 8<LI>Call Chain = rt_ipc_object_init
</UL>
<BR>[Calls]<UL><LI><a href="#[188]">&gt;&gt;</a>&nbsp;&nbsp;&nbsp;rt_list_init
</UL>
<BR>[Called By]<UL><LI><a href="#[198]">&gt;&gt;</a>&nbsp;&nbsp;&nbsp;rt_sem_init
</UL>

<P><STRONG><a name="[188]"></a>rt_list_init</STRONG> (Thumb, 6 bytes, Stack size 0 bytes, ipc.o(i.rt_list_init))
<BR><BR>[Called By]<UL><LI><a href="#[187]">&gt;&gt;</a>&nbsp;&nbsp;&nbsp;rt_ipc_object_init
</UL>

<P><STRONG><a name="[186]"></a>rt_list_insert_before</STRONG> (Thumb, 14 bytes, Stack size 0 bytes, ipc.o(i.rt_list_insert_before))
<BR><BR>[Called By]<UL><LI><a href="#[184]">&gt;&gt;</a>&nbsp;&nbsp;&nbsp;rt_ipc_list_suspend
</UL>

<P><STRONG><a name="[199]"></a>rt_list_isempty</STRONG> (Thumb, 16 bytes, Stack size 0 bytes, ipc.o(i.rt_list_isempty))
<BR><BR>[Called By]<UL><LI><a href="#[179]">&gt;&gt;</a>&nbsp;&nbsp;&nbsp;rt_sem_release
</UL>

<P><STRONG><a name="[178]"></a>plug_holes</STRONG> (Thumb, 108 bytes, Stack size 12 bytes, mem.o(i.plug_holes))
<BR><BR>[Stack]<UL><LI>Max Depth = 12<LI>Call Chain = plug_holes
</UL>
<BR>[Called By]<UL><LI><a href="#[176]">&gt;&gt;</a>&nbsp;&nbsp;&nbsp;rt_free
</UL>

<P><STRONG><a name="[18d]"></a>rt_list_insert_after</STRONG> (Thumb, 14 bytes, Stack size 0 bytes, object.o(i.rt_list_insert_after))
<BR><BR>[Called By]<UL><LI><a href="#[191]">&gt;&gt;</a>&nbsp;&nbsp;&nbsp;rt_object_init
<LI><a href="#[18a]">&gt;&gt;</a>&nbsp;&nbsp;&nbsp;rt_object_allocate
</UL>

<P><STRONG><a name="[18f]"></a>rt_list_remove</STRONG> (Thumb, 18 bytes, Stack size 0 bytes, object.o(i.rt_list_remove))
<BR><BR>[Called By]<UL><LI><a href="#[190]">&gt;&gt;</a>&nbsp;&nbsp;&nbsp;rt_object_detach
<LI><a href="#[18e]">&gt;&gt;</a>&nbsp;&nbsp;&nbsp;rt_object_delete
</UL>

<P><STRONG><a name="[19d]"></a>rt_list_init</STRONG> (Thumb, 6 bytes, Stack size 0 bytes, scheduler.o(i.rt_list_init))
<BR><BR>[Called By]<UL><LI><a href="#[19c]">&gt;&gt;</a>&nbsp;&nbsp;&nbsp;rt_system_scheduler_init
</UL>

<P><STRONG><a name="[162]"></a>_rt_thread_init</STRONG> (Thumb, 124 bytes, Stack size 48 bytes, thread.o(i._rt_thread_init))
<BR><BR>[Stack]<UL><LI>Max Depth = 144<LI>Call Chain = _rt_thread_init &rArr; rt_timer_init &rArr; rt_object_init &rArr; rt_exit_critical &rArr; rt_schedule
</UL>
<BR>[Calls]<UL><LI><a href="#[163]">&gt;&gt;</a>&nbsp;&nbsp;&nbsp;rt_memset
<LI><a href="#[164]">&gt;&gt;</a>&nbsp;&nbsp;&nbsp;rt_hw_stack_init
<LI><a href="#[165]">&gt;&gt;</a>&nbsp;&nbsp;&nbsp;rt_timer_init
</UL>
<BR>[Called By]<UL><LI><a href="#[12d]">&gt;&gt;</a>&nbsp;&nbsp;&nbsp;rt_thread_create
<LI><a href="#[1a6]">&gt;&gt;</a>&nbsp;&nbsp;&nbsp;rt_thread_init
</UL>

<P><STRONG><a name="[16a]"></a>_thread_cleanup_execute</STRONG> (Thumb, 28 bytes, Stack size 16 bytes, thread.o(i._thread_cleanup_execute))
<BR><BR>[Stack]<UL><LI>Max Depth = 16<LI>Call Chain = _thread_cleanup_execute
</UL>
<BR>[Calls]<UL><LI><a href="#[16c]">&gt;&gt;</a>&nbsp;&nbsp;&nbsp;rt_hw_interrupt_enable
<LI><a href="#[16b]">&gt;&gt;</a>&nbsp;&nbsp;&nbsp;rt_hw_interrupt_disable
</UL>
<BR>[Called By]<UL><LI><a href="#[12a]">&gt;&gt;</a>&nbsp;&nbsp;&nbsp;rt_thread_delete
<LI><a href="#[7b]">&gt;&gt;</a>&nbsp;&nbsp;&nbsp;rt_thread_exit
</UL>

<P><STRONG><a name="[1a2]"></a>rt_list_insert_after</STRONG> (Thumb, 14 bytes, Stack size 0 bytes, thread.o(i.rt_list_insert_after))
<BR><BR>[Called By]<UL><LI><a href="#[12a]">&gt;&gt;</a>&nbsp;&nbsp;&nbsp;rt_thread_delete
<LI><a href="#[7b]">&gt;&gt;</a>&nbsp;&nbsp;&nbsp;rt_thread_exit
</UL>

<P><STRONG><a name="[1a9]"></a>rt_list_remove</STRONG> (Thumb, 18 bytes, Stack size 0 bytes, thread.o(i.rt_list_remove))
<BR><BR>[Called By]<UL><LI><a href="#[183]">&gt;&gt;</a>&nbsp;&nbsp;&nbsp;rt_thread_resume
<LI><a href="#[1aa]">&gt;&gt;</a>&nbsp;&nbsp;&nbsp;rt_thread_yield
<LI><a href="#[7c]">&gt;&gt;</a>&nbsp;&nbsp;&nbsp;rt_thread_timeout
</UL>

<P><STRONG><a name="[166]"></a>_rt_timer_init</STRONG> (Thumb, 66 bytes, Stack size 32 bytes, timer.o(i._rt_timer_init))
<BR><BR>[Stack]<UL><LI>Max Depth = 32<LI>Call Chain = _rt_timer_init
</UL>
<BR>[Calls]<UL><LI><a href="#[167]">&gt;&gt;</a>&nbsp;&nbsp;&nbsp;rt_list_init
</UL>
<BR>[Called By]<UL><LI><a href="#[126]">&gt;&gt;</a>&nbsp;&nbsp;&nbsp;rt_timer_create
<LI><a href="#[165]">&gt;&gt;</a>&nbsp;&nbsp;&nbsp;rt_timer_init
</UL>

<P><STRONG><a name="[168]"></a>_rt_timer_remove</STRONG> (Thumb, 28 bytes, Stack size 16 bytes, timer.o(i._rt_timer_remove))
<BR><BR>[Stack]<UL><LI>Max Depth = 16<LI>Call Chain = _rt_timer_remove
</UL>
<BR>[Calls]<UL><LI><a href="#[169]">&gt;&gt;</a>&nbsp;&nbsp;&nbsp;rt_list_remove
</UL>
<BR>[Called By]<UL><LI><a href="#[122]">&gt;&gt;</a>&nbsp;&nbsp;&nbsp;rt_timer_stop
<LI><a href="#[124]">&gt;&gt;</a>&nbsp;&nbsp;&nbsp;rt_timer_start
<LI><a href="#[1ab]">&gt;&gt;</a>&nbsp;&nbsp;&nbsp;rt_timer_check
<LI><a href="#[1a1]">&gt;&gt;</a>&nbsp;&nbsp;&nbsp;rt_timer_detach
</UL>

<P><STRONG><a name="[167]"></a>rt_list_init</STRONG> (Thumb, 6 bytes, Stack size 0 bytes, timer.o(i.rt_list_init))
<BR><BR>[Called By]<UL><LI><a href="#[1a0]">&gt;&gt;</a>&nbsp;&nbsp;&nbsp;rt_system_timer_init
<LI><a href="#[1ab]">&gt;&gt;</a>&nbsp;&nbsp;&nbsp;rt_timer_check
<LI><a href="#[166]">&gt;&gt;</a>&nbsp;&nbsp;&nbsp;_rt_timer_init
</UL>

<P><STRONG><a name="[1ad]"></a>rt_list_insert_after</STRONG> (Thumb, 14 bytes, Stack size 0 bytes, timer.o(i.rt_list_insert_after))
<BR><BR>[Called By]<UL><LI><a href="#[124]">&gt;&gt;</a>&nbsp;&nbsp;&nbsp;rt_timer_start
<LI><a href="#[1ab]">&gt;&gt;</a>&nbsp;&nbsp;&nbsp;rt_timer_check
</UL>

<P><STRONG><a name="[1ae]"></a>rt_list_isempty</STRONG> (Thumb, 16 bytes, Stack size 0 bytes, timer.o(i.rt_list_isempty))
<BR><BR>[Called By]<UL><LI><a href="#[1ab]">&gt;&gt;</a>&nbsp;&nbsp;&nbsp;rt_timer_check
</UL>

<P><STRONG><a name="[169]"></a>rt_list_remove</STRONG> (Thumb, 18 bytes, Stack size 0 bytes, timer.o(i.rt_list_remove))
<BR><BR>[Called By]<UL><LI><a href="#[1ab]">&gt;&gt;</a>&nbsp;&nbsp;&nbsp;rt_timer_check
<LI><a href="#[168]">&gt;&gt;</a>&nbsp;&nbsp;&nbsp;_rt_timer_remove
</UL>

<P><STRONG><a name="[1c5]"></a>_dadd1</STRONG> (Thumb, 0 bytes, Stack size unknown bytes, daddsub_clz.o(x$fpl$dadd), UNUSED)
<BR><BR>[Called By]<UL><LI><a href="#[1c4]">&gt;&gt;</a>&nbsp;&nbsp;&nbsp;_dsub
</UL>

<P><STRONG><a name="[1bb]"></a>_dsub1</STRONG> (Thumb, 0 bytes, Stack size unknown bytes, daddsub_clz.o(x$fpl$dsub), UNUSED)
<BR><BR>[Called By]<UL><LI><a href="#[1ba]">&gt;&gt;</a>&nbsp;&nbsp;&nbsp;_dadd
</UL>

<P><STRONG><a name="[74]"></a>[local to arm_exceptions_c]::__default_terminate_handler()</STRONG> (Thumb, 6 bytes, Stack size 8 bytes, arm_exceptions_globs.o(.text))
<BR><BR>[Stack]<UL><LI>Max Depth = 56 + Unknown Stack Size
<LI>Call Chain = [local to arm_exceptions_c]::__default_terminate_handler() &rArr; abort &rArr; __rt_SIGABRT &rArr; __rt_SIGABRT_inner &rArr; __default_signal_display &rArr; _ttywrch
</UL>
<BR>[Calls]<UL><LI><a href="#[d2]">&gt;&gt;</a>&nbsp;&nbsp;&nbsp;abort
</UL>
<BR>[Address Reference Count : 1]<UL><LI> arm_exceptions_globs.o(.text)
</UL><P>
<H3>
Undefined Global Symbols
</H3><HR></body></html>
