Component: ARM Compiler 5.06 update 7 (build 960) Tool: armlink [4d3601]

==============================================================================

Section Cross References

    main.o(i.__sti___8_main_cpp_BSP) refers to bsp_f450.o(i._ZN8BSP_F450C1Ev) for BSP_F450::BSP_F450()
    main.o(i.__sti___8_main_cpp_BSP) refers to os_timer.o(i._ZN9OS_Timer1C1Ev) for OS_Timer1::OS_Timer1()
    main.o(i.__sti___8_main_cpp_BSP) refers to task_hci.o(i._ZN8TASK_HCIC1Ev) for TASK_HCI::TASK_HCI()
    main.o(i.__sti___8_main_cpp_BSP) refers to task_motor.o(i._ZN10TASK_MOTORC1Ev) for TASK_MOTOR::TASK_MOTOR()
    main.o(i.__sti___8_main_cpp_BSP) refers to task_gyz.o(i._ZN8TASK_GYZC1Ev) for TASK_GYZ::TASK_GYZ()
    main.o(i.__sti___8_main_cpp_BSP) refers to task_mpu.o(i._ZN8TASK_MPUC1Ev) for TASK_MPU::TASK_MPU()
    main.o(i.__sti___8_main_cpp_BSP) refers to main.o(.bss) for BSP
    main.o(i.main) refers to os.o(i._ZN2OS4InitEv) for OS::Init()
    main.o(i.main) refers to bsp_f450.o(i._ZN8BSP_F4504InitEv) for BSP_F450::Init()
    main.o(i.main) refers to os.o(i._ZN2OS9newthreadEP4TASK) for OS::newthread(TASK*)
    main.o(i.main) refers to os.o(i._ZN2OS12thread_startEP9rt_thread) for OS::thread_start(rt_thread*)
    main.o(i.main) refers to os.o(i._ZN2OS12create_timerEP5TIMER) for OS::create_timer(TIMER*)
    main.o(i.main) refers to os.o(i._ZN2OS8delay_msEy) for OS::delay_ms(unsigned long long)
    main.o(i.main) refers to main.o(.data) for gOS
    main.o(i.main) refers to main.o(.bss) for iTASK_HCI
    main.o(.ARM.exidx) refers to main.o(i.main) for i.main
    main.o(.ARM.exidx) refers to main.o(i.__sti___8_main_cpp_BSP) for i.__sti___8_main_cpp_BSP
    main.o(.data) refers to main.o(.bss) for BSP
    main.o(.init_array) refers to main.o(i.__sti___8_main_cpp_BSP) for __sti___8_main_cpp_BSP
    main.o(.init_array) refers to init_aeabi.o(.text) for __cpp_initialize__aeabi_
    task_motor.o(i._ZN10TASK_MOTOR9MOTOR_FUNEPv) refers to dflt_clz.o(x$fpl$dflt) for __aeabi_i2d
    task_motor.o(i._ZN10TASK_MOTOR9MOTOR_FUNEPv) refers to dmul.o(x$fpl$dmul) for __aeabi_dmul
    task_motor.o(i._ZN10TASK_MOTOR9MOTOR_FUNEPv) refers to daddsub_clz.o(x$fpl$dadd) for __aeabi_dadd
    task_motor.o(i._ZN10TASK_MOTOR9MOTOR_FUNEPv) refers to dfix.o(x$fpl$dfix) for __aeabi_d2iz
    task_motor.o(i._ZN10TASK_MOTOR9MOTOR_FUNEPv) refers to os.o(i._ZN2OS8delay_msEy) for OS::delay_ms(unsigned long long)
    task_motor.o(i._ZN10TASK_MOTOR9MOTOR_FUNEPv) refers to main.o(.data) for gBSP
    task_motor.o(i._ZN10TASK_MOTORC1Ev) refers to task_motor.o(i._ZN10TASK_MOTOR9MOTOR_FUNEPv) for TASK_MOTOR::MOTOR_FUN(void*)
    task_motor.o(.ARM.exidx) refers to task_motor.o(i._ZN10TASK_MOTOR9MOTOR_FUNEPv) for i._ZN10TASK_MOTOR9MOTOR_FUNEPv
    task_motor.o(.ARM.exidx) refers to task_motor.o(i._ZN10TASK_MOTORC1Ev) for i._ZN10TASK_MOTORC1Ev
    task_mpu.o(i._Z11I2C_WaitAckv) refers to task_mpu.o(i._Z9I2C_delayv) for I2C_delay()
    task_mpu.o(i._Z11I2C_WaitAckv) refers to main.o(.data) for gBSP
    task_mpu.o(i._Z11Single_Readhh) refers to task_mpu.o(i._Z9I2C_Startv) for I2C_Start()
    task_mpu.o(i._Z11Single_Readhh) refers to task_mpu.o(i._Z12I2C_SendByteh) for I2C_SendByte(unsigned char)
    task_mpu.o(i._Z11Single_Readhh) refers to task_mpu.o(i._Z11I2C_WaitAckv) for I2C_WaitAck()
    task_mpu.o(i._Z11Single_Readhh) refers to task_mpu.o(i._Z8I2C_Stopv) for I2C_Stop()
    task_mpu.o(i._Z11Single_Readhh) refers to task_mpu.o(i._Z12I2C_RadeBytev) for I2C_RadeByte()
    task_mpu.o(i._Z11Single_Readhh) refers to task_mpu.o(i._Z9I2C_NoAckv) for I2C_NoAck()
    task_mpu.o(i._Z11Single_Readhh) refers to task_mpu.o(.data) for test
    task_mpu.o(i._Z12I2C_RadeBytev) refers to task_mpu.o(i._Z9I2C_delayv) for I2C_delay()
    task_mpu.o(i._Z12I2C_RadeBytev) refers to main.o(.data) for gBSP
    task_mpu.o(i._Z12I2C_SendByteh) refers to task_mpu.o(i._Z9I2C_delayv) for I2C_delay()
    task_mpu.o(i._Z12I2C_SendByteh) refers to main.o(.data) for gBSP
    task_mpu.o(i._Z12Init_MPU9250v) refers to task_mpu.o(i._Z12Single_Writehhh) for Single_Write(unsigned char, unsigned char, unsigned char)
    task_mpu.o(i._Z12Single_Writehhh) refers to task_mpu.o(i._Z9I2C_Startv) for I2C_Start()
    task_mpu.o(i._Z12Single_Writehhh) refers to task_mpu.o(i._Z12I2C_SendByteh) for I2C_SendByte(unsigned char)
    task_mpu.o(i._Z12Single_Writehhh) refers to task_mpu.o(i._Z11I2C_WaitAckv) for I2C_WaitAck()
    task_mpu.o(i._Z12Single_Writehhh) refers to task_mpu.o(i._Z8I2C_Stopv) for I2C_Stop()
    task_mpu.o(i._Z12Single_Writehhh) refers to task_mpu.o(i._Z8delay5msv) for delay5ms()
    task_mpu.o(i._Z16READ_MPU9250_MAGv) refers to task_mpu.o(i._Z12Single_Writehhh) for Single_Write(unsigned char, unsigned char, unsigned char)
    task_mpu.o(i._Z16READ_MPU9250_MAGv) refers to os.o(i._ZN2OS8delay_msEy) for OS::delay_ms(unsigned long long)
    task_mpu.o(i._Z16READ_MPU9250_MAGv) refers to task_mpu.o(i._Z11Single_Readhh) for Single_Read(unsigned char, unsigned char)
[...]
    _ttywrch                                 0x080008b5   Thumb Code    14  sys_wrch.o(.text)
    main                                     0x080008c3   Thumb Code    10  components.o(i.$Sub$$main)
    BusFault_Handler                         0x080008cd   Thumb Code     4  gd32f4xx_it.o(i.BusFault_Handler)
    DMA0_Channel1_IRQHandler                 0x080008d1   Thumb Code    26  gd32f4xx_it.o(i.DMA0_Channel1_IRQHandler)
    DMA0_Channel3_IRQHandler                 0x080008f1   Thumb Code    26  gd32f4xx_it.o(i.DMA0_Channel3_IRQHandler)
    DMA0_Channel5_IRQHandler                 0x08000911   Thumb Code    26  gd32f4xx_it.o(i.DMA0_Channel5_IRQHandler)
    DMA0_Channel6_IRQHandler                 0x08000931   Thumb Code    26  gd32f4xx_it.o(i.DMA0_Channel6_IRQHandler)
    DMA1_Channel2_IRQHandler                 0x08000951   Thumb Code    26  gd32f4xx_it.o(i.DMA1_Channel2_IRQHandler)
    DMA1_Channel7_IRQHandler                 0x08000971   Thumb Code    26  gd32f4xx_it.o(i.DMA1_Channel7_IRQHandler)
    DebugMon_Handler                         0x08000991   Thumb Code     2  gd32f4xx_it.o(i.DebugMon_Handler)
    MemManage_Handler                        0x08000993   Thumb Code     4  gd32f4xx_it.o(i.MemManage_Handler)
    NMI_Handler                              0x08000997   Thumb Code     2  gd32f4xx_it.o(i.NMI_Handler)
    SVC_Handler                              0x08000999   Thumb Code     2  gd32f4xx_it.o(i.SVC_Handler)
    SysTick_Handler                          0x0800099b   Thumb Code     8  board.o(i.SysTick_Handler)
    SystemInit                               0x080009a5   Thumb Code   184  system_gd32f4xx.o(i.SystemInit)
    TIMER2_IRQHandler                        0x08000a6d   Thumb Code    40  gd32f4xx_it.o(i.TIMER2_IRQHandler)
    TIMER3_IRQHandler                        0x08000a99   Thumb Code    40  gd32f4xx_it.o(i.TIMER3_IRQHandler)
    UsageFault_Handler                       0x08000ac5   Thumb Code     4  gd32f4xx_it.o(i.UsageFault_Handler)
    OLED_Clear(unsigned)                     0x08000ac9   Thumb Code    64  task_hci.o(i._Z10OLED_Clearj)
    show_const()                             0x08000b09   Thumb Code   444  task_hci.o(i._Z10show_constv)
    I2C_WaitAck()                            0x08000d15   Thumb Code   140  task_mpu.o(i._Z11I2C_WaitAckv)
    Single_Read(unsigned char, unsigned char) 0x08000da5   Thumb Code    86  task_mpu.o(i._Z11Single_Readhh)
    I2C_RadeByte()                           0x08000e01   Thumb Code   130  task_mpu.o(i._Z12I2C_RadeBytev)
    I2C_SendByte(unsigned char)              0x08000e89   Thumb Code   134  task_mpu.o(i._Z12I2C_SendByteh)
    IIC_Wait_Ack()                           0x08000f15   Thumb Code    40  task_hci.o(i._Z12IIC_Wait_Ackv)
    Init_MPU9250()                           0x08000f41   Thumb Code    54  task_mpu.o(i._Z12Init_MPU9250v)
    OLED_Set_Pos(unsigned char, unsigned char) 0x08000f77   Thumb Code    40  task_hci.o(i._Z12OLED_Set_Poshh)
    OLED_ShowNum(unsigned char, unsigned char, unsigned, unsigned char, unsigned char) 0x08000f9f   Thumb Code   136  task_hci.o(i._Z12OLED_ShowNumhhjhh)
    OLED_WR_Byte(unsigned, unsigned)         0x08001027   Thumb Code    24  task_hci.o(i._Z12OLED_WR_Bytejj)
    Single_Write(unsigned char, unsigned char, unsigned char) 0x0800103f   Thumb Code    70  task_mpu.o(i._Z12Single_Writehhh)
    OLED_ShowChar(unsigned char, unsigned char, unsigned char, unsigned char) 0x08001085   Thumb Code   154  task_hci.o(i._Z13OLED_ShowCharhhhh)
    MUSIC_Analysis()                         0x08001129   Thumb Code   162  task_gyz.o(i._Z14MUSIC_Analysisv)
    Write_IIC_Byte(unsigned char)            0x080011dd   Thumb Code   130  task_hci.o(i._Z14Write_IIC_Byteh)
    Write_IIC_Data(unsigned char)            0x08001265   Thumb Code    44  task_hci.o(i._Z14Write_IIC_Datah)
    OLED_ShowString(unsigned char, unsigned char, unsigned char*, unsigned char) 0x08001291   Thumb Code    58  task_hci.o(i._Z15OLED_ShowStringhhPhh)
    READ_MPU9250_GYRO()                      0x080012cd   Thumb Code   100  task_mpu.o(i._Z17READ_MPU9250_GYROv)
    Write_IIC_Command(unsigned char)         0x08001339   Thumb Code    44  task_hci.o(i._Z17Write_IIC_Commandh)
    READ_MPU9250_ACCEL()                     0x08001365   Thumb Code    76  task_mpu.o(i._Z18READ_MPU9250_ACCELv)
    I2C_Stop()                               0x080013b5   Thumb Code    92  task_mpu.o(i._Z8I2C_Stopv)
    IIC_Stop()                               0x08001415   Thumb Code    58  task_hci.o(i._Z8IIC_Stopv)
    delay5ms()                               0x08001455   Thumb Code    14  task_mpu.o(i._Z8delay5msv)
    oled_pow(unsigned char, unsigned char)   0x08001463   Thumb Code    22  task_hci.o(i._Z8oled_powhh)
    I2C_NoAck()                              0x08001479   Thumb Code    92  task_mpu.o(i._Z9I2C_NoAckv)
    I2C_Start()                              0x080014d9   Thumb Code   138  task_mpu.o(i._Z9I2C_Startv)
    I2C_delay()                              0x08001569   Thumb Code    14  task_mpu.o(i._Z9I2C_delayv)
    IIC_Start()                              0x08001579   Thumb Code    76  task_hci.o(i._Z9IIC_Startv)
    OLED_Init()                              0x080015c9   Thumb Code   220  task_hci.o(i._Z9OLED_Initv)
    TASK_MOTOR::MOTOR_FUN(void*)             0x080016a5   Thumb Code   716  task_motor.o(i._ZN10TASK_MOTOR9MOTOR_FUNEPv)
    TASK_MOTOR::TASK_MOTOR()                 0x0800198d   Thumb Code    20  task_motor.o(i._ZN10TASK_MOTORC1Ev)
    TASK_MOTOR::TASK_MOTOR__sub_object()     0x0800198d   Thumb Code     0  task_motor.o(i._ZN10TASK_MOTORC1Ev)
    UART0_F450::GetRxLenth()                 0x080019b1   Thumb Code    20  uart_f450.o(i._ZN10UART0_F45010GetRxLenthEv)
    UART0_F450::Init(unsigned)               0x080019c9   Thumb Code   366  uart_f450.o(i._ZN10UART0_F4504InitEj)
    UART0_F450::Read(unsigned char*)         0x08001b45   Thumb Code   130  uart_f450.o(i._ZN10UART0_F4504ReadEPh)
    UART0_F450::Write(unsigned char*, unsigned short) 0x08001bd1   Thumb Code   100  uart_f450.o(i._ZN10UART0_F4505WriteEPht)
    UART1_F450::GetRxLenth()                 0x08001c3d   Thumb Code    20  uart_f450.o(i._ZN10UART1_F45010GetRxLenthEv)
    UART1_F450::Init(unsigned)               0x08001c55   Thumb Code   366  uart_f450.o(i._ZN10UART1_F4504InitEj)
    UART1_F450::Read(unsigned char*)         0x08001dd1   Thumb Code   130  uart_f450.o(i._ZN10UART1_F4504ReadEPh)
    UART1_F450::Write(unsigned char*, unsigned short) 0x08001e5d   Thumb Code   100  uart_f450.o(i._ZN10UART1_F4505WriteEPht)
    UART2_F450::GetRxLenth()                 0x08001ec9   Thumb Code    20  uart_f450.o(i._ZN10UART2_F45010GetRxLenthEv)
    UART2_F450::Init(unsigned)               0x08001ee1   Thumb Code   372  uart_f450.o(i._ZN10UART2_F4504InitEj)
    UART2_F450::Read(unsigned char*)         0x08002061   Thumb Code   130  uart_f450.o(i._ZN10UART2_F4504ReadEPh)
    UART2_F450::Write(unsigned char*, unsigned short) 0x080020ed   Thumb Code   100  uart_f450.o(i._ZN10UART2_F4505WriteEPht)
    IO::Set()                                0x08002159   Thumb Code     2  io_f450.o(i._ZN2IO3SetEv)
    IO::Gets()                               0x0800215b   Thumb Code     6  io_f450.o(i._ZN2IO4GetsEv)
    IO::Init()                               0x08002161   Thumb Code     2  io_f450.o(i._ZN2IO4InitEv)
    IO::Reset()                              0x08002163   Thumb Code     2  io_f450.o(i._ZN2IO5ResetEv)
    IO::Toggle()                             0x08002165   Thumb Code     2  io_f450.o(i._ZN2IO6ToggleEv)
    OS::timer_stop(TIMER*)                   0x08002167   Thumb Code    18  os.o(i._ZN2OS10timer_stopEP5TIMER)
    OS::timer_start(TIMER*)                  0x08002179   Thumb Code    18  os.o(i._ZN2OS11timer_startEP5TIMER)
    OS::create_timer(TIMER*)                 0x0800218b   Thumb Code    26  os.o(i._ZN2OS12create_timerEP5TIMER)
    OS::thread_start(rt_thread*)             0x080021a5   Thumb Code    16  os.o(i._ZN2OS12thread_startEP9rt_thread)
    OS::delete_thread(rt_thread*)            0x080021b5   Thumb Code    16  os.o(i._ZN2OS13delete_threadEP9rt_thread)
    OS::Init()                               0x080021c5   Thumb Code    16  os.o(i._ZN2OS4InitEv)
    OS::delay_ms(unsigned long long)         0x080021d5   Thumb Code    16  os.o(i._ZN2OS8delay_msEy)
    OS::newthread(TASK*)                     0x080021e5   Thumb Code    28  os.o(i._ZN2OS9newthreadEP4TASK)
    ADC::Init()                              0x08002201   Thumb Code     2  bsp_f450.o(i._ZN3ADC4InitEv)
    ADC::PeriodRun()                         0x08002203   Thumb Code     2  bsp_f450.o(i._ZN3ADC9PeriodRunEv)
    TIM::Init()                              0x08002205   Thumb Code     2  bsp_f450.o(i._ZN3TIM4InitEv)
    TIM::ReadCnt()                           0x08002207   Thumb Code     4  bsp_f450.o(i._ZN3TIM7ReadCntEv)
    TIM::SetDUTY(short)                      0x0800220b   Thumb Code     2  bsp_f450.o(i._ZN3TIM7SetDUTYEs)
    TIM::SetFREQ(float)                      0x0800220d   Thumb Code     2  bsp_f450.o(i._ZN3TIM7SetFREQEf)
    TIM::TIM()                               0x08002211   Thumb Code     6  bsp_f450.o(i._ZN3TIMC1Ev)
    TIM::TIM__sub_object()                   0x08002211   Thumb Code     0  bsp_f450.o(i._ZN3TIMC1Ev)
    UART::GetRxLenth()                       0x0800221d   Thumb Code     4  bsp_f450.o(i._ZN4UART10GetRxLenthEv)
    UART::Init(unsigned)                     0x08002221   Thumb Code     2  bsp_f450.o(i._ZN4UART4InitEj)
    UART::Read(unsigned char*)               0x08002223   Thumb Code     4  bsp_f450.o(i._ZN4UART4ReadEPh)
    UART::Write(unsigned char*, unsigned short) 0x08002227   Thumb Code     2  bsp_f450.o(i._ZN4UART5WriteEPht)
    UART::UART()                             0x08002229   Thumb Code     6  bsp_f450.o(i._ZN4UARTC1Ev)
    UART::UART__sub_object()                 0x08002229   Thumb Code     0  bsp_f450.o(i._ZN4UARTC1Ev)
    IO_F450::Set()                           0x08002235   Thumb Code    16  io_f450.o(i._ZN7IO_F4503SetEv)
    IO_F450::Gets()                          0x08002245   Thumb Code    14  io_f450.o(i._ZN7IO_F4504GetsEv)
    IO_F450::Init()                          0x08002255   Thumb Code   164  io_f450.o(i._ZN7IO_F4504InitEv)
    IO_F450::Reset()                         0x08002309   Thumb Code    16  io_f450.o(i._ZN7IO_F4505ResetEv)
    IO_F450::Toggle()                        0x08002319   Thumb Code    14  io_f450.o(i._ZN7IO_F4506ToggleEv)
    IO_F450::IO_F450(unsigned, unsigned)     0x08002329   Thumb Code    16  io_f450.o(i._ZN7IO_F450C1Ejj)
    IO_F450::IO_F450__sub_object(unsigned, unsigned) 0x08002329   Thumb Code     0  io_f450.o(i._ZN7IO_F450C1Ejj)
    BSP_F450::Init()                         0x08002341   Thumb Code   114  bsp_f450.o(i._ZN8BSP_F4504InitEv)
    BSP_F450::BSP_F450()                     0x080023b5   Thumb Code   442  bsp_f450.o(i._ZN8BSP_F450C1Ev)
    BSP_F450::BSP_F450__sub_object()         0x080023b5   Thumb Code     0  bsp_f450.o(i._ZN8BSP_F450C1Ev)
    TASK_GYZ::GYZ_FUN(void*)                 0x0800259d   Thumb Code    52  task_gyz.o(i._ZN8TASK_GYZ7GYZ_FUNEPv)
    TASK_GYZ::TASK_GYZ()                     0x080025d9   Thumb Code    20  task_gyz.o(i._ZN8TASK_GYZC1Ev)
    TASK_GYZ::TASK_GYZ__sub_object()         0x080025d9   Thumb Code     0  task_gyz.o(i._ZN8TASK_GYZC1Ev)
    TASK_HCI::HCI_FUN(void*)                 0x080025fd   Thumb Code  3224  task_hci.o(i._ZN8TASK_HCI7HCI_FUNEPv)
    TASK_HCI::TASK_HCI()                     0x08003295   Thumb Code    20  task_hci.o(i._ZN8TASK_HCIC1Ev)
    TASK_HCI::TASK_HCI__sub_object()         0x08003295   Thumb Code     0  task_hci.o(i._ZN8TASK_HCIC1Ev)
    TASK_MPU::MPU_FUN(void*)                 0x080032b9   Thumb Code   160  task_mpu.o(i._ZN8TASK_MPU7MPU_FUNEPv)
    TASK_MPU::TASK_MPU()                     0x08003369   Thumb Code    20  task_mpu.o(i._ZN8TASK_MPUC1Ev)
    TASK_MPU::TASK_MPU__sub_object()         0x08003369   Thumb Code     0  task_mpu.o(i._ZN8TASK_MPUC1Ev)
    ADC0_F450::Init()                        0x0800338d   Thumb Code   388  adc_f450.o(i._ZN9ADC0_F4504InitEv)
    ADC0_F450::PeriodRun()                   0x08003521   Thumb Code   398  adc_f450.o(i._ZN9ADC0_F4509PeriodRunEv)
    OS_Timer1::OS_Timer1_FUN(void*)          0x080036c1   Thumb Code    26  os_timer.o(i._ZN9OS_Timer113OS_Timer1_FUNEPv)
    OS_Timer1::OS_Timer1()                   0x080036e5   Thumb Code    20  os_timer.o(i._ZN9OS_Timer1C1Ev)
    OS_Timer1::OS_Timer1__sub_object()       0x080036e5   Thumb Code     0  os_timer.o(i._ZN9OS_Timer1C1Ev)
    TIM0_F450::Init()                        0x08003705   Thumb Code   342  tim_f450.o(i._ZN9TIM0_F4504InitEv)
    TIM0_F450::SetDUTY(short)                0x08003869   Thumb Code   282  tim_f450.o(i._ZN9TIM0_F4507SetDUTYEs)
    TIM0_F450::TIM0_F450(unsigned char)      0x08003989   Thumb Code    14  tim_f450.o(i._ZN9TIM0_F450C1Eh)
    TIM0_F450::TIM0_F450__sub_object(unsigned char) 0x08003989   Thumb Code     0  tim_f450.o(i._ZN9TIM0_F450C1Eh)
    TIM2_F450::Init()                        0x080039a1   Thumb Code   210  tim_f450.o(i._ZN9TIM2_F4504InitEv)
    TIM2_F450::ReadCnt()                     0x08003a7d   Thumb Code    26  tim_f450.o(i._ZN9TIM2_F4507ReadCntEv)
    TIM3_F450::Init()                        0x08003a9d   Thumb Code   216  tim_f450.o(i._ZN9TIM3_F4504InitEv)
    TIM3_F450::ReadCnt()                     0x08003b7d   Thumb Code    28  tim_f450.o(i._ZN9TIM3_F4507ReadCntEv)
    TIM8_F450::Init()                        0x08003b9d   Thumb Code   216  tim_f450.o(i._ZN9TIM8_F4504InitEv)
    TIM8_F450::SetDUTY(short)                0x08003c81   Thumb Code    38  tim_f450.o(i._ZN9TIM8_F4507SetDUTYEs)
    TIM8_F450::SetFREQ(float)                0x08003cad   Thumb Code    90  tim_f450.o(i._ZN9TIM8_F4507SetFREQEf)
    operator new(unsigned)                   0x08003d11   Thumb Code    34  new.o(i._Znwj)
    __hardfp_sqrtf                           0x08003d61   Thumb Code    58  sqrtf.o(i.__hardfp_sqrtf)
    __rt_ffs                                 0x08003d9d   Thumb Code    70  kservice.o(i.__rt_ffs)
    adc_calibration_enable                   0x08003f27   Thumb Code    42  gd32f4xx_adc.o(i.adc_calibration_enable)
    adc_channel_length_config                0x08003f51   Thumb Code    82  gd32f4xx_adc.o(i.adc_channel_length_config)
    adc_clock_config                         0x08003fa5   Thumb Code    28  gd32f4xx_adc.o(i.adc_clock_config)
    adc_data_alignment_config                0x08003fc9   Thumb Code    22  gd32f4xx_adc.o(i.adc_data_alignment_config)
    adc_dma_mode_enable                      0x08003fdf   Thumb Code    10  gd32f4xx_adc.o(i.adc_dma_mode_enable)
    adc_dma_request_after_last_enable        0x08003fe9   Thumb Code    10  gd32f4xx_adc.o(i.adc_dma_request_after_last_enable)
    adc_enable                               0x08003ff3   Thumb Code    18  gd32f4xx_adc.o(i.adc_enable)
    adc_external_trigger_config              0x08004005   Thumb Code    52  gd32f4xx_adc.o(i.adc_external_trigger_config)
    adc_external_trigger_source_config       0x08004039   Thumb Code    48  gd32f4xx_adc.o(i.adc_external_trigger_source_config)
    adc_regular_channel_config               0x08004069   Thumb Code   172  gd32f4xx_adc.o(i.adc_regular_channel_config)
    adc_software_trigger_enable              0x08004115   Thumb Code    36  gd32f4xx_adc.o(i.adc_software_trigger_enable)
    adc_special_function_config              0x08004139   Thumb Code    90  gd32f4xx_adc.o(i.adc_special_function_config)
    adc_sync_mode_config                     0x08004195   Thumb Code    28  gd32f4xx_adc.o(i.adc_sync_mode_config)
    dma_channel_enable                       0x080041b9   Thumb Code    32  gd32f4xx_dma.o(i.dma_channel_enable)
    dma_channel_subperipheral_select         0x080041d9   Thumb Code    38  gd32f4xx_dma.o(i.dma_channel_subperipheral_select)
    dma_circulation_disable                  0x080041ff   Thumb Code    32  gd32f4xx_dma.o(i.dma_circulation_disable)
    dma_circulation_enable                   0x0800421f   Thumb Code    32  gd32f4xx_dma.o(i.dma_circulation_enable)
    dma_deinit                               0x0800423f   Thumb Code   164  gd32f4xx_dma.o(i.dma_deinit)
    dma_flag_get                             0x080042e3   Thumb Code    76  gd32f4xx_dma.o(i.dma_flag_get)
    dma_interrupt_enable                     0x0800432f   Thumb Code    62  gd32f4xx_dma.o(i.dma_interrupt_enable)
    dma_interrupt_flag_clear                 0x0800436d   Thumb Code    62  gd32f4xx_dma.o(i.dma_interrupt_flag_clear)
    dma_interrupt_flag_get                   0x080043ab   Thumb Code   516  gd32f4xx_dma.o(i.dma_interrupt_flag_get)
    dma_single_data_mode_init                0x080045b1   Thumb Code   340  gd32f4xx_dma.o(i.dma_single_data_mode_init)
    dma_single_data_para_struct_init         0x08004709   Thumb Code    34  gd32f4xx_dma.o(i.dma_single_data_para_struct_init)
    dma_transfer_number_get                  0x0800472b   Thumb Code    16  gd32f4xx_dma.o(i.dma_transfer_number_get)
    gpio_af_set                              0x0800473b   Thumb Code    94  gd32f4xx_gpio.o(i.gpio_af_set)
    gpio_bit_toggle                          0x08004799   Thumb Code     4  gd32f4xx_gpio.o(i.gpio_bit_toggle)
    gpio_bit_write                           0x0800479d   Thumb Code    10  gd32f4xx_gpio.o(i.gpio_bit_write)
    gpio_input_bit_get                       0x080047a7   Thumb Code    16  gd32f4xx_gpio.o(i.gpio_input_bit_get)
    gpio_mode_set                            0x080047b7   Thumb Code    78  gd32f4xx_gpio.o(i.gpio_mode_set)
    gpio_output_options_set                  0x08004805   Thumb Code    66  gd32f4xx_gpio.o(i.gpio_output_options_set)
    $Super$$main                             0x08004849   Thumb Code   166  main.o(i.main)
    main_thread_entry                        0x0800490d   Thumb Code    14  components.o(i.main_thread_entry)
    nvic_irq_enable                          0x0800491d   Thumb Code   186  gd32f4xx_misc.o(i.nvic_irq_enable)
    nvic_priority_group_set                  0x080049e1   Thumb Code    10  gd32f4xx_misc.o(i.nvic_priority_group_set)
    rcu_clock_freq_get                       0x08004a6d   Thumb Code   264  gd32f4xx_rcu.o(i.rcu_clock_freq_get)
    rcu_periph_clock_enable                  0x08004b91   Thumb Code    32  gd32f4xx_rcu.o(i.rcu_periph_clock_enable)
    rcu_periph_reset_disable                 0x08004bb5   Thumb Code    32  gd32f4xx_rcu.o(i.rcu_periph_reset_disable)
    rcu_periph_reset_enable                  0x08004bd9   Thumb Code    32  gd32f4xx_rcu.o(i.rcu_periph_reset_enable)
    rcu_timer_clock_prescaler_config         0x08004bfd   Thumb Code    32  gd32f4xx_rcu.o(i.rcu_timer_clock_prescaler_config)
    rt_application_init                      0x08004c21   Thumb Code    34  components.o(i.rt_application_init)
    rt_components_board_init                 0x08004c51   Thumb Code    20  components.o(i.rt_components_board_init)
    rt_components_init                       0x08004c6d   Thumb Code    20  components.o(i.rt_components_init)
    rt_enter_critical                        0x08004c89   Thumb Code    28  scheduler.o(i.rt_enter_critical)
    rt_exit_critical                         0x08004ca9   Thumb Code    60  scheduler.o(i.rt_exit_critical)
    rt_free                                  0x08004ced   Thumb Code    98  mem.o(i.rt_free)
    rt_heap_begin_get                        0x08004d65   Thumb Code     4  board.o(i.rt_heap_begin_get)
    rt_heap_end_get                          0x08004d6d   Thumb Code     4  board.o(i.rt_heap_end_get)
    rt_hw_board_init                         0x08004d75   Thumb Code    34  board.o(i.rt_hw_board_init)
    rt_hw_hard_fault_exception               0x08004d99   Thumb Code    40  cpuport.o(i.rt_hw_hard_fault_exception)
    rt_hw_stack_init                         0x08004dc5   Thumb Code    74  cpuport.o(i.rt_hw_stack_init)
    rt_interrupt_enter                       0x08004e15   Thumb Code    26  irq.o(i.rt_interrupt_enter)
    rt_interrupt_leave                       0x08004e35   Thumb Code    26  irq.o(i.rt_interrupt_leave)
    rt_malloc                                0x08004f89   Thumb Code   336  mem.o(i.rt_malloc)
    rt_memset                                0x080050f5   Thumb Code    72  kservice.o(i.rt_memset)
    rt_object_allocate                       0x0800513d   Thumb Code    84  object.o(i.rt_object_allocate)
    rt_object_delete                         0x08005191   Thumb Code    36  object.o(i.rt_object_delete)
    rt_object_detach                         0x080051b5   Thumb Code    30  object.o(i.rt_object_detach)
    rt_object_get_information                0x080051d5   Thumb Code    36  object.o(i.rt_object_get_information)
    rt_object_init                           0x080051fd   Thumb Code    86  object.o(i.rt_object_init)
    rt_object_is_systemobject                0x08005253   Thumb Code    18  object.o(i.rt_object_is_systemobject)
    rt_os_tick_callback                      0x08005265   Thumb Code    16  board.o(i.rt_os_tick_callback)
    rt_schedule                              0x08005275   Thumb Code   106  scheduler.o(i.rt_schedule)
    rt_schedule_insert_thread                0x080052f9   Thumb Code    72  scheduler.o(i.rt_schedule_insert_thread)
    rt_schedule_remove_thread                0x08005349   Thumb Code    76  scheduler.o(i.rt_schedule_remove_thread)
    rt_sem_init                              0x0800539d   Thumb Code    38  ipc.o(i.rt_sem_init)
    rt_sem_release                           0x080053c3   Thumb Code    82  ipc.o(i.rt_sem_release)
    rt_sem_take                              0x08005415   Thumb Code   116  ipc.o(i.rt_sem_take)
    rt_show_version                          0x08005489   Thumb Code     2  kservice.o(i.rt_show_version)
    rt_strncpy                               0x0800548b   Thumb Code    52  kservice.o(i.rt_strncpy)
    rt_system_heap_init                      0x080054c1   Thumb Code   146  mem.o(i.rt_system_heap_init)
    rt_system_scheduler_init                 0x08005571   Thumb Code    52  scheduler.o(i.rt_system_scheduler_init)
    rt_system_scheduler_start                0x080055bd   Thumb Code    36  scheduler.o(i.rt_system_scheduler_start)
    rt_system_timer_init                     0x080055ed   Thumb Code    24  timer.o(i.rt_system_timer_init)
    rt_system_timer_thread_init              0x08005609   Thumb Code     2  timer.o(i.rt_system_timer_thread_init)
    rt_thread_create                         0x0800560b   Thumb Code    80  thread.o(i.rt_thread_create)
    rt_thread_delete                         0x0800565d   Thumb Code    82  thread.o(i.rt_thread_delete)
    rt_thread_exit                           0x080056b5   Thumb Code    78  thread.o(i.rt_thread_exit)
    rt_thread_idle_excute                    0x08005715   Thumb Code    92  idle.o(i.rt_thread_idle_excute)
    rt_thread_idle_init                      0x08005775   Thumb Code    38  idle.o(i.rt_thread_idle_init)
    rt_thread_init                           0x080057b1   Thumb Code    52  thread.o(i.rt_thread_init)
    rt_thread_mdelay                         0x080057e5   Thumb Code    20  thread.o(i.rt_thread_mdelay)
    rt_thread_resume                         0x080057f9   Thumb Code    60  thread.o(i.rt_thread_resume)
    rt_thread_self                           0x08005835   Thumb Code     6  thread.o(i.rt_thread_self)
    rt_thread_sleep                          0x08005841   Thumb Code    62  thread.o(i.rt_thread_sleep)
    rt_thread_startup                        0x08005885   Thumb Code    44  thread.o(i.rt_thread_startup)
    rt_thread_suspend                        0x080058b1   Thumb Code    68  thread.o(i.rt_thread_suspend)
    rt_thread_timeout                        0x080058f5   Thumb Code    32  thread.o(i.rt_thread_timeout)
    rt_thread_yield                          0x08005915   Thumb Code    92  thread.o(i.rt_thread_yield)
    rt_tick_from_millisecond                 0x08005979   Thumb Code    56  clock.o(i.rt_tick_from_millisecond)
    rt_tick_get                              0x080059b1   Thumb Code     6  clock.o(i.rt_tick_get)
    rt_tick_increase                         0x080059bd   Thumb Code    42  clock.o(i.rt_tick_increase)
    rt_timer_check                           0x080059ed   Thumb Code   160  timer.o(i.rt_timer_check)
    rt_timer_control                         0x08005a91   Thumb Code    98  timer.o(i.rt_timer_control)
    rt_timer_create                          0x08005af3   Thumb Code    54  timer.o(i.rt_timer_create)
    rt_timer_detach                          0x08005b29   Thumb Code    40  timer.o(i.rt_timer_detach)
    rt_timer_init                            0x08005b51   Thumb Code    46  timer.o(i.rt_timer_init)
    rt_timer_start                           0x08005b81   Thumb Code   226  timer.o(i.rt_timer_start)
    rt_timer_stop                            0x08005c6d   Thumb Code    48  timer.o(i.rt_timer_stop)
    rtthread_startup                         0x08005cad   Thumb Code    42  components.o(i.rtthread_startup)
    systick_config                           0x08005ddd   Thumb Code    74  systick.o(i.systick_config)
    timer_auto_reload_shadow_enable          0x08005e2d   Thumb Code    10  gd32f4xx_timer.o(i.timer_auto_reload_shadow_enable)
    timer_channel_input_capture_prescaler_config 0x08005e37   Thumb Code    90  gd32f4xx_timer.o(i.timer_channel_input_capture_prescaler_config)
    timer_channel_output_config              0x08005e91   Thumb Code   484  gd32f4xx_timer.o(i.timer_channel_output_config)
    timer_channel_output_mode_config         0x0800607d   Thumb Code    90  gd32f4xx_timer.o(i.timer_channel_output_mode_config)
    timer_channel_output_pulse_value_config  0x080060d7   Thumb Code    38  gd32f4xx_timer.o(i.timer_channel_output_pulse_value_config)
    timer_channel_output_shadow_config       0x080060fd   Thumb Code    90  gd32f4xx_timer.o(i.timer_channel_output_shadow_config)
    timer_counter_read                       0x08006157   Thumb Code     8  gd32f4xx_timer.o(i.timer_counter_read)
    timer_counter_value_config               0x0800615f   Thumb Code     4  gd32f4xx_timer.o(i.timer_counter_value_config)
    timer_deinit                             0x08006165   Thumb Code   374  gd32f4xx_timer.o(i.timer_deinit)
    timer_enable                             0x080062e9   Thumb Code    10  gd32f4xx_timer.o(i.timer_enable)
    timer_init                               0x080062f5   Thumb Code   122  gd32f4xx_timer.o(i.timer_init)
    timer_input_capture_config               0x0800638d   Thumb Code   326  gd32f4xx_timer.o(i.timer_input_capture_config)
    timer_interrupt_enable                   0x080064d3   Thumb Code     8  gd32f4xx_timer.o(i.timer_interrupt_enable)
    timer_interrupt_flag_clear               0x080064db   Thumb Code     6  gd32f4xx_timer.o(i.timer_interrupt_flag_clear)
    timer_interrupt_flag_get                 0x080064e1   Thumb Code    24  gd32f4xx_timer.o(i.timer_interrupt_flag_get)
    timer_primary_output_config              0x080064f9   Thumb Code    24  gd32f4xx_timer.o(i.timer_primary_output_config)
    timer_quadrature_decoder_mode_config     0x08006511   Thumb Code    64  gd32f4xx_timer.o(i.timer_quadrature_decoder_mode_config)
    usart_baudrate_set                       0x08006551   Thumb Code   224  gd32f4xx_usart.o(i.usart_baudrate_set)
    usart_deinit                             0x08006639   Thumb Code   210  gd32f4xx_usart.o(i.usart_deinit)
    usart_dma_receive_config                 0x08006715   Thumb Code    16  gd32f4xx_usart.o(i.usart_dma_receive_config)
    usart_dma_transmit_config                0x08006725   Thumb Code    16  gd32f4xx_usart.o(i.usart_dma_transmit_config)
    usart_enable                             0x08006735   Thumb Code    10  gd32f4xx_usart.o(i.usart_enable)
    usart_oversample_config                  0x0800673f   Thumb Code    16  gd32f4xx_usart.o(i.usart_oversample_config)
    usart_parity_config                      0x0800674f   Thumb Code    16  gd32f4xx_usart.o(i.usart_parity_config)
    usart_receive_config                     0x0800675f   Thumb Code    16  gd32f4xx_usart.o(i.usart_receive_config)
    usart_stop_bit_set                       0x0800676f   Thumb Code    16  gd32f4xx_usart.o(i.usart_stop_bit_set)
    usart_transmit_config                    0x0800677f   Thumb Code    16  gd32f4xx_usart.o(i.usart_transmit_config)
    usart_word_length_set                    0x0800678f   Thumb Code    16  gd32f4xx_usart.o(i.usart_word_length_set)
    __aeabi_d2f                              0x080067a1   Thumb Code     0  d2f.o(x$fpl$d2f)
    _d2f                                     0x080067a1   Thumb Code    98  d2f.o(x$fpl$d2f)
    __aeabi_dadd                             0x08006805   Thumb Code     0  daddsub_clz.o(x$fpl$dadd)
    _dadd                                    0x08006805   Thumb Code   332  daddsub_clz.o(x$fpl$dadd)
    __fpl_dcmp_Inf                           0x08006955   Thumb Code    24  dcmpi.o(x$fpl$dcmpinf)
    __aeabi_ddiv                             0x0800696d   Thumb Code     0  ddiv.o(x$fpl$ddiv)
    _ddiv                                    0x0800696d   Thumb Code   552  ddiv.o(x$fpl$ddiv)
    __aeabi_d2iz                             0x08006c1d   Thumb Code     0  dfix.o(x$fpl$dfix)
    _dfix                                    0x08006c1d   Thumb Code    94  dfix.o(x$fpl$dfix)
    __aeabi_i2d                              0x08006c7b   Thumb Code     0  dflt_clz.o(x$fpl$dflt)
    _dflt                                    0x08006c7b   Thumb Code    46  dflt_clz.o(x$fpl$dflt)
    __aeabi_ui2d                             0x08006ca9   Thumb Code     0  dflt_clz.o(x$fpl$dfltu)
    _dfltu                                   0x08006ca9   Thumb Code    38  dflt_clz.o(x$fpl$dfltu)
    __aeabi_cdcmple                          0x08006cd1   Thumb Code     0  dleqf.o(x$fpl$dleqf)
    _dcmple                                  0x08006cd1   Thumb Code   120  dleqf.o(x$fpl$dleqf)
    __fpl_dcmple_InfNaN                      0x08006d33   Thumb Code     0  dleqf.o(x$fpl$dleqf)
    __aeabi_dmul                             0x08006d49   Thumb Code     0  dmul.o(x$fpl$dmul)
    _dmul                                    0x08006d49   Thumb Code   332  dmul.o(x$fpl$dmul)
    __fpl_dnaninf                            0x08006e9d   Thumb Code   156  dnaninf.o(x$fpl$dnaninf)
    __fpl_dretinf                            0x08006f39   Thumb Code    12  dretinf.o(x$fpl$dretinf)
    __aeabi_cdrcmple                         0x08006f45   Thumb Code     0  drleqf.o(x$fpl$drleqf)
    _drcmple                                 0x08006f45   Thumb Code   108  drleqf.o(x$fpl$drleqf)
    __aeabi_dsub                             0x08006fb1   Thumb Code     0  daddsub_clz.o(x$fpl$dsub)
    _dsub                                    0x08006fb1   Thumb Code   464  daddsub_clz.o(x$fpl$dsub)
    __aeabi_f2d                              0x08007185   Thumb Code     0  f2d.o(x$fpl$f2d)
    _f2d                                     0x08007185   Thumb Code    86  f2d.o(x$fpl$f2d)
    __fpl_fnaninf                            0x080071db   Thumb Code   140  fnaninf.o(x$fpl$fnaninf)
    _fp_init                                 0x08007267   Thumb Code    10  fpinit.o(x$fpl$fpinit)
    __fplib_config_fpu_vfp                   0x0800726f   Thumb Code     0  fpinit.o(x$fpl$fpinit)
    __fplib_config_pureend_doubles           0x0800726f   Thumb Code     0  fpinit.o(x$fpl$fpinit)
    __fpl_fretinf                            0x08007271   Thumb Code    10  fretinf.o(x$fpl$fretinf)
    __I$use$fp                               0x0800727a   Number         0  usenofp.o(x$fpl$usenofp)
    __lowest_bit_bitmap                      0x08007a92   Data         256  kservice.o(.constdata)
    vtable for UART0_F450                    0x08007bb4   Data          24  uart_f450.o(.constdata__ZTV10UART0_F450)
    vtable for UART1_F450                    0x08007bcc   Data          24  uart_f450.o(.constdata__ZTV10UART1_F450)
    vtable for UART2_F450                    0x08007be4   Data          24  uart_f450.o(.constdata__ZTV10UART2_F450)
    vtable for IO                            0x08007bfc   Data          32  io_f450.o(.constdata__ZTV2IO)
    vtable for ADC                           0x08007c1c   Data          16  bsp_f450.o(.constdata__ZTV3ADC)
    vtable for TIM                           0x08007c2c   Data          24  bsp_f450.o(.constdata__ZTV3TIM)
    vtable for UART                          0x08007c44   Data          24  bsp_f450.o(.constdata__ZTV4UART)
    vtable for IO_F450                       0x08007c5c   Data          32  io_f450.o(.constdata__ZTV7IO_F450)
    vtable for ADC0_F450                     0x08007c7c   Data          16  adc_f450.o(.constdata__ZTV9ADC0_F450)
    vtable for TIM0_F450                     0x08007c8c   Data          24  tim_f450.o(.constdata__ZTV9TIM0_F450)
    vtable for TIM2_F450                     0x08007ca4   Data          24  tim_f450.o(.constdata__ZTV9TIM2_F450)
    vtable for TIM3_F450                     0x08007cbc   Data          24  tim_f450.o(.constdata__ZTV9TIM3_F450)
    vtable for TIM8_F450                     0x08007cd4   Data          24  tim_f450.o(.constdata__ZTV9TIM8_F450)
    __rt_init_rti_start                      0x08007cec   Data           4  components.o(.rti_fn.0)
    __rt_init_rti_board_start                0x08007cf0   Data           4  components.o(.rti_fn.0.end)
    __rt_init_rti_board_end                  0x08007cf4   Data           4  components.o(.rti_fn.1.end)
    __rt_init_rti_end                        0x08007cf8   Data           4  components.o(.rti_fn.6.end)
    Region$$Table$$Base                      0x08007cfc   Number         0  anon$$obj.o(Region$$Table)
    Region$$Table$$Limit                     0x08007d1c   Number         0  anon$$obj.o(Region$$Table)
    SHT$$INIT_ARRAY$$Base                    0x08007d1c   Number         0  main.o(.init_array)
    SHT$$INIT_ARRAY$$Limit                   0x08007d20   Number         0  init_aeabi.o(.init_array)
    gBSP                                     0x20000000   Data           4  main.o(.data)
    gOS                                      0x20000004   Data           4  main.o(.data)
    gOS_Timer1                               0x20000008   Data           4  main.o(.data)
    accel                                    0x2000000c   Data           6  task_mpu.o(.data)
    gyro                                     0x20000012   Data           6  task_mpu.o(.data)
    Temperature                              0x20000018   Data           2  task_mpu.o(.data)
    TX_DATA                                  0x2000001a   Data           4  task_mpu.o(.data)
    test                                     0x2000001e   Data           1  task_mpu.o(.data)
    T_X                                      0x20000020   Data           2  task_mpu.o(.data)
    T_Y                                      0x20000022   Data           2  task_mpu.o(.data)
    T_Z                                      0x20000024   Data           2  task_mpu.o(.data)
    T_T                                      0x20000026   Data           2  task_mpu.o(.data)
    Tone_Index                               0x20000028   Data          48  task_gyz.o(.data)
    Music_Lone_Brave                         0x20000058   Data        3942  task_gyz.o(.data)
    flag                                     0x20000fbe   Data           1  tim_f450.o(.data)
    SystemCoreClock                          0x20000fc0   Data           4  system_gd32f4xx.o(.data)
    rt_interrupt_from_thread                 0x20000fc4   Data           4  cpuport.o(.data)
    rt_interrupt_to_thread                   0x20000fc8   Data           4  cpuport.o(.data)
    rt_thread_switch_interrupt_flag          0x20000fcc   Data           4  cpuport.o(.data)
    rt_interrupt_nest                        0x20000fd8   Data           1  irq.o(.data)
    rt_thread_ready_priority_group           0x20001034   Data           4  scheduler.o(.data)
    rt_current_thread                        0x2000103c   Data           4  scheduler.o(.data)
    rt_current_priority                      0x20001040   Data           1  scheduler.o(.data)
    rt_thread_defunct                        0x20001044   Data           8  scheduler.o(.data)
    BSP                                      0x20001058   Data          72  main.o(.bss)
    iOS                                      0x200010a0   Data          20  main.o(.bss)
    iOS_Timer1                               0x200010b4   Data          20  main.o(.bss)
    iTASK_HCI                                0x200010c8   Data          12  main.o(.bss)
    iTASK_MOTOR                              0x200010d4   Data          12  main.o(.bss)
    iTASK_GYZ                                0x200010e0   Data          12  main.o(.bss)
    iTASK_MPU                                0x200010ec   Data          12  main.o(.bss)
    rt_thread_priority_table                 0x20004e90   Data         256  scheduler.o(.bss)
    __libspace_start                         0x20004f90   Data          96  libspace.o(.bss)
    __temporary_stack_top$libspace           0x20004ff0   Data           0  libspace.o(.bss)



==============================================================================

Memory Map of the image

  Image Entry point : 0x080001ad

  Load Region LR_IROM1 (Base: 0x08000000, Size: 0x00008d78, Max: 0x00100000, ABSOLUTE, COMPRESSED[0x00007f14])

    Execution Region ER_IROM1 (Exec base: 0x08000000, Load base: 0x08000000, Size: 0x00007d20, Max: 0x00100000, ABSOLUTE)

    Exec Addr    Load Addr    Size         Type   Attr      Idx    E Section Name        Object

    0x08000000   0x08000000   0x000001ac   Data   RO         1767    RESET               startup_gd32f450.o
    0x080001ac   0x080001ac   0x00000008   Code   RO         8416  * !!!main             c_w.l(__main.o)
    0x080001b4   0x080001b4   0x00000034   Code   RO         8954    !!!scatter          c_w.l(__scatter.o)
    0x080001e8   0x080001e8   0x00000064   Code   RO         8952    !!dclz77c           c_w.l(__dclz77c.o)
    0x0800024c   0x0800024c   0x0000001c   Code   RO         8956    !!handler_zi        c_w.l(__scatter_zi.o)
    0x08000268   0x08000268   0x00000002   Code   RO         8859    .ARM.Collect$$libinit$$00000000  c_w.l(libinit.o)
    0x0800026a   0x0800026a   0x00000004   Code   RO         8640    .ARM.Collect$$libinit$$00000001  c_w.l(libinit2.o)
    0x0800026e   0x0800026e   0x00000000   Code   RO         8643    .ARM.Collect$$libinit$$00000004  c_w.l(libinit2.o)
    0x0800026e   0x0800026e   0x00000008   Code   RO         8644    .ARM.Collect$$libinit$$00000005  c_w.l(libinit2.o)
    0x08000276   0x08000276   0x00000000   Code   RO         8646    .ARM.Collect$$libinit$$0000000A  c_w.l(libinit2.o)
    0x08000276   0x08000276   0x00000000   Code   RO         8648    .ARM.Collect$$libinit$$0000000C  c_w.l(libinit2.o)
    0x08000276   0x08000276   0x00000000   Code   RO         8650    .ARM.Collect$$libinit$$0000000E  c_w.l(libinit2.o)
    0x08000276   0x08000276   0x00000000   Code   RO         8653    .ARM.Collect$$libinit$$00000011  c_w.l(libinit2.o)
    0x08000276   0x08000276   0x00000000   Code   RO         8655    .ARM.Collect$$libinit$$00000013  c_w.l(libinit2.o)
    0x08000276   0x08000276   0x00000000   Code   RO         8657    .ARM.Collect$$libinit$$00000015  c_w.l(libinit2.o)
    0x08000276   0x08000276   0x00000000   Code   RO         8659    .ARM.Collect$$libinit$$00000017  c_w.l(libinit2.o)
    0x08000276   0x08000276   0x00000000   Code   RO         8661    .ARM.Collect$$libinit$$00000019  c_w.l(libinit2.o)
    0x08000276   0x08000276   0x00000000   Code   RO         8663    .ARM.Collect$$libinit$$0000001B  c_w.l(libinit2.o)
    0x08000276   0x08000276   0x00000000   Code   RO         8665    .ARM.Collect$$libinit$$0000001D  c_w.l(libinit2.o)
    0x08000276   0x08000276   0x00000000   Code   RO         8667    .ARM.Collect$$libinit$$0000001F  c_w.l(libinit2.o)
    0x08000276   0x08000276   0x00000000   Code   RO         8669    .ARM.Collect$$libinit$$00000021  c_w.l(libinit2.o)
    0x08000276   0x08000276   0x00000000   Code   RO         8671    .ARM.Collect$$libinit$$00000023  c_w.l(libinit2.o)
    0x08000276   0x08000276   0x00000000   Code   RO         8673    .ARM.Collect$$libinit$$00000025  c_w.l(libinit2.o)
    0x08000276   0x08000276   0x00000000   Code   RO         8677    .ARM.Collect$$libinit$$0000002C  c_w.l(libinit2.o)
    0x08000276   0x08000276   0x00000000   Code   RO         8679    .ARM.Collect$$libinit$$0000002E  c_w.l(libinit2.o)
    0x08000276   0x08000276   0x00000000   Code   RO         8681    .ARM.Collect$$libinit$$00000030  c_w.l(libinit2.o)
    0x08000276   0x08000276   0x00000004   Code   RO         8682    .ARM.Collect$$libinit$$00000031  c_w.l(libinit2.o)
    0x0800027a   0x0800027a   0x00000000   Code   RO         8683    .ARM.Collect$$libinit$$00000032  c_w.l(libinit2.o)
    0x0800027a   0x0800027a   0x00000002   Code   RO         8684    .ARM.Collect$$libinit$$00000033  c_w.l(libinit2.o)
    0x0800027c   0x0800027c   0x00000002   Code   RO         8935    .ARM.Collect$$libshutdown$$00000000  c_w.l(libshutdown.o)
    0x0800027e   0x0800027e   0x00000000   Code   RO         8912    .ARM.Collect$$libshutdown$$00000002  c_w.l(libshutdown2.o)
    0x0800027e   0x0800027e   0x00000000   Code   RO         8914    .ARM.Collect$$libshutdown$$00000004  c_w.l(libshutdown2.o)
    0x0800027e   0x0800027e   0x00000000   Code   RO         8916    .ARM.Collect$$libshutdown$$00000006  c_w.l(libshutdown2.o)
    0x0800027e   0x0800027e   0x00000000   Code   RO         8919    .ARM.Collect$$libshutdown$$00000009  c_w.l(libshutdown2.o)
    0x0800027e   0x0800027e   0x00000000   Code   RO         8922    .ARM.Collect$$libshutdown$$0000000C  c_w.l(libshutdown2.o)
    0x0800027e   0x0800027e   0x00000000   Code   RO         8924    .ARM.Collect$$libshutdown$$0000000E  c_w.l(libshutdown2.o)
    0x0800027e   0x0800027e   0x00000000   Code   RO         8927    .ARM.Collect$$libshutdown$$00000011  c_w.l(libshutdown2.o)
    0x0800027e   0x0800027e   0x00000002   Code   RO         8928    .ARM.Collect$$libshutdown$$00000012  c_w.l(libshutdown2.o)
    0x08000280   0x08000280   0x00000000   Code   RO         8576    .ARM.Collect$$rtentry$$00000000  c_w.l(__rtentry.o)
    0x08000280   0x08000280   0x00000000   Code   RO         8734    .ARM.Collect$$rtentry$$00000002  c_w.l(__rtentry2.o)
    0x08000280   0x08000280   0x00000006   Code   RO         8746    .ARM.Collect$$rtentry$$00000004  c_w.l(__rtentry4.o)
    0x08000286   0x08000286   0x00000000   Code   RO         8736    .ARM.Collect$$rtentry$$00000009  c_w.l(__rtentry2.o)
    0x08000286   0x08000286   0x00000004   Code   RO         8737    .ARM.Collect$$rtentry$$0000000A  c_w.l(__rtentry2.o)
    0x0800028a   0x0800028a   0x00000000   Code   RO         8739    .ARM.Collect$$rtentry$$0000000C  c_w.l(__rtentry2.o)
    0x0800028a   0x0800028a   0x00000008   Code   RO         8740    .ARM.Collect$$rtentry$$0000000D  c_w.l(__rtentry2.o)
    0x08000292   0x08000292   0x00000002   Code   RO         8878    .ARM.Collect$$rtexit$$00000000  c_w.l(rtexit.o)
    0x08000294   0x08000294   0x00000000   Code   RO         8895    .ARM.Collect$$rtexit$$00000002  c_w.l(rtexit2.o)
    0x08000294   0x08000294   0x00000004   Code   RO         8896    .ARM.Collect$$rtexit$$00000003  c_w.l(rtexit2.o)
    0x08000298   0x08000298   0x00000006   Code   RO         8897    .ARM.Collect$$rtexit$$00000004  c_w.l(rtexit2.o)
    0x0800029e   0x0800029e   0x00000002   PAD
    0x080002a0   0x080002a0   0x00000000   Code   RO         8833    .emb_text           c_w.l(maybetermalloc1.o)
    0x080002a0   0x080002a0   0x00000040   Code   RO         1768    .text               startup_gd32f450.o
    0x080002e0   0x080002e0   0x00000134   Code   RO         7445    .text               context_rvds.o
    0x08000414   0x08000414   0x00000064   Code   RO         8410    .text               c_w.l(rt_memcpy_w.o)
    0x08000478   0x08000478   0x0000004e   Code   RO         8412    .text               c_w.l(rt_memclr_w.o)
    0x080004c6   0x080004c6   0x00000006   Code   RO         8414    .text               c_w.l(heapauxi.o)
    0x080004cc   0x080004cc   0x00000024   Code   RO         8421    .text               c_w.l(init_aeabi.o)
    0x080004f0   0x080004f0   0x00000008   Code   RO         8580    .text               c_w.l(rt_new_handler_addr_intlibspace.o)
    0x080004f8   0x080004f8   0x0000005e   Code   RO         8584    .text               c_w.l(h1_alloc.o)
    0x08000556   0x08000556   0x00000016   Code   RO         8638    .text               c_w.l(_rserrno.o)
    0x0800056c   0x0800056c   0x00000004   Code   RO         8688    .text               cpprt_w.l(arm_newhandler_noexceptions.o)
    0x08000570   0x08000570   0x00000008   Code   RO         8728    .text               c_w.l(libspace.o)
    0x08000578   0x08000578   0x00000008   Code   RO         8751    .text               c_w.l(rt_heap_descriptor_intlibspace.o)
    0x08000580   0x08000580   0x00000008   Code   RO         8756    .text               c_w.l(rt_errno_addr_intlibspace.o)
    0x08000588   0x08000588   0x00000004   Code   RO         8758    .text               c_w.l(hguard.o)
    0x0800058c   0x0800058c   0x0000008a   Code   RO         8760    .text               c_w.l(init_alloc.o)
    0x08000616   0x08000616   0x0000000e   Code   RO         8766    .text               c_w.l(h1_init.o)
    0x08000624   0x08000624   0x0000004e   Code   RO         8768    .text               c_w.l(h1_free.o)
    0x08000672   0x08000672   0x0000001a   Code   RO         8811    .text               cpprt_w.l(arm_exceptions_terminate.o)
    0x0800068c   0x0800068c   0x00000050   Code   RO         8814    .text               cpprt_w.l(arm_exceptions_globs.o)
    0x080006dc   0x080006dc   0x0000004a   Code   RO         8824    .text               c_w.l(sys_stackheap_outer.o)
    0x08000726   0x08000726   0x00000002   PAD
    0x08000728   0x08000728   0x00000008   Code   RO         8829    .text               c_w.l(rt_eh_globals_addr_intlibspace.o)
    0x08000730   0x08000730   0x00000034   Code   RO         8835    .text               c_w.l(h1_extend.o)
    0x08000764   0x08000764   0x00000012   Code   RO         8839    .text               c_w.l(exit.o)
    0x08000776   0x08000776   0x00000016   Code   RO         8841    .text               c_w.l(abort.o)
    0x0800078c   0x0800078c   0x0000000e   Code   RO         8843    .text               c_w.l(defsig_rtmem_outer.o)
    0x0800079a   0x0800079a   0x0000003c   Code   RO         8863    .text               cpprt_w.l(arm_exceptions_mem.o)
    0x080007d6   0x080007d6   0x00000002   PAD
    0x080007d8   0x080007d8   0x0000000c   Code   RO         8873    .text               c_w.l(sys_exit.o)
    0x080007e4   0x080007e4   0x00000002   Code   RO         8875    .text               c_w.l(use_no_semi.o)
    0x080007e6   0x080007e6   0x00000000   Code   RO         8877    .text               c_w.l(indicate_semi.o)
    0x080007e6   0x080007e6   0x0000000a   Code   RO         8886    .text               c_w.l(defsig_exit.o)
    0x080007f0   0x080007f0   0x0000000e   Code   RO         8888    .text               c_w.l(defsig_abrt_outer.o)
    0x080007fe   0x080007fe   0x00000002   PAD
    0x08000800   0x08000800   0x00000050   Code   RO         8892    .text               c_w.l(defsig_rtmem_inner.o)
    0x08000850   0x08000850   0x00000032   Code   RO         8907    .text               c_w.l(defsig_general.o)
    0x08000882   0x08000882   0x00000002   PAD
    0x08000884   0x08000884   0x00000030   Code   RO         8909    .text               c_w.l(defsig_abrt_inner.o)
    0x080008b4   0x080008b4   0x0000000e   Code   RO         8929    .text               c_w.l(sys_wrch.o)
    0x080008c2   0x080008c2   0x0000000a   Code   RO         7526    i.$Sub$$main        components.o
    0x080008cc   0x080008cc   0x00000004   Code   RO         1365    i.BusFault_Handler  gd32f4xx_it.o
    0x080008d0   0x080008d0   0x00000020   Code   RO         1366    i.DMA0_Channel1_IRQHandler  gd32f4xx_it.o
    0x080008f0   0x080008f0   0x00000020   Code   RO         1367    i.DMA0_Channel3_IRQHandler  gd32f4xx_it.o
    0x08000910   0x08000910   0x00000020   Code   RO         1368    i.DMA0_Channel5_IRQHandler  gd32f4xx_it.o
    0x08000930   0x08000930   0x00000020   Code   RO         1369    i.DMA0_Channel6_IRQHandler  gd32f4xx_it.o
    0x08000950   0x08000950   0x00000020   Code   RO         1370    i.DMA1_Channel2_IRQHandler  gd32f4xx_it.o
    0x08000970   0x08000970   0x00000020   Code   RO         1371    i.DMA1_Channel7_IRQHandler  gd32f4xx_it.o
    0x08000990   0x08000990   0x00000002   Code   RO         1372    i.DebugMon_Handler  gd32f4xx_it.o
    0x08000992   0x08000992   0x00000004   Code   RO         1373    i.MemManage_Handler  gd32f4xx_it.o
    0x08000996   0x08000996   0x00000002   Code   RO         1374    i.NMI_Handler       gd32f4xx_it.o
    0x08000998   0x08000998   0x00000002   Code   RO         1375    i.SVC_Handler       gd32f4xx_it.o
    0x0800099a   0x0800099a   0x00000008   Code   RO         7386    i.SysTick_Handler   board.o
    0x080009a2   0x080009a2   0x00000002   PAD
    0x080009a4   0x080009a4   0x000000c8   Code   RO         1723    i.SystemInit        system_gd32f4xx.o
    0x08000a6c   0x08000a6c   0x0000002c   Code   RO         1376    i.TIMER2_IRQHandler  gd32f4xx_it.o
    0x08000a98   0x08000a98   0x0000002c   Code   RO         1377    i.TIMER3_IRQHandler  gd32f4xx_it.o
    0x08000ac4   0x08000ac4   0x00000004   Code   RO         1378    i.UsageFault_Handler  gd32f4xx_it.o
    0x08000ac8   0x08000ac8   0x00000040   Code   RO          430    i._Z10OLED_Clearj   task_hci.o
    0x08000b08   0x08000b08   0x0000020c   Code   RO          431    i._Z10show_constv   task_hci.o
    0x08000d14   0x08000d14   0x00000090   Code   RO          269    i._Z11I2C_WaitAckv  task_mpu.o
    0x08000da4   0x08000da4   0x0000005c   Code   RO          270    i._Z11Single_Readhh  task_mpu.o
    0x08000e00   0x08000e00   0x00000088   Code   RO          271    i._Z12I2C_RadeBytev  task_mpu.o
    0x08000e88   0x08000e88   0x0000008c   Code   RO          272    i._Z12I2C_SendByteh  task_mpu.o
    0x08000f14   0x08000f14   0x0000002c   Code   RO          432    i._Z12IIC_Wait_Ackv  task_hci.o
    0x08000f40   0x08000f40   0x00000036   Code   RO          273    i._Z12Init_MPU9250v  task_mpu.o
    0x08000f76   0x08000f76   0x00000028   Code   RO          434    i._Z12OLED_Set_Poshh  task_hci.o
    0x08000f9e   0x08000f9e   0x00000088   Code   RO          435    i._Z12OLED_ShowNumhhjhh  task_hci.o
    0x08001026   0x08001026   0x00000018   Code   RO          436    i._Z12OLED_WR_Bytejj  task_hci.o
    0x0800103e   0x0800103e   0x00000046   Code   RO          274    i._Z12Single_Writehhh  task_mpu.o
    0x08001084   0x08001084   0x000000a4   Code   RO          438    i._Z13OLED_ShowCharhhhh  task_hci.o
    0x08001128   0x08001128   0x000000b4   Code   RO          608    i._Z14MUSIC_Analysisv  task_gyz.o
    0x080011dc   0x080011dc   0x00000088   Code   RO          439    i._Z14Write_IIC_Byteh  task_hci.o
    0x08001264   0x08001264   0x0000002c   Code   RO          440    i._Z14Write_IIC_Datah  task_hci.o
    0x08001290   0x08001290   0x0000003a   Code   RO          442    i._Z15OLED_ShowStringhhPhh  task_hci.o
    0x080012ca   0x080012ca   0x00000002   PAD
    0x080012cc   0x080012cc   0x0000006c   Code   RO          276    i._Z17READ_MPU9250_GYROv  task_mpu.o
    0x08001338   0x08001338   0x0000002c   Code   RO          444    i._Z17Write_IIC_Commandh  task_hci.o
    0x08001364   0x08001364   0x00000050   Code   RO          277    i._Z18READ_MPU9250_ACCELv  task_mpu.o
    0x080013b4   0x080013b4   0x00000060   Code   RO          279    i._Z8I2C_Stopv      task_mpu.o
    0x08001414   0x08001414   0x00000040   Code   RO          446    i._Z8IIC_Stopv      task_hci.o
    0x08001454   0x08001454   0x0000000e   Code   RO          280    i._Z8delay5msv      task_mpu.o
    0x08001462   0x08001462   0x00000016   Code   RO          447    i._Z8oled_powhh     task_hci.o
    0x08001478   0x08001478   0x00000060   Code   RO          281    i._Z9I2C_NoAckv     task_mpu.o
    0x080014d8   0x080014d8   0x00000090   Code   RO          282    i._Z9I2C_Startv     task_mpu.o
    0x08001568   0x08001568   0x0000000e   Code   RO          283    i._Z9I2C_delayv     task_mpu.o
    0x08001576   0x08001576   0x00000002   PAD
    0x08001578   0x08001578   0x00000050   Code   RO          448    i._Z9IIC_Startv     task_hci.o
    0x080015c8   0x080015c8   0x000000dc   Code   RO          449    i._Z9OLED_Initv     task_hci.o
    0x080016a4   0x080016a4   0x000002e8   Code   RO          230    i._ZN10TASK_MOTOR9MOTOR_FUNEPv  task_motor.o
    0x0800198c   0x0800198c   0x00000024   Code   RO          231    i._ZN10TASK_MOTORC1Ev  task_motor.o
    0x080019b0   0x080019b0   0x00000018   Code   RO         1173    i._ZN10UART0_F45010GetRxLenthEv  uart_f450.o
    0x080019c8   0x080019c8   0x0000017c   Code   RO         1174    i._ZN10UART0_F4504InitEj  uart_f450.o
    0x08001b44   0x08001b44   0x0000008c   Code   RO         1175    i._ZN10UART0_F4504ReadEPh  uart_f450.o
    0x08001bd0   0x08001bd0   0x0000006c   Code   RO         1176    i._ZN10UART0_F4505WriteEPht  uart_f450.o
    0x08001c3c   0x08001c3c   0x00000018   Code   RO         1177    i._ZN10UART1_F45010GetRxLenthEv  uart_f450.o
    0x08001c54   0x08001c54   0x0000017c   Code   RO         1178    i._ZN10UART1_F4504InitEj  uart_f450.o
    0x08001dd0   0x08001dd0   0x0000008c   Code   RO         1179    i._ZN10UART1_F4504ReadEPh  uart_f450.o
    0x08001e5c   0x08001e5c   0x0000006c   Code   RO         1180    i._ZN10UART1_F4505WriteEPht  uart_f450.o
    0x08001ec8   0x08001ec8   0x00000018   Code   RO         1181    i._ZN10UART2_F45010GetRxLenthEv  uart_f450.o
    0x08001ee0   0x08001ee0   0x00000180   Code   RO         1182    i._ZN10UART2_F4504InitEj  uart_f450.o
    0x08002060   0x08002060   0x0000008c   Code   RO         1183    i._ZN10UART2_F4504ReadEPh  uart_f450.o
    0x080020ec   0x080020ec   0x0000006c   Code   RO         1184    i._ZN10UART2_F4505WriteEPht  uart_f450.o
    0x08002158   0x08002158   0x00000002   Code   RO          895    i._ZN2IO3SetEv      io_f450.o
    0x0800215a   0x0800215a   0x00000006   Code   RO          913    i._ZN2IO4GetsEv     io_f450.o
    0x08002160   0x08002160   0x00000002   Code   RO          919    i._ZN2IO4InitEv     io_f450.o
    0x08002162   0x08002162   0x00000002   Code   RO          901    i._ZN2IO5ResetEv    io_f450.o
    0x08002164   0x08002164   0x00000002   Code   RO          907    i._ZN2IO6ToggleEv   io_f450.o
    0x08002166   0x08002166   0x00000012   Code   RO         1640    i._ZN2OS10timer_stopEP5TIMER  os.o
    0x08002178   0x08002178   0x00000012   Code   RO         1641    i._ZN2OS11timer_startEP5TIMER  os.o
    0x0800218a   0x0800218a   0x0000001a   Code   RO         1642    i._ZN2OS12create_timerEP5TIMER  os.o
    0x080021a4   0x080021a4   0x00000010   Code   RO         1643    i._ZN2OS12thread_startEP9rt_thread  os.o
    0x080021b4   0x080021b4   0x00000010   Code   RO         1644    i._ZN2OS13delete_threadEP9rt_thread  os.o
    0x080021c4   0x080021c4   0x00000010   Code   RO         1645    i._ZN2OS4InitEv     os.o
    0x080021d4   0x080021d4   0x00000010   Code   RO         1646    i._ZN2OS8delay_msEy  os.o
    0x080021e4   0x080021e4   0x0000001c   Code   RO         1648    i._ZN2OS9newthreadEP4TASK  os.o
    0x08002200   0x08002200   0x00000002   Code   RO          751    i._ZN3ADC4InitEv    bsp_f450.o
    0x08002202   0x08002202   0x00000002   Code   RO          757    i._ZN3ADC9PeriodRunEv  bsp_f450.o
    0x08002204   0x08002204   0x00000002   Code   RO          763    i._ZN3TIM4InitEv    bsp_f450.o
    0x08002206   0x08002206   0x00000004   Code   RO          781    i._ZN3TIM7ReadCntEv  bsp_f450.o
    0x0800220a   0x0800220a   0x00000002   Code   RO          769    i._ZN3TIM7SetDUTYEs  bsp_f450.o
    0x0800220c   0x0800220c   0x00000002   Code   RO          775    i._ZN3TIM7SetFREQEf  bsp_f450.o
    0x0800220e   0x0800220e   0x00000002   PAD
    0x08002210   0x08002210   0x0000000c   Code   RO          709    i._ZN3TIMC1Ev       bsp_f450.o
    0x0800221c   0x0800221c   0x00000004   Code   RO          745    i._ZN4UART10GetRxLenthEv  bsp_f450.o
    0x08002220   0x08002220   0x00000002   Code   RO          727    i._ZN4UART4InitEj   bsp_f450.o
    0x08002222   0x08002222   0x00000004   Code   RO          739    i._ZN4UART4ReadEPh  bsp_f450.o
    0x08002226   0x08002226   0x00000002   Code   RO          733    i._ZN4UART5WriteEPht  bsp_f450.o
    0x08002228   0x08002228   0x0000000c   Code   RO          706    i._ZN4UARTC1Ev      bsp_f450.o
    0x08002234   0x08002234   0x00000010   Code   RO          827    i._ZN7IO_F4503SetEv  io_f450.o
    0x08002244   0x08002244   0x0000000e   Code   RO          828    i._ZN7IO_F4504GetsEv  io_f450.o
    0x08002252   0x08002252   0x00000002   PAD
    0x08002254   0x08002254   0x000000b4   Code   RO          829    i._ZN7IO_F4504InitEv  io_f450.o
    0x08002308   0x08002308   0x00000010   Code   RO          830    i._ZN7IO_F4505ResetEv  io_f450.o
    0x08002318   0x08002318   0x0000000e   Code   RO          831    i._ZN7IO_F4506ToggleEv  io_f450.o
    0x08002326   0x08002326   0x00000002   PAD
    0x08002328   0x08002328   0x00000018   Code   RO          833    i._ZN7IO_F450C1Ejj  io_f450.o
    0x08002340   0x08002340   0x00000072   Code   RO          681    i._ZN8BSP_F4504InitEv  bsp_f450.o
    0x080023b2   0x080023b2   0x00000002   PAD
    0x080023b4   0x080023b4   0x000001e8   Code   RO          682    i._ZN8BSP_F450C1Ev  bsp_f450.o
    0x0800259c   0x0800259c   0x0000003c   Code   RO          609    i._ZN8TASK_GYZ7GYZ_FUNEPv  task_gyz.o
    0x080025d8   0x080025d8   0x00000024   Code   RO          610    i._ZN8TASK_GYZC1Ev  task_gyz.o
    0x080025fc   0x080025fc   0x00000c98   Code   RO          450    i._ZN8TASK_HCI7HCI_FUNEPv  task_hci.o
    0x08003294   0x08003294   0x00000024   Code   RO          451    i._ZN8TASK_HCIC1Ev  task_hci.o
    0x080032b8   0x080032b8   0x000000b0   Code   RO          285    i._ZN8TASK_MPU7MPU_FUNEPv  task_mpu.o
    0x08003368   0x08003368   0x00000024   Code   RO          286    i._ZN8TASK_MPUC1Ev  task_mpu.o
    0x0800338c   0x0800338c   0x00000194   Code   RO          943    i._ZN9ADC0_F4504InitEv  adc_f450.o
    0x08003520   0x08003520   0x000001a0   Code   RO          944    i._ZN9ADC0_F4509PeriodRunEv  adc_f450.o
    0x080036c0   0x080036c0   0x00000024   Code   RO          650    i._ZN9OS_Timer113OS_Timer1_FUNEPv  os_timer.o
    0x080036e4   0x080036e4   0x00000020   Code   RO          651    i._ZN9OS_Timer1C1Ev  os_timer.o
    0x08003704   0x08003704   0x00000164   Code   RO          977    i._ZN9TIM0_F4504InitEv  tim_f450.o
    0x08003868   0x08003868   0x00000120   Code   RO          978    i._ZN9TIM0_F4507SetDUTYEs  tim_f450.o
    0x08003988   0x08003988   0x00000018   Code   RO          979    i._ZN9TIM0_F450C1Eh  tim_f450.o
    0x080039a0   0x080039a0   0x000000dc   Code   RO          980    i._ZN9TIM2_F4504InitEv  tim_f450.o
    0x08003a7c   0x08003a7c   0x00000020   Code   RO          981    i._ZN9TIM2_F4507ReadCntEv  tim_f450.o
    0x08003a9c   0x08003a9c   0x000000e0   Code   RO          982    i._ZN9TIM3_F4504InitEv  tim_f450.o
    0x08003b7c   0x08003b7c   0x00000020   Code   RO          983    i._ZN9TIM3_F4507ReadCntEv  tim_f450.o
    0x08003b9c   0x08003b9c   0x000000e4   Code   RO          984    i._ZN9TIM8_F4504InitEv  tim_f450.o
    0x08003c80   0x08003c80   0x0000002c   Code   RO          985    i._ZN9TIM8_F4507SetDUTYEs  tim_f450.o
    0x08003cac   0x08003cac   0x00000064   Code   RO          986    i._ZN9TIM8_F4507SetFREQEf  tim_f450.o
    0x08003d10   0x08003d10   0x00000028   Code   RO         8424    i._Znwj             cpprt_w.l(new.o)
    0x08003d38   0x08003d38   0x00000028   Code   RO         1593    i.__NVIC_SetPriority  systick.o
    0x08003d60   0x08003d60   0x0000003a   Code   RO         8564    i.__hardfp_sqrtf    m_wm.l(sqrtf.o)
    0x08003d9a   0x08003d9a   0x00000002   PAD
    0x08003d9c   0x08003d9c   0x0000004c   Code   RO         7796    i.__rt_ffs          kservice.o
    0x08003de8   0x08003de8   0x00000040   Code   RO            4    i.__sti___8_main_cpp_BSP  main.o
    0x08003e28   0x08003e28   0x00000084   Code   RO         8164    i._rt_thread_init   thread.o
    0x08003eac   0x08003eac   0x00000042   Code   RO         8296    i._rt_timer_init    timer.o
    0x08003eee   0x08003eee   0x0000001c   Code   RO         8297    i._rt_timer_remove  timer.o
    0x08003f0a   0x08003f0a   0x0000001c   Code   RO         8165    i._thread_cleanup_execute  thread.o
    0x08003f26   0x08003f26   0x0000002a   Code   RO         1775    i.adc_calibration_enable  gd32f4xx_adc.o
    0x08003f50   0x08003f50   0x00000052   Code   RO         1777    i.adc_channel_length_config  gd32f4xx_adc.o
    0x08003fa2   0x08003fa2   0x00000002   PAD
    0x08003fa4   0x08003fa4   0x00000024   Code   RO         1778    i.adc_clock_config  gd32f4xx_adc.o
    0x08003fc8   0x08003fc8   0x00000016   Code   RO         1779    i.adc_data_alignment_config  gd32f4xx_adc.o
    0x08003fde   0x08003fde   0x0000000a   Code   RO         1784    i.adc_dma_mode_enable  gd32f4xx_adc.o
    0x08003fe8   0x08003fe8   0x0000000a   Code   RO         1786    i.adc_dma_request_after_last_enable  gd32f4xx_adc.o
    0x08003ff2   0x08003ff2   0x00000012   Code   RO         1787    i.adc_enable        gd32f4xx_adc.o
    0x08004004   0x08004004   0x00000034   Code   RO         1789    i.adc_external_trigger_config  gd32f4xx_adc.o
    0x08004038   0x08004038   0x00000030   Code   RO         1790    i.adc_external_trigger_source_config  gd32f4xx_adc.o
    0x08004068   0x08004068   0x000000ac   Code   RO         1804    i.adc_regular_channel_config  gd32f4xx_adc.o
    0x08004114   0x08004114   0x00000024   Code   RO         1808    i.adc_software_trigger_enable  gd32f4xx_adc.o
    0x08004138   0x08004138   0x0000005a   Code   RO         1809    i.adc_special_function_config  gd32f4xx_adc.o
    0x08004192   0x08004192   0x00000002   PAD
    0x08004194   0x08004194   0x00000024   Code   RO         1814    i.adc_sync_mode_config  gd32f4xx_adc.o
    0x080041b8   0x080041b8   0x00000020   Code   RO         2886    i.dma_channel_enable  gd32f4xx_dma.o
    0x080041d8   0x080041d8   0x00000026   Code   RO         2887    i.dma_channel_subperipheral_select  gd32f4xx_dma.o
    0x080041fe   0x080041fe   0x00000020   Code   RO         2888    i.dma_circulation_disable  gd32f4xx_dma.o
    0x0800421e   0x0800421e   0x00000020   Code   RO         2889    i.dma_circulation_enable  gd32f4xx_dma.o
    0x0800423e   0x0800423e   0x000000a4   Code   RO         2890    i.dma_deinit        gd32f4xx_dma.o
    0x080042e2   0x080042e2   0x0000004c   Code   RO         2893    i.dma_flag_get      gd32f4xx_dma.o
    0x0800432e   0x0800432e   0x0000003e   Code   RO         2896    i.dma_interrupt_enable  gd32f4xx_dma.o
    0x0800436c   0x0800436c   0x0000003e   Code   RO         2897    i.dma_interrupt_flag_clear  gd32f4xx_dma.o
    0x080043aa   0x080043aa   0x00000204   Code   RO         2898    i.dma_interrupt_flag_get  gd32f4xx_dma.o
    0x080045ae   0x080045ae   0x00000002   PAD
    0x080045b0   0x080045b0   0x00000158   Code   RO         2910    i.dma_single_data_mode_init  gd32f4xx_dma.o
    0x08004708   0x08004708   0x00000022   Code   RO         2911    i.dma_single_data_para_struct_init  gd32f4xx_dma.o
    0x0800472a   0x0800472a   0x00000010   Code   RO         2916    i.dma_transfer_number_get  gd32f4xx_dma.o
    0x0800473a   0x0800473a   0x0000005e   Code   RO         4286    i.gpio_af_set       gd32f4xx_gpio.o
    0x08004798   0x08004798   0x00000004   Code   RO         4289    i.gpio_bit_toggle   gd32f4xx_gpio.o
    0x0800479c   0x0800479c   0x0000000a   Code   RO         4290    i.gpio_bit_write    gd32f4xx_gpio.o
    0x080047a6   0x080047a6   0x00000010   Code   RO         4292    i.gpio_input_bit_get  gd32f4xx_gpio.o
    0x080047b6   0x080047b6   0x0000004e   Code   RO         4294    i.gpio_mode_set     gd32f4xx_gpio.o
    0x08004804   0x08004804   0x00000042   Code   RO         4296    i.gpio_output_options_set  gd32f4xx_gpio.o
    0x08004846   0x08004846   0x00000002   PAD
    0x08004848   0x08004848   0x000000c4   Code   RO            5    i.main              main.o
    0x0800490c   0x0800490c   0x0000000e   Code   RO         7527    i.main_thread_entry  components.o
    0x0800491a   0x0800491a   0x00000002   PAD
    0x0800491c   0x0800491c   0x000000c4   Code   RO         4875    i.nvic_irq_enable   gd32f4xx_misc.o
    0x080049e0   0x080049e0   0x00000014   Code   RO         4876    i.nvic_priority_group_set  gd32f4xx_misc.o
    0x080049f4   0x080049f4   0x00000078   Code   RO         7954    i.plug_holes        mem.o
    0x08004a6c   0x08004a6c   0x00000124   Code   RO         5082    i.rcu_clock_freq_get  gd32f4xx_rcu.o
    0x08004b90   0x08004b90   0x00000024   Code   RO         5101    i.rcu_periph_clock_enable  gd32f4xx_rcu.o
    0x08004bb4   0x08004bb4   0x00000024   Code   RO         5104    i.rcu_periph_reset_disable  gd32f4xx_rcu.o
    0x08004bd8   0x08004bd8   0x00000024   Code   RO         5105    i.rcu_periph_reset_enable  gd32f4xx_rcu.o
    0x08004bfc   0x08004bfc   0x00000024   Code   RO         5117    i.rcu_timer_clock_prescaler_config  gd32f4xx_rcu.o
    0x08004c20   0x08004c20   0x00000030   Code   RO         7528    i.rt_application_init  components.o
    0x08004c50   0x08004c50   0x0000001c   Code   RO         7529    i.rt_components_board_init  components.o
    0x08004c6c   0x08004c6c   0x0000001c   Code   RO         7530    i.rt_components_init  components.o
    0x08004c88   0x08004c88   0x00000020   Code   RO         8098    i.rt_enter_critical  scheduler.o
    0x08004ca8   0x08004ca8   0x00000044   Code   RO         8099    i.rt_exit_critical  scheduler.o
    0x08004cec   0x08004cec   0x00000078   Code   RO         7956    i.rt_free           mem.o
    0x08004d64   0x08004d64   0x00000008   Code   RO         7387    i.rt_heap_begin_get  board.o
    0x08004d6c   0x08004d6c   0x00000008   Code   RO         7388    i.rt_heap_end_get   board.o
    0x08004d74   0x08004d74   0x00000022   Code   RO         7389    i.rt_hw_board_init  board.o
    0x08004d96   0x08004d96   0x00000002   PAD
    0x08004d98   0x08004d98   0x0000002c   Code   RO         7452    i.rt_hw_hard_fault_exception  cpuport.o
    0x08004dc4   0x08004dc4   0x00000050   Code   RO         7453    i.rt_hw_stack_init  cpuport.o
    0x08004e14   0x08004e14   0x00000020   Code   RO         7769    i.rt_interrupt_enter  irq.o
    0x08004e34   0x08004e34   0x00000020   Code   RO         7771    i.rt_interrupt_leave  irq.o
    0x08004e54   0x08004e54   0x00000014   Code   RO         7629    i.rt_ipc_list_resume  ipc.o
    0x08004e68   0x08004e68   0x0000006e   Code   RO         7631    i.rt_ipc_list_suspend  ipc.o
    0x08004ed6   0x08004ed6   0x00000010   Code   RO         7632    i.rt_ipc_object_init  ipc.o
    0x08004ee6   0x08004ee6   0x00000006   Code   RO         7633    i.rt_list_init      ipc.o
    0x08004eec   0x08004eec   0x00000006   Code   RO         8100    i.rt_list_init      scheduler.o
    0x08004ef2   0x08004ef2   0x00000006   Code   RO         8298    i.rt_list_init      timer.o
    0x08004ef8   0x08004ef8   0x0000000e   Code   RO         8010    i.rt_list_insert_after  object.o
    0x08004f06   0x08004f06   0x0000000e   Code   RO         8166    i.rt_list_insert_after  thread.o
    0x08004f14   0x08004f14   0x0000000e   Code   RO         8299    i.rt_list_insert_after  timer.o
    0x08004f22   0x08004f22   0x0000000e   Code   RO         7634    i.rt_list_insert_before  ipc.o
    0x08004f30   0x08004f30   0x00000010   Code   RO         7635    i.rt_list_isempty   ipc.o
    0x08004f40   0x08004f40   0x00000010   Code   RO         8300    i.rt_list_isempty   timer.o
    0x08004f50   0x08004f50   0x00000012   Code   RO         8011    i.rt_list_remove    object.o
    0x08004f62   0x08004f62   0x00000012   Code   RO         8167    i.rt_list_remove    thread.o
    0x08004f74   0x08004f74   0x00000012   Code   RO         8301    i.rt_list_remove    timer.o
    0x08004f86   0x08004f86   0x00000002   PAD
    0x08004f88   0x08004f88   0x0000016c   Code   RO         7957    i.rt_malloc         mem.o
    0x080050f4   0x080050f4   0x00000048   Code   RO         7805    i.rt_memset         kservice.o
    0x0800513c   0x0800513c   0x00000054   Code   RO         8012    i.rt_object_allocate  object.o
    0x08005190   0x08005190   0x00000024   Code   RO         8013    i.rt_object_delete  object.o
    0x080051b4   0x080051b4   0x0000001e   Code   RO         8014    i.rt_object_detach  object.o
    0x080051d2   0x080051d2   0x00000002   PAD
    0x080051d4   0x080051d4   0x00000028   Code   RO         8016    i.rt_object_get_information  object.o
    0x080051fc   0x080051fc   0x00000056   Code   RO         8020    i.rt_object_init    object.o
    0x08005252   0x08005252   0x00000012   Code   RO         8021    i.rt_object_is_systemobject  object.o
    0x08005264   0x08005264   0x00000010   Code   RO         7390    i.rt_os_tick_callback  board.o
    0x08005274   0x08005274   0x00000084   Code   RO         8101    i.rt_schedule       scheduler.o
    0x080052f8   0x080052f8   0x00000050   Code   RO         8102    i.rt_schedule_insert_thread  scheduler.o
    0x08005348   0x08005348   0x00000054   Code   RO         8103    i.rt_schedule_remove_thread  scheduler.o
    0x0800539c   0x0800539c   0x00000026   Code   RO         7648    i.rt_sem_init       ipc.o
    0x080053c2   0x080053c2   0x00000052   Code   RO         7649    i.rt_sem_release    ipc.o
    0x08005414   0x08005414   0x00000074   Code   RO         7650    i.rt_sem_take       ipc.o
    0x08005488   0x08005488   0x00000002   Code   RO         7807    i.rt_show_version   kservice.o
    0x0800548a   0x0800548a   0x00000034   Code   RO         7815    i.rt_strncpy        kservice.o
    0x080054be   0x080054be   0x00000002   PAD
    0x080054c0   0x080054c0   0x000000b0   Code   RO         7960    i.rt_system_heap_init  mem.o
    0x08005570   0x08005570   0x0000004c   Code   RO         8104    i.rt_system_scheduler_init  scheduler.o
    0x080055bc   0x080055bc   0x00000030   Code   RO         8105    i.rt_system_scheduler_start  scheduler.o
    0x080055ec   0x080055ec   0x0000001c   Code   RO         8302    i.rt_system_timer_init  timer.o
    0x08005608   0x08005608   0x00000002   Code   RO         8303    i.rt_system_timer_thread_init  timer.o
    0x0800560a   0x0800560a   0x00000050   Code   RO         8169    i.rt_thread_create  thread.o
    0x0800565a   0x0800565a   0x00000002   PAD
    0x0800565c   0x0800565c   0x00000058   Code   RO         8172    i.rt_thread_delete  thread.o
    0x080056b4   0x080056b4   0x00000058   Code   RO         8174    i.rt_thread_exit    thread.o
    0x0800570c   0x0800570c   0x00000008   Code   RO         7594    i.rt_thread_idle_entry  idle.o
    0x08005714   0x08005714   0x00000060   Code   RO         7595    i.rt_thread_idle_excute  idle.o
    0x08005774   0x08005774   0x0000003c   Code   RO         7597    i.rt_thread_idle_init  idle.o
    0x080057b0   0x080057b0   0x00000034   Code   RO         8176    i.rt_thread_init    thread.o
    0x080057e4   0x080057e4   0x00000014   Code   RO         8177    i.rt_thread_mdelay  thread.o
    0x080057f8   0x080057f8   0x0000003c   Code   RO         8178    i.rt_thread_resume  thread.o
    0x08005834   0x08005834   0x0000000c   Code   RO         8179    i.rt_thread_self    thread.o
    0x08005840   0x08005840   0x00000044   Code   RO         8180    i.rt_thread_sleep   thread.o
    0x08005884   0x08005884   0x0000002c   Code   RO         8181    i.rt_thread_startup  thread.o
    0x080058b0   0x080058b0   0x00000044   Code   RO         8182    i.rt_thread_suspend  thread.o
    0x080058f4   0x080058f4   0x00000020   Code   RO         8183    i.rt_thread_timeout  thread.o
    0x08005914   0x08005914   0x00000064   Code   RO         8184    i.rt_thread_yield   thread.o
    0x08005978   0x08005978   0x00000038   Code   RO         7489    i.rt_tick_from_millisecond  clock.o
    0x080059b0   0x080059b0   0x0000000c   Code   RO         7490    i.rt_tick_get       clock.o
    0x080059bc   0x080059bc   0x00000030   Code   RO         7491    i.rt_tick_increase  clock.o
    0x080059ec   0x080059ec   0x000000a4   Code   RO         8304    i.rt_timer_check    timer.o
    0x08005a90   0x08005a90   0x00000062   Code   RO         8305    i.rt_timer_control  timer.o
    0x08005af2   0x08005af2   0x00000036   Code   RO         8306    i.rt_timer_create   timer.o
    0x08005b28   0x08005b28   0x00000028   Code   RO         8308    i.rt_timer_detach   timer.o
    0x08005b50   0x08005b50   0x0000002e   Code   RO         8309    i.rt_timer_init     timer.o
    0x08005b7e   0x08005b7e   0x00000002   PAD
    0x08005b80   0x08005b80   0x000000ec   Code   RO         8312    i.rt_timer_start    timer.o
    0x08005c6c   0x08005c6c   0x00000030   Code   RO         8313    i.rt_timer_stop     timer.o
    0x08005c9c   0x08005c9c   0x00000004   Code   RO         7531    i.rti_board_end     components.o
    0x08005ca0   0x08005ca0   0x00000004   Code   RO         7532    i.rti_board_start   components.o
    0x08005ca4   0x08005ca4   0x00000004   Code   RO         7533    i.rti_end           components.o
    0x08005ca8   0x08005ca8   0x00000004   Code   RO         7534    i.rti_start         components.o
    0x08005cac   0x08005cac   0x0000002a   Code   RO         7535    i.rtthread_startup  components.o
    0x08005cd6   0x08005cd6   0x00000002   PAD
    0x08005cd8   0x08005cd8   0x000000fc   Code   RO         1724    i.system_clock_200m_8m_hxtal  system_gd32f4xx.o
    0x08005dd4   0x08005dd4   0x00000008   Code   RO         1725    i.system_clock_config  system_gd32f4xx.o
    0x08005ddc   0x08005ddc   0x00000050   Code   RO         1596    i.systick_config    systick.o
    0x08005e2c   0x08005e2c   0x0000000a   Code   RO         6256    i.timer_auto_reload_shadow_enable  gd32f4xx_timer.o
    0x08005e36   0x08005e36   0x0000005a   Code   RO         6270    i.timer_channel_input_capture_prescaler_config  gd32f4xx_timer.o
    0x08005e90   0x08005e90   0x000001ec   Code   RO         6273    i.timer_channel_output_config  gd32f4xx_timer.o
    0x0800607c   0x0800607c   0x0000005a   Code   RO         6275    i.timer_channel_output_mode_config  gd32f4xx_timer.o
    0x080060d6   0x080060d6   0x00000026   Code   RO         6277    i.timer_channel_output_pulse_value_config  gd32f4xx_timer.o
    0x080060fc   0x080060fc   0x0000005a   Code   RO         6278    i.timer_channel_output_shadow_config  gd32f4xx_timer.o
    0x08006156   0x08006156   0x00000008   Code   RO         6284    i.timer_counter_read  gd32f4xx_timer.o
    0x0800615e   0x0800615e   0x00000004   Code   RO         6286    i.timer_counter_value_config  gd32f4xx_timer.o
    0x08006162   0x08006162   0x00000002   PAD
    0x08006164   0x08006164   0x00000184   Code   RO         6287    i.timer_deinit      gd32f4xx_timer.o
    0x080062e8   0x080062e8   0x0000000a   Code   RO         6292    i.timer_enable      gd32f4xx_timer.o
    0x080062f2   0x080062f2   0x00000002   PAD
    0x080062f4   0x080062f4   0x00000098   Code   RO         6302    i.timer_init        gd32f4xx_timer.o
    0x0800638c   0x0800638c   0x00000146   Code   RO         6303    i.timer_input_capture_config  gd32f4xx_timer.o
    0x080064d2   0x080064d2   0x00000008   Code   RO         6309    i.timer_interrupt_enable  gd32f4xx_timer.o
    0x080064da   0x080064da   0x00000006   Code   RO         6310    i.timer_interrupt_flag_clear  gd32f4xx_timer.o
    0x080064e0   0x080064e0   0x00000018   Code   RO         6311    i.timer_interrupt_flag_get  gd32f4xx_timer.o
    0x080064f8   0x080064f8   0x00000018   Code   RO         6317    i.timer_primary_output_config  gd32f4xx_timer.o
    0x08006510   0x08006510   0x00000040   Code   RO         6318    i.timer_quadrature_decoder_mode_config  gd32f4xx_timer.o
    0x08006550   0x08006550   0x000000e8   Code   RO         6952    i.usart_baudrate_set  gd32f4xx_usart.o
    0x08006638   0x08006638   0x000000dc   Code   RO         6958    i.usart_deinit      gd32f4xx_usart.o
    0x08006714   0x08006714   0x00000010   Code   RO         6960    i.usart_dma_receive_config  gd32f4xx_usart.o
    0x08006724   0x08006724   0x00000010   Code   RO         6961    i.usart_dma_transmit_config  gd32f4xx_usart.o
    0x08006734   0x08006734   0x0000000a   Code   RO         6962    i.usart_enable      gd32f4xx_usart.o
    0x0800673e   0x0800673e   0x00000010   Code   RO         6985    i.usart_oversample_config  gd32f4xx_usart.o
    0x0800674e   0x0800674e   0x00000010   Code   RO         6987    i.usart_parity_config  gd32f4xx_usart.o
    0x0800675e   0x0800675e   0x00000010   Code   RO         6989    i.usart_receive_config  gd32f4xx_usart.o
    0x0800676e   0x0800676e   0x00000010   Code   RO         7000    i.usart_stop_bit_set  gd32f4xx_usart.o
    0x0800677e   0x0800677e   0x00000010   Code   RO         7004    i.usart_transmit_config  gd32f4xx_usart.o
    0x0800678e   0x0800678e   0x00000010   Code   RO         7005    i.usart_word_length_set  gd32f4xx_usart.o
    0x0800679e   0x0800679e   0x00000002   PAD
    0x080067a0   0x080067a0   0x00000062   Code   RO         8534    x$fpl$d2f           fz_wm.l(d2f.o)
    0x08006802   0x08006802   0x00000002   PAD
    0x08006804   0x08006804   0x00000150   Code   RO         8536    x$fpl$dadd          fz_wm.l(daddsub_clz.o)
    0x08006954   0x08006954   0x00000018   Code   RO         8717    x$fpl$dcmpinf       fz_wm.l(dcmpi.o)
    0x0800696c   0x0800696c   0x000002b0   Code   RO         8543    x$fpl$ddiv          fz_wm.l(ddiv.o)
    0x08006c1c   0x08006c1c   0x0000005e   Code   RO         8546    x$fpl$dfix          fz_wm.l(dfix.o)
    0x08006c7a   0x08006c7a   0x0000002e   Code   RO         8551    x$fpl$dflt          fz_wm.l(dflt_clz.o)
    0x08006ca8   0x08006ca8   0x00000026   Code   RO         8550    x$fpl$dfltu         fz_wm.l(dflt_clz.o)
    0x08006cce   0x08006cce   0x00000002   PAD
    0x08006cd0   0x08006cd0   0x00000078   Code   RO         8556    x$fpl$dleqf         fz_wm.l(dleqf.o)
    0x08006d48   0x08006d48   0x00000154   Code   RO         8558    x$fpl$dmul          fz_wm.l(dmul.o)
    0x08006e9c   0x08006e9c   0x0000009c   Code   RO         8719    x$fpl$dnaninf       fz_wm.l(dnaninf.o)
    0x08006f38   0x08006f38   0x0000000c   Code   RO         8721    x$fpl$dretinf       fz_wm.l(dretinf.o)
    0x08006f44   0x08006f44   0x0000006c   Code   RO         8560    x$fpl$drleqf        fz_wm.l(drleqf.o)
    0x08006fb0   0x08006fb0   0x000001d4   Code   RO         8538    x$fpl$dsub          fz_wm.l(daddsub_clz.o)
    0x08007184   0x08007184   0x00000056   Code   RO         8562    x$fpl$f2d           fz_wm.l(f2d.o)
    0x080071da   0x080071da   0x0000008c   Code   RO         8723    x$fpl$fnaninf       fz_wm.l(fnaninf.o)
    0x08007266   0x08007266   0x0000000a   Code   RO         8820    x$fpl$fpinit        fz_wm.l(fpinit.o)
    0x08007270   0x08007270   0x0000000a   Code   RO         8725    x$fpl$fretinf       fz_wm.l(fretinf.o)
    0x0800727a   0x0800727a   0x00000000   Code   RO         8727    x$fpl$usenofp       fz_wm.l(usenofp.o)
    0x0800727a   0x0800727a   0x00000818   Data   RO          474    .constdata          task_hci.o
    0x08007a92   0x08007a92   0x00000122   Data   RO         7821    .constdata          kservice.o
    0x08007bb4   0x08007bb4   0x00000018   Data   RO         1258    .constdata__ZTV10UART0_F450  uart_f450.o
    0x08007bcc   0x08007bcc   0x00000018   Data   RO         1260    .constdata__ZTV10UART1_F450  uart_f450.o
    0x08007be4   0x08007be4   0x00000018   Data   RO         1262    .constdata__ZTV10UART2_F450  uart_f450.o
    0x08007bfc   0x08007bfc   0x00000020   Data   RO          884    .constdata__ZTV2IO  io_f450.o
    0x08007c1c   0x08007c1c   0x00000010   Data   RO          718    .constdata__ZTV3ADC  bsp_f450.o
    0x08007c2c   0x08007c2c   0x00000018   Data   RO          720    .constdata__ZTV3TIM  bsp_f450.o
    0x08007c44   0x08007c44   0x00000018   Data   RO          716    .constdata__ZTV4UART  bsp_f450.o
    0x08007c5c   0x08007c5c   0x00000020   Data   RO          882    .constdata__ZTV7IO_F450  io_f450.o
    0x08007c7c   0x08007c7c   0x00000010   Data   RO          968    .constdata__ZTV9ADC0_F450  adc_f450.o
    0x08007c8c   0x08007c8c   0x00000018   Data   RO         1059    .constdata__ZTV9TIM0_F450  tim_f450.o
    0x08007ca4   0x08007ca4   0x00000018   Data   RO         1055    .constdata__ZTV9TIM2_F450  tim_f450.o
    0x08007cbc   0x08007cbc   0x00000018   Data   RO         1057    .constdata__ZTV9TIM3_F450  tim_f450.o
    0x08007cd4   0x08007cd4   0x00000018   Data   RO         1053    .constdata__ZTV9TIM8_F450  tim_f450.o
    0x08007cec   0x08007cec   0x00000004   Data   RO         7536    .rti_fn.0           components.o
    0x08007cf0   0x08007cf0   0x00000004   Data   RO         7537    .rti_fn.0.end       components.o
    0x08007cf4   0x08007cf4   0x00000004   Data   RO         7538    .rti_fn.1.end       components.o
    0x08007cf8   0x08007cf8   0x00000004   Data   RO         7539    .rti_fn.6.end       components.o
    0x08007cfc   0x08007cfc   0x00000020   Data   RO         8950    Region$$Table       anon$$obj.o
    0x08007d1c   0x08007d1c   0x00000004   Data   RO           10    .init_array         main.o
    0x08007d20   0x08007d1c   0x00000000   Data   RO         8419    .init_array         c_w.l(init_aeabi.o)


    Execution Region RW_IRAM1 (Exec base: 0x20000000, Load base: 0x08007d20, Size: 0x00006ff0, Max: 0x00030000, ABSOLUTE, COMPRESSED[0x000001f4])

    Exec Addr    Load Addr    Size         Type   Attr      Idx    E Section Name        Object

    0x20000000   COMPRESSED   0x0000000c   Data   RW            9    .data               main.o
    0x2000000c   COMPRESSED   0x0000001c   Data   RW          307    .data               task_mpu.o
    0x20000028   COMPRESSED   0x00000f96   Data   RW          614    .data               task_gyz.o
    0x20000fbe   COMPRESSED   0x00000001   Data   RW          997    .data               tim_f450.o
    0x20000fbf   COMPRESSED   0x00000001   PAD
    0x20000fc0   COMPRESSED   0x00000004   Data   RW         1726    .data               system_gd32f4xx.o
    0x20000fc4   COMPRESSED   0x00000010   Data   RW         7454    .data               cpuport.o
    0x20000fd4   COMPRESSED   0x00000004   Data   RW         7493    .data               clock.o
    0x20000fd8   COMPRESSED   0x00000001   Data   RW         7772    .data               irq.o
    0x20000fd9   COMPRESSED   0x00000003   PAD
    0x20000fdc   COMPRESSED   0x00000018   Data   RW         7962    .data               mem.o
    0x20000ff4   COMPRESSED   0x00000040   Data   RW         8023    .data               object.o
    0x20001034   COMPRESSED   0x00000018   Data   RW         8107    .data               scheduler.o
    0x2000104c   COMPRESSED   0x0000000c   Data   RW         8314    .data               timer.o
    0x20001058        -       0x000000a0   Zero   RW            8    .bss                main.o
    0x200010f8        -       0x00003c00   Zero   RW         7391    .bss                board.o
    0x20004cf8        -       0x00000178   Zero   RW         7598    .bss                idle.o
    0x20004e70        -       0x00000020   Zero   RW         7961    .bss                mem.o
    0x20004e90        -       0x00000100   Zero   RW         8106    .bss                scheduler.o
    0x20004f90        -       0x00000060   Zero   RW         8729    .bss                c_w.l(libspace.o)
    0x20004ff0        -       0x00001000   Zero   RW         1766    HEAP                startup_gd32f450.o
    0x20005ff0        -       0x00001000   Zero   RW         1765    STACK               startup_gd32f450.o


==============================================================================

Image component sizes


      Code (inc. data)   RO Data    RW Data    ZI Data      Debug   Object Name

       820         34         16          0          0       1304   adc_f450.o
        74          8          0          0      15360       8037   board.o
       652         58         64          0          0      13260   bsp_f450.o
       116         12          0          4          0       1804   clock.o
       186         30         16          0          0       6076   components.o
       308         28          0          0          0        896   context_rvds.o
       124         10          0         16          0       4082   cpuport.o
       654         16          0          0          0       8886   gd32f4xx_adc.o
      1408          4          0          0          0       9279   gd32f4xx_dma.o
       268          0          0          0          0       4504   gd32f4xx_gpio.o
       298         44          0          0          0      73601   gd32f4xx_it.o
       216         20          0          0          0       1512   gd32f4xx_misc.o
       436         44          0          0          0       4271   gd32f4xx_rcu.o
      1824         52          0          0          0      12845   gd32f4xx_timer.o
       590         18          0          0          0       7526   gd32f4xx_usart.o
       164         26          0          0        376       5146   idle.o
       278         24         64          0          0       6528   io_f450.o
       418          0          0          0          0       8557   ipc.o
        64         12          0          1          0       1606   irq.o
       202          6        290          0          0       5404   kservice.o
       260         54          4         12        160      28246   main.o
       780         92          0         24         32       3948   mem.o
       326          4          0         64          0       8396   object.o
       154          0          0          0          0       4180   os.o
        68         22          0          0          0       2017   os_timer.o
       526         90          0         24        256       8650   scheduler.o
        64         26        428          0       8192        944   startup_gd32f450.o
       460         28          0          4          0       2771   system_gd32f4xx.o
       120         14          0          0          0      31184   systick.o
       276         42          0       3990          0       2947   task_gyz.o
      4924        268       2072          0          0      12789   task_hci.o
       780         44          0          0          0       1660   task_motor.o
      1400         80          0         28          0      10901   task_mpu.o
       904         44          0          0          0      13475   thread.o
      1548         86         96          1          0      26978   tim_f450.o
       864         24          0         12          0      12766   timer.o
      1960        106         72          0          0      20528   uart_f450.o

    ----------------------------------------------------------------------
     24558       1470       3154       4184      24376     377504   Object Totals
         0          0         32          0          0          0   (incl. Generated)
        44          0          0          4          0          0   (incl. Padding)

    ----------------------------------------------------------------------

      Code (inc. data)   RO Data    RW Data    ZI Data      Debug   Library Member Name

       100          0          0          0          0          0   __dclz77c.o
         8          0          0          0          0         68   __main.o
         0          0          0          0          0          0   __rtentry.o
        12          0          0          0          0          0   __rtentry2.o
         6          0          0          0          0          0   __rtentry4.o
        52          8          0          0          0          0   __scatter.o
        28          0          0          0          0          0   __scatter_zi.o
        22          0          0          0          0        100   _rserrno.o
        22          0          0          0          0         80   abort.o
        48         34          0          0          0         76   defsig_abrt_inner.o
        14          0          0          0          0         80   defsig_abrt_outer.o
        10          0          0          0          0         68   defsig_exit.o
        50          0          0          0          0         88   defsig_general.o
        80         58          0          0          0         76   defsig_rtmem_inner.o
        14          0          0          0          0         80   defsig_rtmem_outer.o
        18          0          0          0          0         80   exit.o
        94          0          0          0          0         80   h1_alloc.o
        52          0          0          0          0         68   h1_extend.o
        78          0          0          0          0         80   h1_free.o
        14          0          0          0          0         84   h1_init.o
         6          0          0          0          0        152   heapauxi.o
         4          0          0          0          0        136   hguard.o
         0          0          0          0          0          0   indicate_semi.o
        36         10          0          0          0         80   init_aeabi.o
       138          0          0          0          0        168   init_alloc.o
         2          0          0          0          0          0   libinit.o
        18          0          0          0          0          0   libinit2.o
         2          0          0          0          0          0   libshutdown.o
         2          0          0          0          0          0   libshutdown2.o
         8          4          0          0         96         68   libspace.o
         0          0          0          0          0          0   maybetermalloc1.o
         8          4          0          0          0         68   rt_eh_globals_addr_intlibspace.o
         8          4          0          0          0         68   rt_errno_addr_intlibspace.o
         8          4          0          0          0         68   rt_heap_descriptor_intlibspace.o
        78          0          0          0          0         80   rt_memclr_w.o
       100          0          0          0          0         80   rt_memcpy_w.o
         8          4          0          0          0         68   rt_new_handler_addr_intlibspace.o
         2          0          0          0          0          0   rtexit.o
        10          0          0          0          0          0   rtexit2.o
        12          4          0          0          0         68   sys_exit.o
        74          0          0          0          0         80   sys_stackheap_outer.o
        14          0          0          0          0         76   sys_wrch.o
         2          0          0          0          0         68   use_no_semi.o
        80         12          0          0          0        104   arm_exceptions_globs.o
        60          0          0          0          0        108   arm_exceptions_mem.o
        26          0          0          0          0         76   arm_exceptions_terminate.o
         4          0          0          0          0         68   arm_newhandler_noexceptions.o
        40          6          0          0          0         76   new.o
        98          4          0          0          0        140   d2f.o
       804         16          0          0          0        368   daddsub_clz.o
        24          0          0          0          0        116   dcmpi.o
       688        140          0          0          0        256   ddiv.o
        94          4          0          0          0        140   dfix.o
        84          0          0          0          0        232   dflt_clz.o
       120          4          0          0          0        140   dleqf.o
       340         12          0          0          0        152   dmul.o
       156          4          0          0          0        140   dnaninf.o
        12          0          0          0          0        116   dretinf.o
       108          0          0          0          0        128   drleqf.o
        86          4          0          0          0        132   f2d.o
       140          4          0          0          0        132   fnaninf.o
        10          0          0          0          0        116   fpinit.o
        10          0          0          0          0        116   fretinf.o
         0          0          0          0          0          0   usenofp.o
        58          0          0          0          0        136   sqrtf.o

    ----------------------------------------------------------------------
      4320        344          0          0         96       5428   Library Totals
        16          0          0          0          0          0   (incl. Padding)

    ----------------------------------------------------------------------

      Code (inc. data)   RO Data    RW Data    ZI Data      Debug   Library Name

      1262        134          0          0         96       2436   c_w.l
       210         18          0          0          0        432   cpprt_w.l
      2774        192          0          0          0       2424   fz_wm.l
        58          0          0          0          0        136   m_wm.l

    ----------------------------------------------------------------------
      4320        344          0          0         96       5428   Library Totals

    ----------------------------------------------------------------------

==============================================================================


      Code (inc. data)   RO Data    RW Data    ZI Data      Debug   

     28878       1814       3154       4184      24472     352920   Grand Totals
     28878       1814       3154        500      24472     352920   ELF Image Totals (compressed)
     28878       1814       3154        500          0          0   ROM Totals

==============================================================================

    Total RO  Size (Code + RO Data)                32032 (  31.28kB)
    Total RW  Size (RW Data + ZI Data)             28656 (  27.98kB)
    Total ROM Size (Code + RO Data + RW Data)      32532 (  31.77kB)

==============================================================================

